Component: ARM Compiler 6.13.1 Tool: armlink [5d895400]

==============================================================================

Section Cross References

    startup_stm32f407xx.o(RESET) refers to startup_stm32f407xx.o(STACK) for __initial_sp
    startup_stm32f407xx.o(RESET) refers to startup_stm32f407xx.o(.text) for Reset_Handler
    startup_stm32f407xx.o(RESET) refers to stm32f4xx_it.o(.text.NMI_Handler) for NMI_Handler
    startup_stm32f407xx.o(RESET) refers to stm32f4xx_it.o(.text.HardFault_Handler) for HardFault_Handler
    startup_stm32f407xx.o(RESET) refers to stm32f4xx_it.o(.text.MemManage_Handler) for MemManage_Handler
    startup_stm32f407xx.o(RESET) refers to stm32f4xx_it.o(.text.BusFault_Handler) for BusFault_Handler
    startup_stm32f407xx.o(RESET) refers to stm32f4xx_it.o(.text.UsageFault_Handler) for UsageFault_Handler
    startup_stm32f407xx.o(RESET) refers to stm32f4xx_it.o(.text.SVC_Handler) for SVC_Handler
    startup_stm32f407xx.o(RESET) refers to stm32f4xx_it.o(.text.DebugMon_Handler) for DebugMon_Handler
    startup_stm32f407xx.o(RESET) refers to stm32f4xx_it.o(.text.PendSV_Handler) for PendSV_Handler
    startup_stm32f407xx.o(RESET) refers to stm32f4xx_it.o(.text.SysTick_Handler) for SysTick_Handler
    startup_stm32f407xx.o(RESET) refers to stm32f4xx_it.o(.text.USART1_IRQHandler) for USART1_IRQHandler
    startup_stm32f407xx.o(RESET) refers to stm32f4xx_it.o(.text.DMA2_Stream0_IRQHandler) for DMA2_Stream0_IRQHandler
    startup_stm32f407xx.o(.text) refers to system_stm32f4xx.o(.text.SystemInit) for SystemInit
    startup_stm32f407xx.o(.text) refers to entry.o(.ARM.Collect$$$$00000000) for __main
    main.o(.text.main) refers to stm32f4xx_hal.o(.text.HAL_Init) for HAL_Init
    main.o(.text.main) refers to main.o(.text.SystemClock_Config) for SystemClock_Config
    main.o(.text.main) refers to gpio.o(.text.MX_GPIO_Init) for MX_GPIO_Init
    main.o(.text.main) refers to dma.o(.text.MX_DMA_Init) for MX_DMA_Init
    main.o(.text.main) refers to spi.o(.text.MX_SPI1_Init) for MX_SPI1_Init
    main.o(.text.main) refers to adc.o(.text.MX_ADC1_Init) for MX_ADC1_Init
    main.o(.text.main) refers to tim.o(.text.MX_TIM3_Init) for MX_TIM3_Init
    main.o(.text.main) refers to usart.o(.text.MX_USART1_UART_Init) for MX_USART1_UART_Init
    main.o(.text.main) refers to sdio.o(.text.MX_SDIO_SD_Init) for MX_SDIO_SD_Init
    main.o(.text.main) refers to fatfs.o(.text.MX_FATFS_Init) for MX_FATFS_Init
    main.o(.text.main) refers to spi.o(.text.Lcd_Init) for Lcd_Init
    main.o(.text.main) refers to spi.o(.text.Lcd_Clear) for Lcd_Clear
    main.o(.text.main) refers to user_main.o(.text.User_main) for User_main
    main.o(.ARM.exidx.text.main) refers to main.o(.text.main) for [Anonymous Symbol]
    main.o(.text.SystemClock_Config) refers to stm32f4xx_hal_rcc.o(.text.HAL_RCC_OscConfig) for HAL_RCC_OscConfig
    main.o(.text.SystemClock_Config) refers to stm32f4xx_hal_rcc.o(.text.HAL_RCC_ClockConfig) for HAL_RCC_ClockConfig
    main.o(.ARM.exidx.text.SystemClock_Config) refers to main.o(.text.SystemClock_Config) for [Anonymous Symbol]
    main.o(.ARM.exidx.text.Error_Handler) refers to main.o(.text.Error_Handler) for [Anonymous Symbol]
    gpio.o(.text.MX_GPIO_Init) refers to stm32f4xx_hal_gpio.o(.text.HAL_GPIO_WritePin) for HAL_GPIO_WritePin
    gpio.o(.text.MX_GPIO_Init) refers to stm32f4xx_hal_gpio.o(.text.HAL_GPIO_Init) for HAL_GPIO_Init
    gpio.o(.ARM.exidx.text.MX_GPIO_Init) refers to gpio.o(.text.MX_GPIO_Init) for [Anonymous Symbol]
    adc.o(.text.MX_ADC1_Init) refers to adc.o(.bss.hadc1) for hadc1
    adc.o(.text.MX_ADC1_Init) refers to stm32f4xx_hal_adc.o(.text.HAL_ADC_Init) for HAL_ADC_Init
    adc.o(.text.MX_ADC1_Init) refers to main.o(.text.Error_Handler) for Error_Handler
    adc.o(.text.MX_ADC1_Init) refers to stm32f4xx_hal_adc.o(.text.HAL_ADC_ConfigChannel) for HAL_ADC_ConfigChannel
    adc.o(.ARM.exidx.text.MX_ADC1_Init) refers to adc.o(.text.MX_ADC1_Init) for [Anonymous Symbol]
    adc.o(.text.HAL_ADC_MspInit) refers to memseta.o(.text) for __aeabi_memclr4
    adc.o(.text.HAL_ADC_MspInit) refers to stm32f4xx_hal_gpio.o(.text.HAL_GPIO_Init) for HAL_GPIO_Init
    adc.o(.text.HAL_ADC_MspInit) refers to adc.o(.bss.hdma_adc1) for hdma_adc1
    adc.o(.text.HAL_ADC_MspInit) refers to stm32f4xx_hal_dma.o(.text.HAL_DMA_Init) for HAL_DMA_Init
    adc.o(.text.HAL_ADC_MspInit) refers to main.o(.text.Error_Handler) for Error_Handler
    adc.o(.ARM.exidx.text.HAL_ADC_MspInit) refers to adc.o(.text.HAL_ADC_MspInit) for [Anonymous Symbol]
    adc.o(.text.HAL_ADC_MspDeInit) refers to stm32f4xx_hal_gpio.o(.text.HAL_GPIO_DeInit) for HAL_GPIO_DeInit
    adc.o(.text.HAL_ADC_MspDeInit) refers to stm32f4xx_hal_dma.o(.text.HAL_DMA_DeInit) for HAL_DMA_DeInit
    adc.o(.ARM.exidx.text.HAL_ADC_MspDeInit) refers to adc.o(.text.HAL_ADC_MspDeInit) for [Anonymous Symbol]
    dma.o(.text.MX_DMA_Init) refers to stm32f4xx_hal_cortex.o(.text.HAL_NVIC_SetPriority) for HAL_NVIC_SetPriority
[...]
    [Anonymous Symbol]                       0x08005d50   Section        0  diskio.o(.text.disk_initialize)
    [Anonymous Symbol]                       0x08005d72   Section        0  diskio.o(.text.disk_ioctl)
    [Anonymous Symbol]                       0x08005d88   Section        0  diskio.o(.text.disk_read)
    [Anonymous Symbol]                       0x08005da8   Section        0  diskio.o(.text.disk_status)
    [Anonymous Symbol]                       0x08005dbe   Section        0  diskio.o(.text.disk_write)
    [Anonymous Symbol]                       0x08005dde   Section        0  ff.o(.text.f_close)
    [Anonymous Symbol]                       0x08005e34   Section        0  ff.o(.text.f_gets)
    [Anonymous Symbol]                       0x08005e94   Section        0  ff.o(.text.f_lseek)
    [Anonymous Symbol]                       0x08006104   Section        0  ff.o(.text.f_mount)
    [Anonymous Symbol]                       0x08006178   Section        0  ff.o(.text.f_open)
    [Anonymous Symbol]                       0x08006404   Section        0  ff.o(.text.f_read)
    [Anonymous Symbol]                       0x080065d2   Section        0  ff.o(.text.f_stat)
    [Anonymous Symbol]                       0x0800660c   Section        0  ff.o(.text.f_sync)
    [Anonymous Symbol]                       0x080066a8   Section        0  ff.o(.text.f_unlink)
    [Anonymous Symbol]                       0x0800675c   Section        0  ff.o(.text.f_write)
    find_volume                              0x08006949   Thumb Code   638  ff.o(.text.find_volume)
    [Anonymous Symbol]                       0x08006948   Section        0  ff.o(.text.find_volume)
    [Anonymous Symbol]                       0x08006bc8   Section        0  user_fft.o(.text.float2str)
    follow_path                              0x08006c19   Thumb Code   486  ff.o(.text.follow_path)
    [Anonymous Symbol]                       0x08006c18   Section        0  ff.o(.text.follow_path)
    [Anonymous Symbol]                       0x08006dfe   Section        0  user_uart.o(.text.fputc)
    get_fat                                  0x08006e23   Thumb Code   202  ff.o(.text.get_fat)
    [Anonymous Symbol]                       0x08006e22   Section        0  ff.o(.text.get_fat)
    [Anonymous Symbol]                       0x08006eec   Section        0  fatfs.o(.text.get_fattime)
    get_fileinfo                             0x08006ef1   Thumb Code   114  ff.o(.text.get_fileinfo)
    [Anonymous Symbol]                       0x08006ef0   Section        0  ff.o(.text.get_fileinfo)
    get_ldnumber                             0x08006f65   Thumb Code    66  ff.o(.text.get_ldnumber)
    [Anonymous Symbol]                       0x08006f64   Section        0  ff.o(.text.get_ldnumber)
    inc_lock                                 0x08006fa9   Thumb Code   126  ff.o(.text.inc_lock)
    [Anonymous Symbol]                       0x08006fa8   Section        0  ff.o(.text.inc_lock)
    [Anonymous Symbol]                       0x08007028   Section        0  main.o(.text.main)
    [Anonymous Symbol]                       0x08007064   Section        0  arm_rfft_fast_f32.o(.text.merge_rfft_f32)
    move_window                              0x08007117   Thumb Code    54  ff.o(.text.move_window)
    [Anonymous Symbol]                       0x08007116   Section        0  ff.o(.text.move_window)
    put_fat                                  0x0800714d   Thumb Code   246  ff.o(.text.put_fat)
    [Anonymous Symbol]                       0x0800714c   Section        0  ff.o(.text.put_fat)
    remove_chain                             0x08007245   Thumb Code   118  ff.o(.text.remove_chain)
    [Anonymous Symbol]                       0x08007244   Section        0  ff.o(.text.remove_chain)
    [Anonymous Symbol]                       0x080072bc   Section        0  arm_rfft_fast_f32.o(.text.stage_rfft_f32)
    sync_fs                                  0x08007375   Thumb Code   128  ff.o(.text.sync_fs)
    [Anonymous Symbol]                       0x08007374   Section        0  ff.o(.text.sync_fs)
    sync_window                              0x080073f5   Thumb Code   108  ff.o(.text.sync_window)
    [Anonymous Symbol]                       0x080073f4   Section        0  ff.o(.text.sync_window)
    validate                                 0x08007461   Thumb Code    48  ff.o(.text.validate)
    [Anonymous Symbol]                       0x08007460   Section        0  ff.o(.text.validate)
    i.__0printf                              0x08007490   Section        0  printfa.o(i.__0printf)
    i.__0sprintf                             0x080074b0   Section        0  printfa.o(i.__0sprintf)
    i.__hardfp_sqrtf                         0x080074d8   Section        0  sqrtf.o(i.__hardfp_sqrtf)
    i.__scatterload_copy                     0x08007512   Section       14  handlers.o(i.__scatterload_copy)
    i.__scatterload_null                     0x08007520   Section        2  handlers.o(i.__scatterload_null)
    i.__scatterload_zeroinit                 0x08007522   Section       14  handlers.o(i.__scatterload_zeroinit)
    i.__set_errno                            0x08007530   Section        0  errno.o(i.__set_errno)
    _fp_digits                               0x0800753d   Thumb Code   366  printfa.o(i._fp_digits)
    i._fp_digits                             0x0800753c   Section        0  printfa.o(i._fp_digits)
    _printf_core                             0x080076c1   Thumb Code  1744  printfa.o(i._printf_core)
    i._printf_core                           0x080076c0   Section        0  printfa.o(i._printf_core)
    _printf_post_padding                     0x08007d9d   Thumb Code    36  printfa.o(i._printf_post_padding)
    i._printf_post_padding                   0x08007d9c   Section        0  printfa.o(i._printf_post_padding)
    _printf_pre_padding                      0x08007dc1   Thumb Code    46  printfa.o(i._printf_pre_padding)
    i._printf_pre_padding                    0x08007dc0   Section        0  printfa.o(i._printf_pre_padding)
    _sputc                                   0x08007def   Thumb Code    10  printfa.o(i._sputc)
    i._sputc                                 0x08007dee   Section        0  printfa.o(i._sputc)
    i.puts                                   0x08007df8   Section        0  puts.o(i.puts)
    ExCvt                                    0x08007e34   Data         128  ff.o(.rodata.ExCvt)
    [Anonymous Symbol]                       0x08007e34   Section        0  ff.o(.rodata.ExCvt)
    DMA_CalcBaseAndBitshift.flagBitshiftOffset 0x080092c9   Data           8  stm32f4xx_hal_dma.o(.rodata.cst8)
    .Lstr.12                                 0x080092f3   Data          17  user_fft.o(.rodata.str1.1)
    [Anonymous Symbol]                       0x080092f3   Section        0  user_fft.o(.rodata.str1.1)
    .L.str.1                                 0x08009304   Data           4  user_fft.o(.rodata.str1.1)
    .L.str                                   0x08009308   Data           4  user_fft.o(.rodata.str1.1)
    .L.str.5                                 0x0800930c   Data          12  user_fft.o(.rodata.str1.1)
    .L.str.3                                 0x0800930f   Data           9  user_fft.o(.rodata.str1.1)
    .L.str                                   0x08009318   Data          12  ff.o(.rodata.str1.1)
    .L.str.3                                 0x08009318   Data          15  ff.o(.rodata.str1.1)
    [Anonymous Symbol]                       0x08009318   Section        0  ff.o(.rodata.str1.1)
    .L.str.1                                 0x08009324   Data          20  ff.o(.rodata.str1.1)
    .L__const.DeleteFile.String1             0x08009328   Data          24  user_fft.o(.rodata.str1.4)
    [Anonymous Symbol]                       0x08009328   Section        0  user_fft.o(.rodata.str1.4)
    .L.str.2                                 0x08009338   Data          20  ff.o(.rodata.str1.1)
    .data                                    0x20000000   Section        4  stdout.o(.data)
    _errno                                   0x20000004   Data           4  errno.o(.data)
    .data                                    0x20000004   Section        4  errno.o(.data)
    Stat                                     0x20000014   Data           1  sd_diskio.o(.data.Stat)
    [Anonymous Symbol]                       0x20000014   Section        0  sd_diskio.o(.data.Stat)
    FatFs                                    0x20003098   Data           4  ff.o(.bss.FatFs)
    [Anonymous Symbol]                       0x20003098   Section        0  ff.o(.bss.FatFs)
    Files                                    0x2000309c   Data          32  ff.o(.bss.Files)
    [Anonymous Symbol]                       0x2000309c   Section        0  ff.o(.bss.Files)
    Fsid                                     0x200030bc   Data           2  ff.o(.bss.Fsid)
    [Anonymous Symbol]                       0x200030bc   Section        0  ff.o(.bss.Fsid)
    STACK                                    0x20003760   Section    70000  startup_stm32f407xx.o(STACK)

    Global Symbols

    Symbol Name                              Value     Ov Type        Size  Object(Section)

    BuildAttributes$$THM_ISAv4$E$P$D$K$B$S$7EM$VFPi3$EXTD16$VFPS$VFMA$PE$A:L22UL41UL21$X:L11$S22US41US21$IEEE1$IW$~IW$USESV6$~STKCKD$USESV7$~SHL$OTIME$ROPI$IEEEJ$EBA8$MICROLIB$REQ8$PRES8$EABIv2 0x00000000   Number         0  anon$$obj.o ABSOLUTE
    _printf_a                                0x00000000   Number         0  printfstubs.o ABSOLUTE
    _printf_c                                0x00000000   Number         0  printfstubs.o ABSOLUTE
    _printf_charcount                        0x00000000   Number         0  printfstubs.o ABSOLUTE
    _printf_d                                0x00000000   Number         0  printfstubs.o ABSOLUTE
    _printf_e                                0x00000000   Number         0  printfstubs.o ABSOLUTE
    _printf_f                                0x00000000   Number         0  printfstubs.o ABSOLUTE
    _printf_flags                            0x00000000   Number         0  printfstubs.o ABSOLUTE
    _printf_fp_dec                           0x00000000   Number         0  printfstubs.o ABSOLUTE
    _printf_fp_hex                           0x00000000   Number         0  printfstubs.o ABSOLUTE
    _printf_g                                0x00000000   Number         0  printfstubs.o ABSOLUTE
    _printf_i                                0x00000000   Number         0  printfstubs.o ABSOLUTE
    _printf_int_dec                          0x00000000   Number         0  printfstubs.o ABSOLUTE
    _printf_l                                0x00000000   Number         0  printfstubs.o ABSOLUTE
    _printf_lc                               0x00000000   Number         0  printfstubs.o ABSOLUTE
    _printf_ll                               0x00000000   Number         0  printfstubs.o ABSOLUTE
    _printf_lld                              0x00000000   Number         0  printfstubs.o ABSOLUTE
    _printf_lli                              0x00000000   Number         0  printfstubs.o ABSOLUTE
    _printf_llo                              0x00000000   Number         0  printfstubs.o ABSOLUTE
    _printf_llu                              0x00000000   Number         0  printfstubs.o ABSOLUTE
    _printf_llx                              0x00000000   Number         0  printfstubs.o ABSOLUTE
    _printf_longlong_dec                     0x00000000   Number         0  printfstubs.o ABSOLUTE
    _printf_longlong_hex                     0x00000000   Number         0  printfstubs.o ABSOLUTE
    _printf_longlong_oct                     0x00000000   Number         0  printfstubs.o ABSOLUTE
    _printf_ls                               0x00000000   Number         0  printfstubs.o ABSOLUTE
    _printf_mbtowc                           0x00000000   Number         0  printfstubs.o ABSOLUTE
    _printf_n                                0x00000000   Number         0  printfstubs.o ABSOLUTE
    _printf_o                                0x00000000   Number         0  printfstubs.o ABSOLUTE
    _printf_p                                0x00000000   Number         0  printfstubs.o ABSOLUTE
    _printf_percent                          0x00000000   Number         0  printfstubs.o ABSOLUTE
    _printf_pre_padding                      0x00000000   Number         0  printfstubs.o ABSOLUTE
    _printf_return_value                     0x00000000   Number         0  printfstubs.o ABSOLUTE
    _printf_s                                0x00000000   Number         0  printfstubs.o ABSOLUTE
    _printf_sizespec                         0x00000000   Number         0  printfstubs.o ABSOLUTE
    _printf_str                              0x00000000   Number         0  printfstubs.o ABSOLUTE
    _printf_truncate_signed                  0x00000000   Number         0  printfstubs.o ABSOLUTE
    _printf_truncate_unsigned                0x00000000   Number         0  printfstubs.o ABSOLUTE
    _printf_u                                0x00000000   Number         0  printfstubs.o ABSOLUTE
    _printf_wc                               0x00000000   Number         0  printfstubs.o ABSOLUTE
    _printf_wctomb                           0x00000000   Number         0  printfstubs.o ABSOLUTE
    _printf_widthprec                        0x00000000   Number         0  printfstubs.o ABSOLUTE
    _printf_x                                0x00000000   Number         0  printfstubs.o ABSOLUTE
    __cpp_initialize__aeabi_                  - Undefined Weak Reference
    __cxa_finalize                            - Undefined Weak Reference
    __decompress                              - Undefined Weak Reference
    _clock_init                               - Undefined Weak Reference
    _microlib_exit                            - Undefined Weak Reference
    __Vectors_Size                           0x00000188   Number         0  startup_stm32f407xx.o ABSOLUTE
    __Vectors                                0x08000000   Data           4  startup_stm32f407xx.o(RESET)
    __Vectors_End                            0x08000188   Data           0  startup_stm32f407xx.o(RESET)
    __main                                   0x08000189   Thumb Code     0  entry.o(.ARM.Collect$$$$00000000)
    _main_stk                                0x08000189   Thumb Code     0  entry2.o(.ARM.Collect$$$$00000001)
    _main_scatterload                        0x0800018d   Thumb Code     0  entry5.o(.ARM.Collect$$$$00000004)
    __main_after_scatterload                 0x08000191   Thumb Code     0  entry5.o(.ARM.Collect$$$$00000004)
    _main_clock                              0x08000191   Thumb Code     0  entry7b.o(.ARM.Collect$$$$00000008)
    _main_cpp_init                           0x08000191   Thumb Code     0  entry8b.o(.ARM.Collect$$$$0000000A)
    _main_init                               0x08000191   Thumb Code     0  entry9a.o(.ARM.Collect$$$$0000000B)
    __rt_final_cpp                           0x08000199   Thumb Code     0  entry10a.o(.ARM.Collect$$$$0000000D)
    __rt_final_exit                          0x08000199   Thumb Code     0  entry11a.o(.ARM.Collect$$$$0000000F)
    Reset_Handler                            0x0800019d   Thumb Code     8  startup_stm32f407xx.o(.text)
    ADC_IRQHandler                           0x080001b7   Thumb Code     0  startup_stm32f407xx.o(.text)
    CAN1_RX0_IRQHandler                      0x080001b7   Thumb Code     0  startup_stm32f407xx.o(.text)
    CAN1_RX1_IRQHandler                      0x080001b7   Thumb Code     0  startup_stm32f407xx.o(.text)
    CAN1_SCE_IRQHandler                      0x080001b7   Thumb Code     0  startup_stm32f407xx.o(.text)
    CAN1_TX_IRQHandler                       0x080001b7   Thumb Code     0  startup_stm32f407xx.o(.text)
    CAN2_RX0_IRQHandler                      0x080001b7   Thumb Code     0  startup_stm32f407xx.o(.text)
    CAN2_RX1_IRQHandler                      0x080001b7   Thumb Code     0  startup_stm32f407xx.o(.text)
    CAN2_SCE_IRQHandler                      0x080001b7   Thumb Code     0  startup_stm32f407xx.o(.text)
    CAN2_TX_IRQHandler                       0x080001b7   Thumb Code     0  startup_stm32f407xx.o(.text)
    DCMI_IRQHandler                          0x080001b7   Thumb Code     0  startup_stm32f407xx.o(.text)
    DMA1_Stream0_IRQHandler                  0x080001b7   Thumb Code     0  startup_stm32f407xx.o(.text)
    DMA1_Stream1_IRQHandler                  0x080001b7   Thumb Code     0  startup_stm32f407xx.o(.text)
    DMA1_Stream2_IRQHandler                  0x080001b7   Thumb Code     0  startup_stm32f407xx.o(.text)
    DMA1_Stream3_IRQHandler                  0x080001b7   Thumb Code     0  startup_stm32f407xx.o(.text)
    DMA1_Stream4_IRQHandler                  0x080001b7   Thumb Code     0  startup_stm32f407xx.o(.text)
    DMA1_Stream5_IRQHandler                  0x080001b7   Thumb Code     0  startup_stm32f407xx.o(.text)
    DMA1_Stream6_IRQHandler                  0x080001b7   Thumb Code     0  startup_stm32f407xx.o(.text)
    DMA1_Stream7_IRQHandler                  0x080001b7   Thumb Code     0  startup_stm32f407xx.o(.text)
    DMA2_Stream1_IRQHandler                  0x080001b7   Thumb Code     0  startup_stm32f407xx.o(.text)
    DMA2_Stream2_IRQHandler                  0x080001b7   Thumb Code     0  startup_stm32f407xx.o(.text)
    DMA2_Stream3_IRQHandler                  0x080001b7   Thumb Code     0  startup_stm32f407xx.o(.text)
    DMA2_Stream4_IRQHandler                  0x080001b7   Thumb Code     0  startup_stm32f407xx.o(.text)
    DMA2_Stream5_IRQHandler                  0x080001b7   Thumb Code     0  startup_stm32f407xx.o(.text)
    DMA2_Stream6_IRQHandler                  0x080001b7   Thumb Code     0  startup_stm32f407xx.o(.text)
    DMA2_Stream7_IRQHandler                  0x080001b7   Thumb Code     0  startup_stm32f407xx.o(.text)
    ETH_IRQHandler                           0x080001b7   Thumb Code     0  startup_stm32f407xx.o(.text)
    ETH_WKUP_IRQHandler                      0x080001b7   Thumb Code     0  startup_stm32f407xx.o(.text)
    EXTI0_IRQHandler                         0x080001b7   Thumb Code     0  startup_stm32f407xx.o(.text)
    EXTI15_10_IRQHandler                     0x080001b7   Thumb Code     0  startup_stm32f407xx.o(.text)
    EXTI1_IRQHandler                         0x080001b7   Thumb Code     0  startup_stm32f407xx.o(.text)
    EXTI2_IRQHandler                         0x080001b7   Thumb Code     0  startup_stm32f407xx.o(.text)
    EXTI3_IRQHandler                         0x080001b7   Thumb Code     0  startup_stm32f407xx.o(.text)
    EXTI4_IRQHandler                         0x080001b7   Thumb Code     0  startup_stm32f407xx.o(.text)
    EXTI9_5_IRQHandler                       0x080001b7   Thumb Code     0  startup_stm32f407xx.o(.text)
    FLASH_IRQHandler                         0x080001b7   Thumb Code     0  startup_stm32f407xx.o(.text)
    FMC_IRQHandler                           0x080001b7   Thumb Code     0  startup_stm32f407xx.o(.text)
    FPU_IRQHandler                           0x080001b7   Thumb Code     0  startup_stm32f407xx.o(.text)
    HASH_RNG_IRQHandler                      0x080001b7   Thumb Code     0  startup_stm32f407xx.o(.text)
    I2C1_ER_IRQHandler                       0x080001b7   Thumb Code     0  startup_stm32f407xx.o(.text)
    I2C1_EV_IRQHandler                       0x080001b7   Thumb Code     0  startup_stm32f407xx.o(.text)
    I2C2_ER_IRQHandler                       0x080001b7   Thumb Code     0  startup_stm32f407xx.o(.text)
    I2C2_EV_IRQHandler                       0x080001b7   Thumb Code     0  startup_stm32f407xx.o(.text)
    I2C3_ER_IRQHandler                       0x080001b7   Thumb Code     0  startup_stm32f407xx.o(.text)
    I2C3_EV_IRQHandler                       0x080001b7   Thumb Code     0  startup_stm32f407xx.o(.text)
    OTG_FS_IRQHandler                        0x080001b7   Thumb Code     0  startup_stm32f407xx.o(.text)
    OTG_FS_WKUP_IRQHandler                   0x080001b7   Thumb Code     0  startup_stm32f407xx.o(.text)
    OTG_HS_EP1_IN_IRQHandler                 0x080001b7   Thumb Code     0  startup_stm32f407xx.o(.text)
    OTG_HS_EP1_OUT_IRQHandler                0x080001b7   Thumb Code     0  startup_stm32f407xx.o(.text)
    OTG_HS_IRQHandler                        0x080001b7   Thumb Code     0  startup_stm32f407xx.o(.text)
    OTG_HS_WKUP_IRQHandler                   0x080001b7   Thumb Code     0  startup_stm32f407xx.o(.text)
    PVD_IRQHandler                           0x080001b7   Thumb Code     0  startup_stm32f407xx.o(.text)
    RCC_IRQHandler                           0x080001b7   Thumb Code     0  startup_stm32f407xx.o(.text)
    RTC_Alarm_IRQHandler                     0x080001b7   Thumb Code     0  startup_stm32f407xx.o(.text)
    RTC_WKUP_IRQHandler                      0x080001b7   Thumb Code     0  startup_stm32f407xx.o(.text)
    SDIO_IRQHandler                          0x080001b7   Thumb Code     0  startup_stm32f407xx.o(.text)
    SPI1_IRQHandler                          0x080001b7   Thumb Code     0  startup_stm32f407xx.o(.text)
    SPI2_IRQHandler                          0x080001b7   Thumb Code     0  startup_stm32f407xx.o(.text)
    SPI3_IRQHandler                          0x080001b7   Thumb Code     0  startup_stm32f407xx.o(.text)
    TAMP_STAMP_IRQHandler                    0x080001b7   Thumb Code     0  startup_stm32f407xx.o(.text)
    TIM1_BRK_TIM9_IRQHandler                 0x080001b7   Thumb Code     0  startup_stm32f407xx.o(.text)
    TIM1_CC_IRQHandler                       0x080001b7   Thumb Code     0  startup_stm32f407xx.o(.text)
    TIM1_TRG_COM_TIM11_IRQHandler            0x080001b7   Thumb Code     0  startup_stm32f407xx.o(.text)
    TIM1_UP_TIM10_IRQHandler                 0x080001b7   Thumb Code     0  startup_stm32f407xx.o(.text)
    TIM2_IRQHandler                          0x080001b7   Thumb Code     0  startup_stm32f407xx.o(.text)
    TIM3_IRQHandler                          0x080001b7   Thumb Code     0  startup_stm32f407xx.o(.text)
    TIM4_IRQHandler                          0x080001b7   Thumb Code     0  startup_stm32f407xx.o(.text)
    TIM5_IRQHandler                          0x080001b7   Thumb Code     0  startup_stm32f407xx.o(.text)
    TIM6_DAC_IRQHandler                      0x080001b7   Thumb Code     0  startup_stm32f407xx.o(.text)
    TIM7_IRQHandler                          0x080001b7   Thumb Code     0  startup_stm32f407xx.o(.text)
    TIM8_BRK_TIM12_IRQHandler                0x080001b7   Thumb Code     0  startup_stm32f407xx.o(.text)
    TIM8_CC_IRQHandler                       0x080001b7   Thumb Code     0  startup_stm32f407xx.o(.text)
    TIM8_TRG_COM_TIM14_IRQHandler            0x080001b7   Thumb Code     0  startup_stm32f407xx.o(.text)
    TIM8_UP_TIM13_IRQHandler                 0x080001b7   Thumb Code     0  startup_stm32f407xx.o(.text)
    UART4_IRQHandler                         0x080001b7   Thumb Code     0  startup_stm32f407xx.o(.text)
    UART5_IRQHandler                         0x080001b7   Thumb Code     0  startup_stm32f407xx.o(.text)
    USART2_IRQHandler                        0x080001b7   Thumb Code     0  startup_stm32f407xx.o(.text)
    USART3_IRQHandler                        0x080001b7   Thumb Code     0  startup_stm32f407xx.o(.text)
    USART6_IRQHandler                        0x080001b7   Thumb Code     0  startup_stm32f407xx.o(.text)
    WWDG_IRQHandler                          0x080001b7   Thumb Code     0  startup_stm32f407xx.o(.text)
    __aeabi_uldivmod                         0x080001c1   Thumb Code    98  uldiv.o(.text)
    __aeabi_memset                           0x08000223   Thumb Code    14  memseta.o(.text)
    __aeabi_memset4                          0x08000223   Thumb Code     0  memseta.o(.text)
    __aeabi_memset8                          0x08000223   Thumb Code     0  memseta.o(.text)
    __aeabi_memclr                           0x08000231   Thumb Code     4  memseta.o(.text)
    __aeabi_memclr4                          0x08000231   Thumb Code     0  memseta.o(.text)
    __aeabi_memclr8                          0x08000231   Thumb Code     0  memseta.o(.text)
    _memset$wrapper                          0x08000235   Thumb Code    18  memseta.o(.text)
    strlen                                   0x08000247   Thumb Code    14  strlen.o(.text)
    __aeabi_dadd                             0x08000255   Thumb Code   322  dadd.o(.text)
    __aeabi_dsub                             0x08000397   Thumb Code     6  dadd.o(.text)
    __aeabi_drsub                            0x0800039d   Thumb Code     6  dadd.o(.text)
    __aeabi_dmul                             0x080003a3   Thumb Code   228  dmul.o(.text)
    __aeabi_ddiv                             0x08000487   Thumb Code   222  ddiv.o(.text)
    __aeabi_i2d                              0x08000565   Thumb Code    34  dflti.o(.text)
    __aeabi_ui2d                             0x08000587   Thumb Code    26  dfltui.o(.text)
    __aeabi_d2iz                             0x080005a1   Thumb Code    62  dfixi.o(.text)
    __aeabi_f2d                              0x080005df   Thumb Code    38  f2d.o(.text)
    __aeabi_d2f                              0x08000605   Thumb Code    56  d2f.o(.text)
    __aeabi_uidiv                            0x0800063d   Thumb Code     0  uidiv.o(.text)
    __aeabi_uidivmod                         0x0800063d   Thumb Code    44  uidiv.o(.text)
    __aeabi_llsl                             0x08000669   Thumb Code    30  llshl.o(.text)
    _ll_shift_l                              0x08000669   Thumb Code     0  llshl.o(.text)
    __aeabi_llsr                             0x08000687   Thumb Code    32  llushr.o(.text)
    _ll_ushift_r                             0x08000687   Thumb Code     0  llushr.o(.text)
    __aeabi_lasr                             0x080006a7   Thumb Code    36  llsshr.o(.text)
    _ll_sshift_r                             0x080006a7   Thumb Code     0  llsshr.o(.text)
    __I$use$fp                               0x080006cb   Thumb Code     0  iusefp.o(.text)
    _float_round                             0x080006cb   Thumb Code    18  fepilogue.o(.text)
    _float_epilogue                          0x080006dd   Thumb Code    92  fepilogue.o(.text)
    _double_round                            0x08000739   Thumb Code    30  depilogue.o(.text)
    _double_epilogue                         0x08000757   Thumb Code   156  depilogue.o(.text)
    __aeabi_d2ulz                            0x080007f3   Thumb Code    48  dfixul.o(.text)
    __aeabi_cdrcmple                         0x08000825   Thumb Code    48  cdrcmple.o(.text)
    __scatterload                            0x08000855   Thumb Code    28  init.o(.text)
    __scatterload_rt2                        0x08000855   Thumb Code     0  init.o(.text)
    BSP_SD_GetCardInfo                       0x080008f7   Thumb Code    14  bsp_driver_sd.o(.text.BSP_SD_GetCardInfo)
    BSP_SD_GetCardState                      0x08000905   Thumb Code    22  bsp_driver_sd.o(.text.BSP_SD_GetCardState)
    BSP_SD_Init                              0x0800091b   Thumb Code    36  bsp_driver_sd.o(.text.BSP_SD_Init)
    BSP_SD_ReadBlocks                        0x0800093f   Thumb Code    38  bsp_driver_sd.o(.text.BSP_SD_ReadBlocks)
    BSP_SD_WriteBlocks                       0x08000965   Thumb Code    38  bsp_driver_sd.o(.text.BSP_SD_WriteBlocks)
    BusFault_Handler                         0x0800098d   Thumb Code     2  stm32f4xx_it.o(.text.BusFault_Handler)
    CheckSDCard                              0x08000991   Thumb Code   144  sdcard.o(.text.CheckSDCard)
    DMA2_Stream0_IRQHandler                  0x08000a21   Thumb Code    12  stm32f4xx_it.o(.text.DMA2_Stream0_IRQHandler)
    DebugMon_Handler                         0x08000a2d   Thumb Code     2  stm32f4xx_it.o(.text.DebugMon_Handler)
    DeleteFile                               0x08000a31   Thumb Code   160  user_fft.o(.text.DeleteFile)
    Error_Handler                            0x08000ad1   Thumb Code     2  main.o(.text.Error_Handler)
    FATFS_LinkDriver                         0x08000ad3   Thumb Code     6  ff_gen_drv.o(.text.FATFS_LinkDriver)
    FATFS_LinkDriverEx                       0x08000ad9   Thumb Code    78  ff_gen_drv.o(.text.FATFS_LinkDriverEx)
    Gui_DrawFont_GBK16                       0x08000b29   Thumb Code   428  gui.o(.text.Gui_DrawFont_GBK16)
    Gui_DrawLine                             0x08000cd5   Thumb Code   202  gui.o(.text.Gui_DrawLine)
    Gui_DrawPoint                            0x08000d9f   Thumb Code    24  spi.o(.text.Gui_DrawPoint)
    HAL_ADC_ConfigChannel                    0x08000db9   Thumb Code   256  stm32f4xx_hal_adc.o(.text.HAL_ADC_ConfigChannel)
    HAL_ADC_ConvCpltCallback                 0x08000eb9   Thumb Code     2  user_adc.o(.text.HAL_ADC_ConvCpltCallback)
    HAL_ADC_ConvHalfCpltCallback             0x08000ebb   Thumb Code     2  stm32f4xx_hal_adc.o(.text.HAL_ADC_ConvHalfCpltCallback)
    HAL_ADC_ErrorCallback                    0x08000ebd   Thumb Code     2  stm32f4xx_hal_adc.o(.text.HAL_ADC_ErrorCallback)
    HAL_ADC_Init                             0x08000ebf   Thumb Code   332  stm32f4xx_hal_adc.o(.text.HAL_ADC_Init)
    HAL_ADC_MspInit                          0x0800100b   Thumb Code   164  adc.o(.text.HAL_ADC_MspInit)
    HAL_ADC_Start_DMA                        0x080010b1   Thumb Code   316  stm32f4xx_hal_adc.o(.text.HAL_ADC_Start_DMA)
    HAL_ADC_Stop_DMA                         0x080011ed   Thumb Code    86  stm32f4xx_hal_adc.o(.text.HAL_ADC_Stop_DMA)
    HAL_DMA_Abort                            0x08001245   Thumb Code   140  stm32f4xx_hal_dma.o(.text.HAL_DMA_Abort)
    HAL_DMA_Abort_IT                         0x080012d1   Thumb Code    36  stm32f4xx_hal_dma.o(.text.HAL_DMA_Abort_IT)
    HAL_DMA_IRQHandler                       0x080012f5   Thumb Code   380  stm32f4xx_hal_dma.o(.text.HAL_DMA_IRQHandler)
    HAL_DMA_Init                             0x08001471   Thumb Code   330  stm32f4xx_hal_dma.o(.text.HAL_DMA_Init)
    HAL_DMA_Start_IT                         0x080015bb   Thumb Code   168  stm32f4xx_hal_dma.o(.text.HAL_DMA_Start_IT)
    HAL_Delay                                0x08001665   Thumb Code    40  stm32f4xx_hal.o(.text.HAL_Delay)
    HAL_GPIO_Init                            0x0800168d   Thumb Code   408  stm32f4xx_hal_gpio.o(.text.HAL_GPIO_Init)
    HAL_GPIO_WritePin                        0x08001825   Thumb Code    10  stm32f4xx_hal_gpio.o(.text.HAL_GPIO_WritePin)
    HAL_GetTick                              0x0800182f   Thumb Code    12  stm32f4xx_hal.o(.text.HAL_GetTick)
    HAL_IncTick                              0x0800183b   Thumb Code    26  stm32f4xx_hal.o(.text.HAL_IncTick)
    HAL_Init                                 0x08001855   Thumb Code    54  stm32f4xx_hal.o(.text.HAL_Init)
    HAL_InitTick                             0x0800188b   Thumb Code    80  stm32f4xx_hal.o(.text.HAL_InitTick)
    HAL_MspInit                              0x080018db   Thumb Code    56  stm32f4xx_hal_msp.o(.text.HAL_MspInit)
    HAL_NVIC_EnableIRQ                       0x08001913   Thumb Code    30  stm32f4xx_hal_cortex.o(.text.HAL_NVIC_EnableIRQ)
    HAL_NVIC_SetPriority                     0x08001931   Thumb Code    86  stm32f4xx_hal_cortex.o(.text.HAL_NVIC_SetPriority)
    HAL_NVIC_SetPriorityGrouping             0x08001987   Thumb Code    32  stm32f4xx_hal_cortex.o(.text.HAL_NVIC_SetPriorityGrouping)
    HAL_RCC_ClockConfig                      0x080019a9   Thumb Code   330  stm32f4xx_hal_rcc.o(.text.HAL_RCC_ClockConfig)
    HAL_RCC_GetPCLK1Freq                     0x08001af3   Thumb Code    38  stm32f4xx_hal_rcc.o(.text.HAL_RCC_GetPCLK1Freq)
    HAL_RCC_GetPCLK2Freq                     0x08001b19   Thumb Code    38  stm32f4xx_hal_rcc.o(.text.HAL_RCC_GetPCLK2Freq)
    HAL_RCC_GetSysClockFreq                  0x08001b3f   Thumb Code   106  stm32f4xx_hal_rcc.o(.text.HAL_RCC_GetSysClockFreq)
    HAL_RCC_OscConfig                        0x08001ba9   Thumb Code   766  stm32f4xx_hal_rcc.o(.text.HAL_RCC_OscConfig)
    HAL_SD_GetCardCSD                        0x08001ea7   Thumb Code   472  stm32f4xx_hal_sd.o(.text.HAL_SD_GetCardCSD)
    HAL_SD_GetCardInfo                       0x0800207f   Thumb Code    36  stm32f4xx_hal_sd.o(.text.HAL_SD_GetCardInfo)
    HAL_SD_GetCardState                      0x080020a3   Thumb Code    40  stm32f4xx_hal_sd.o(.text.HAL_SD_GetCardState)
    HAL_SD_Init                              0x080020cb   Thumb Code    52  stm32f4xx_hal_sd.o(.text.HAL_SD_Init)
    HAL_SD_InitCard                          0x08002101   Thumb Code   472  stm32f4xx_hal_sd.o(.text.HAL_SD_InitCard)
    HAL_SD_MspInit                           0x080022d9   Thumb Code   166  sdio.o(.text.HAL_SD_MspInit)
    HAL_SD_ReadBlocks                        0x08002381   Thumb Code   464  stm32f4xx_hal_sd.o(.text.HAL_SD_ReadBlocks)
    HAL_SD_WriteBlocks                       0x08002551   Thumb Code   384  stm32f4xx_hal_sd.o(.text.HAL_SD_WriteBlocks)
    HAL_SPI_Init                             0x080026d1   Thumb Code   126  stm32f4xx_hal_spi.o(.text.HAL_SPI_Init)
    HAL_SPI_MspInit                          0x0800274f   Thumb Code   110  spi.o(.text.HAL_SPI_MspInit)
    HAL_SPI_Transmit                         0x080027bd   Thumb Code   364  stm32f4xx_hal_spi.o(.text.HAL_SPI_Transmit)
    HAL_SYSTICK_Config                       0x08002929   Thumb Code    44  stm32f4xx_hal_cortex.o(.text.HAL_SYSTICK_Config)
    HAL_TIMEx_MasterConfigSynchronization    0x08002955   Thumb Code    64  stm32f4xx_hal_tim_ex.o(.text.HAL_TIMEx_MasterConfigSynchronization)
    HAL_TIM_Base_Init                        0x08002995   Thumb Code    52  stm32f4xx_hal_tim.o(.text.HAL_TIM_Base_Init)
    HAL_TIM_Base_MspInit                     0x080029c9   Thumb Code    50  tim.o(.text.HAL_TIM_Base_MspInit)
    HAL_TIM_Base_Start                       0x080029fb   Thumb Code    38  stm32f4xx_hal_tim.o(.text.HAL_TIM_Base_Start)
    HAL_TIM_ConfigClockSource                0x08002a21   Thumb Code   404  stm32f4xx_hal_tim.o(.text.HAL_TIM_ConfigClockSource)
    HAL_UART_ErrorCallback                   0x08002bb5   Thumb Code     2  stm32f4xx_hal_uart.o(.text.HAL_UART_ErrorCallback)
    HAL_UART_IRQHandler                      0x08002bb7   Thumb Code   352  stm32f4xx_hal_uart.o(.text.HAL_UART_IRQHandler)
    HAL_UART_Init                            0x08002d17   Thumb Code    92  stm32f4xx_hal_uart.o(.text.HAL_UART_Init)
    HAL_UART_MspInit                         0x08002d73   Thumb Code   130  usart.o(.text.HAL_UART_MspInit)
    HAL_UART_Receive_IT                      0x08002df5   Thumb Code    78  stm32f4xx_hal_uart.o(.text.HAL_UART_Receive_IT)
    HAL_UART_RxCpltCallback                  0x08002e43   Thumb Code    38  user_uart.o(.text.HAL_UART_RxCpltCallback)
    HAL_UART_Transmit                        0x08002e69   Thumb Code   180  stm32f4xx_hal_uart.o(.text.HAL_UART_Transmit)
    HAL_UART_TxCpltCallback                  0x08002f1d   Thumb Code     2  stm32f4xx_hal_uart.o(.text.HAL_UART_TxCpltCallback)
    HardFault_Handler                        0x08002f21   Thumb Code     2  stm32f4xx_it.o(.text.HardFault_Handler)
    KeyChoose                                0x08002f25   Thumb Code   242  user_main.o(.text.KeyChoose)
    LCD_OUTPUT_FFT                           0x08003019   Thumb Code   212  gui.o(.text.LCD_OUTPUT_FFT)
    LCD_OUTPUT_Float                         0x080030ed   Thumb Code    68  gui.o(.text.LCD_OUTPUT_Float)
    LCD_OUTPUT_Wave                          0x08003131   Thumb Code   392  gui.o(.text.LCD_OUTPUT_Wave)
    LCD_SPI_Init                             0x080032b9   Thumb Code    56  spi.o(.text.LCD_SPI_Init)
    Lcd_Clear                                0x080032f1   Thumb Code    60  spi.o(.text.Lcd_Clear)
    Lcd_Init                                 0x0800332d   Thumb Code   518  spi.o(.text.Lcd_Init)
    Lcd_Reset                                0x08003533   Thumb Code    46  spi.o(.text.Lcd_Reset)
    Lcd_SetRegion                            0x08003561   Thumb Code    84  spi.o(.text.Lcd_SetRegion)
    Lcd_SetXY                                0x080035b5   Thumb Code    52  spi.o(.text.Lcd_SetXY)
    Lcd_WriteData                            0x080035e9   Thumb Code    72  spi.o(.text.Lcd_WriteData)
    Lcd_WriteIndex                           0x08003631   Thumb Code    72  spi.o(.text.Lcd_WriteIndex)
    MX_ADC1_Init                             0x08003679   Thumb Code   110  adc.o(.text.MX_ADC1_Init)
    MX_DMA_Init                              0x080036e7   Thumb Code    56  dma.o(.text.MX_DMA_Init)
    MX_FATFS_Init                            0x0800371f   Thumb Code    34  fatfs.o(.text.MX_FATFS_Init)
    MX_GPIO_Init                             0x08003741   Thumb Code   242  gpio.o(.text.MX_GPIO_Init)
    MX_SDIO_SD_Init                          0x08003833   Thumb Code    30  sdio.o(.text.MX_SDIO_SD_Init)
    MX_SPI1_Init                             0x08003851   Thumb Code    78  spi.o(.text.MX_SPI1_Init)
    MX_TIM3_Init                             0x0800389f   Thumb Code   122  tim.o(.text.MX_TIM3_Init)
    MX_USART1_UART_Init                      0x08003919   Thumb Code    62  usart.o(.text.MX_USART1_UART_Init)
    MemManage_Handler                        0x08003959   Thumb Code     2  stm32f4xx_it.o(.text.MemManage_Handler)
    NMI_Handler                              0x0800395b   Thumb Code     2  stm32f4xx_it.o(.text.NMI_Handler)
    OUTPUT_Fre                               0x08003961   Thumb Code   480  user_fft.o(.text.OUTPUT_Fre)
    PendSV_Handler                           0x08003b41   Thumb Code     2  stm32f4xx_it.o(.text.PendSV_Handler)
    SDIO_ConfigData                          0x08003b43   Thumb Code    38  stm32f4xx_ll_sdmmc.o(.text.SDIO_ConfigData)
    SDIO_GetPowerState                       0x08003b69   Thumb Code     8  stm32f4xx_ll_sdmmc.o(.text.SDIO_GetPowerState)
    SDIO_GetResponse                         0x08003b71   Thumb Code    20  stm32f4xx_ll_sdmmc.o(.text.SDIO_GetResponse)
    SDIO_Init                                0x08003b85   Thumb Code    44  stm32f4xx_ll_sdmmc.o(.text.SDIO_Init)
    SDIO_PowerState_ON                       0x08003bb1   Thumb Code    10  stm32f4xx_ll_sdmmc.o(.text.SDIO_PowerState_ON)
    SDIO_ReadFIFO                            0x08003bbb   Thumb Code     6  stm32f4xx_ll_sdmmc.o(.text.SDIO_ReadFIFO)
    SDIO_WriteFIFO                           0x08003bc1   Thumb Code    12  stm32f4xx_ll_sdmmc.o(.text.SDIO_WriteFIFO)
    SDMMC_CmdAppCommand                      0x08003bcd   Thumb Code    24  stm32f4xx_ll_sdmmc.o(.text.SDMMC_CmdAppCommand)
    SDMMC_CmdAppOperCommand                  0x08003be5   Thumb Code    94  stm32f4xx_ll_sdmmc.o(.text.SDMMC_CmdAppOperCommand)
    SDMMC_CmdBlockLength                     0x08003c43   Thumb Code    24  stm32f4xx_ll_sdmmc.o(.text.SDMMC_CmdBlockLength)
    SDMMC_CmdGoIdleState                     0x08003c5d   Thumb Code    74  stm32f4xx_ll_sdmmc.o(.text.SDMMC_CmdGoIdleState)
    SDMMC_CmdOperCond                        0x08003ca9   Thumb Code    98  stm32f4xx_ll_sdmmc.o(.text.SDMMC_CmdOperCond)
    SDMMC_CmdReadMultiBlock                  0x08003d0b   Thumb Code    24  stm32f4xx_ll_sdmmc.o(.text.SDMMC_CmdReadMultiBlock)
    SDMMC_CmdReadSingleBlock                 0x08003d23   Thumb Code    24  stm32f4xx_ll_sdmmc.o(.text.SDMMC_CmdReadSingleBlock)
    SDMMC_CmdSelDesel                        0x08003d3b   Thumb Code    24  stm32f4xx_ll_sdmmc.o(.text.SDMMC_CmdSelDesel)
    SDMMC_CmdSendCID                         0x08003d53   Thumb Code    20  stm32f4xx_ll_sdmmc.o(.text.SDMMC_CmdSendCID)
    SDMMC_CmdSendCSD                         0x08003d67   Thumb Code    18  stm32f4xx_ll_sdmmc.o(.text.SDMMC_CmdSendCSD)
    SDMMC_CmdSendStatus                      0x08003d79   Thumb Code    24  stm32f4xx_ll_sdmmc.o(.text.SDMMC_CmdSendStatus)
    SDMMC_CmdSetRelAdd                       0x08003d91   Thumb Code   164  stm32f4xx_ll_sdmmc.o(.text.SDMMC_CmdSetRelAdd)
    SDMMC_CmdStopTransfer                    0x08003e35   Thumb Code    30  stm32f4xx_ll_sdmmc.o(.text.SDMMC_CmdStopTransfer)
    SDMMC_CmdWriteMultiBlock                 0x08003e53   Thumb Code    24  stm32f4xx_ll_sdmmc.o(.text.SDMMC_CmdWriteMultiBlock)
    SDMMC_CmdWriteSingleBlock                0x08003e6b   Thumb Code    24  stm32f4xx_ll_sdmmc.o(.text.SDMMC_CmdWriteSingleBlock)
    SD_initialize                            0x08004009   Thumb Code    44  sd_diskio.o(.text.SD_initialize)
    SD_ioctl                                 0x08004035   Thumb Code    82  sd_diskio.o(.text.SD_ioctl)
    SD_read                                  0x08004089   Thumb Code    36  sd_diskio.o(.text.SD_read)
    SD_status                                0x080040ad   Thumb Code    32  sd_diskio.o(.text.SD_status)
    SD_write                                 0x080040cd   Thumb Code    36  sd_diskio.o(.text.SD_write)
    SVC_Handler                              0x080041e1   Thumb Code     2  stm32f4xx_it.o(.text.SVC_Handler)
    SaveDataToSDCard                         0x080041e5   Thumb Code   324  user_fft.o(.text.SaveDataToSDCard)
    ShowNumInSD                              0x08004329   Thumb Code   132  user_fft.o(.text.ShowNumInSD)
    SysTick_Handler                          0x080043ad   Thumb Code     4  stm32f4xx_it.o(.text.SysTick_Handler)
    SystemClock_Config                       0x080043b1   Thumb Code   142  main.o(.text.SystemClock_Config)
    SystemInit                               0x0800443f   Thumb Code    88  system_stm32f4xx.o(.text.SystemInit)
    Systeminit                               0x08004497   Thumb Code   158  user_main.o(.text.Systeminit)
    TIM_Base_SetConfig                       0x08004535   Thumb Code   284  stm32f4xx_hal_tim.o(.text.TIM_Base_SetConfig)
    USART1_IRQHandler                        0x0800497b   Thumb Code    12  stm32f4xx_it.o(.text.USART1_IRQHandler)
    UsageFault_Handler                       0x08004989   Thumb Code     2  stm32f4xx_it.o(.text.UsageFault_Handler)
    User_AdcInit                             0x0800498b   Thumb Code    38  user_adc.o(.text.User_AdcInit)
    User_AdcStartBlokingMode                 0x080049b1   Thumb Code    38  user_adc.o(.text.User_AdcStartBlokingMode)
    User_FastRfft2048BlokingMode             0x080049d9   Thumb Code   208  user_fft.o(.text.User_FastRfft2048BlokingMode)
    User_main                                0x08004aa9   Thumb Code    18  user_main.o(.text.User_main)
    arm_bitreversal_32                       0x08004abd   Thumb Code    64  arm_bitreversal2.o(.text.arm_bitreversal_32)
    arm_cfft_f32                             0x08004afd   Thumb Code   224  arm_cfft_f32.o(.text.arm_cfft_f32)
    arm_cfft_radix8by2_f32                   0x08004bdd   Thumb Code   412  arm_cfft_f32.o(.text.arm_cfft_radix8by2_f32)
    arm_cfft_radix8by4_f32                   0x08004d79   Thumb Code  1062  arm_cfft_f32.o(.text.arm_cfft_radix8by4_f32)
    arm_cmplx_mag_f32                        0x080051a1   Thumb Code   320  arm_cmplx_mag_f32.o(.text.arm_cmplx_mag_f32)
    arm_radix8_butterfly_f32                 0x080052e1   Thumb Code  1448  arm_cfft_radix8_f32.o(.text.arm_radix8_butterfly_f32)
    arm_rfft_2048_fast_init_f32              0x08005889   Thumb Code    60  arm_rfft_fast_init_f32.o(.text.arm_rfft_2048_fast_init_f32)
    arm_rfft_fast_f32                        0x080058c5   Thumb Code    80  arm_rfft_fast_f32.o(.text.arm_rfft_fast_f32)
    disk_initialize                          0x08005d51   Thumb Code    34  diskio.o(.text.disk_initialize)
    disk_ioctl                               0x08005d73   Thumb Code    22  diskio.o(.text.disk_ioctl)
    disk_read                                0x08005d89   Thumb Code    32  diskio.o(.text.disk_read)
    disk_status                              0x08005da9   Thumb Code    22  diskio.o(.text.disk_status)
    disk_write                               0x08005dbf   Thumb Code    32  diskio.o(.text.disk_write)
    f_close                                  0x08005ddf   Thumb Code    84  ff.o(.text.f_close)
    f_gets                                   0x08005e35   Thumb Code    94  ff.o(.text.f_gets)
    f_lseek                                  0x08005e95   Thumb Code   624  ff.o(.text.f_lseek)
    f_mount                                  0x08006105   Thumb Code   114  ff.o(.text.f_mount)
    f_open                                   0x08006179   Thumb Code   652  ff.o(.text.f_open)
    f_read                                   0x08006405   Thumb Code   462  ff.o(.text.f_read)
    f_stat                                   0x080065d3   Thumb Code    58  ff.o(.text.f_stat)
    f_sync                                   0x0800660d   Thumb Code   156  ff.o(.text.f_sync)
    f_unlink                                 0x080066a9   Thumb Code   180  ff.o(.text.f_unlink)
    f_write                                  0x0800675d   Thumb Code   492  ff.o(.text.f_write)
    float2str                                0x08006bc9   Thumb Code    80  user_fft.o(.text.float2str)
    fputc                                    0x08006dff   Thumb Code    36  user_uart.o(.text.fputc)
    get_fattime                              0x08006eed   Thumb Code     4  fatfs.o(.text.get_fattime)
    main                                     0x08007029   Thumb Code    58  main.o(.text.main)
    merge_rfft_f32                           0x08007065   Thumb Code   178  arm_rfft_fast_f32.o(.text.merge_rfft_f32)
    stage_rfft_f32                           0x080072bd   Thumb Code   184  arm_rfft_fast_f32.o(.text.stage_rfft_f32)
    __0printf                                0x08007491   Thumb Code    22  printfa.o(i.__0printf)
    __1printf                                0x08007491   Thumb Code     0  printfa.o(i.__0printf)
    __2printf                                0x08007491   Thumb Code     0  printfa.o(i.__0printf)
    __c89printf                              0x08007491   Thumb Code     0  printfa.o(i.__0printf)
    printf                                   0x08007491   Thumb Code     0  printfa.o(i.__0printf)
    __0sprintf                               0x080074b1   Thumb Code    34  printfa.o(i.__0sprintf)
    __1sprintf                               0x080074b1   Thumb Code     0  printfa.o(i.__0sprintf)
    __2sprintf                               0x080074b1   Thumb Code     0  printfa.o(i.__0sprintf)
    __c89sprintf                             0x080074b1   Thumb Code     0  printfa.o(i.__0sprintf)
    sprintf                                  0x080074b1   Thumb Code     0  printfa.o(i.__0sprintf)
    __hardfp_sqrtf                           0x080074d9   Thumb Code    58  sqrtf.o(i.__hardfp_sqrtf)
    __scatterload_copy                       0x08007513   Thumb Code    14  handlers.o(i.__scatterload_copy)
    __scatterload_null                       0x08007521   Thumb Code     2  handlers.o(i.__scatterload_null)
    __scatterload_zeroinit                   0x08007523   Thumb Code    14  handlers.o(i.__scatterload_zeroinit)
    __set_errno                              0x08007531   Thumb Code     6  errno.o(i.__set_errno)
    puts                                     0x08007df9   Thumb Code    30  puts.o(i.puts)
    AHBPrescTable                            0x08007e1c   Data          16  system_stm32f4xx.o(.rodata.AHBPrescTable)
    APBPrescTable                            0x08007e2c   Data           8  system_stm32f4xx.o(.rodata.APBPrescTable)
    SD_Driver                                0x08007eb4   Data          20  sd_diskio.o(.rodata.SD_Driver)
    armBitRevIndexTable1024                  0x08007ec8   Data        3600  arm_common_tables.o(.rodata.armBitRevIndexTable1024)
    asc16                                    0x08008cd8   Data        1521  font.o(.rodata.asc16)
    hz16                                     0x080092d1   Data          34  font.o(.rodata.hz16)
    twiddleCoef_1024                         0x08009340   Data        8192  arm_common_tables.o(.rodata.twiddleCoef_1024)
    twiddleCoef_rfft_2048                    0x0800b340   Data        8192  arm_common_tables.o(.rodata.twiddleCoef_rfft_2048)
    Region$$Table$$Base                      0x0800d340   Number         0  anon$$obj.o(Region$$Table)
    Region$$Table$$Limit                     0x0800d360   Number         0  anon$$obj.o(Region$$Table)
    __stdout                                 0x20000000   Data           4  stdout.o(.data)
    LastX_FFT                                0x20000008   Data           4  gui.o(.data.LastX_FFT)
    LastY_FFT                                0x2000000c   Data           4  gui.o(.data.LastY_FFT)
    LastY_Wave                               0x20000010   Data           4  gui.o(.data.LastY_Wave)
    SystemCoreClock                          0x20000018   Data           4  system_stm32f4xx.o(.data.SystemCoreClock)
    UserMessage                              0x2000001c   Data          32  user_main.o(.data.UserMessage)
    UserMessage1                             0x2000003c   Data          28  user_main.o(.data.UserMessage1)
    UserMessage2                             0x20000058   Data          36  user_main.o(.data.UserMessage2)
    UserMessage3                             0x2000007c   Data          22  user_main.o(.data.UserMessage3)
    uwTickFreq                               0x20000092   Data           1  stm32f4xx_hal.o(.data.uwTickFreq)
    uwTickPrio                               0x20000094   Data           4  stm32f4xx_hal.o(.data.uwTickPrio)
    Adc_table                                0x20000098   Data        4096  gui.o(.bss.Adc_table)
    FFT_table                                0x20001098   Data        8192  gui.o(.bss.FFT_table)
    LastX_Wave                               0x200030c0   Data           4  gui.o(.bss.LastX_Wave)
    SDFatFS                                  0x200030c4   Data         560  fatfs.o(.bss.SDFatFS)
    SDFile                                   0x200032f4   Data         560  fatfs.o(.bss.SDFile)
    SDPath                                   0x20003524   Data           4  fatfs.o(.bss.SDPath)
    command                                  0x20003528   Data           1  user_main.o(.bss.command)
    disk                                     0x2000352c   Data          12  ff_gen_drv.o(.bss.disk)
    hadc1                                    0x20003538   Data          72  adc.o(.bss.hadc1)
    hdma_adc1                                0x20003580   Data          96  adc.o(.bss.hdma_adc1)
    hsd                                      0x200035e0   Data         132  sdio.o(.bss.hsd)
    hspi1                                    0x20003664   Data          88  spi.o(.bss.hspi1)
    htim3                                    0x200036bc   Data          64  tim.o(.bss.htim3)
    huart1                                   0x200036fc   Data          64  usart.o(.bss.huart1)
    i                                        0x2000373c   Data           4  user_fft.o(.bss.i)
    retSD                                    0x20003740   Data           1  fatfs.o(.bss.retSD)
    temp                                     0x20003744   Data           4  user_fft.o(.bss.temp)
    temp2                                    0x20003748   Data           4  user_fft.o(.bss.temp2)
    temp3                                    0x2000374c   Data           4  user_fft.o(.bss.temp3)
    tempi                                    0x20003750   Data           4  user_fft.o(.bss.tempi)
    tempi2                                   0x20003754   Data           4  user_fft.o(.bss.tempi2)
    tempi3                                   0x20003758   Data           4  user_fft.o(.bss.tempi3)
    uwTick                                   0x2000375c   Data           4  stm32f4xx_hal.o(.bss.uwTick)
    __initial_sp                             0x200148d0   Data           0  startup_stm32f407xx.o(STACK)



==============================================================================

Memory Map of the image

  Image Entry point : 0x08000189

  Load Region LR_IROM1 (Base: 0x08000000, Size: 0x0000d3f8, Max: 0x00080000, ABSOLUTE)

    Execution Region ER_IROM1 (Exec base: 0x08000000, Load base: 0x08000000, Size: 0x0000d360, Max: 0x00080000, ABSOLUTE)

    Exec Addr    Load Addr    Size         Type   Attr      Idx    E Section Name        Object

    0x08000000   0x08000000   0x00000188   Data   RO            3    RESET               startup_stm32f407xx.o
    0x08000188   0x08000188   0x00000000   Code   RO         1988  * .ARM.Collect$$$$00000000  mc_w.l(entry.o)
    0x08000188   0x08000188   0x00000004   Code   RO         2306    .ARM.Collect$$$$00000001  mc_w.l(entry2.o)
    0x0800018c   0x0800018c   0x00000004   Code   RO         2309    .ARM.Collect$$$$00000004  mc_w.l(entry5.o)
    0x08000190   0x08000190   0x00000000   Code   RO         2311    .ARM.Collect$$$$00000008  mc_w.l(entry7b.o)
    0x08000190   0x08000190   0x00000000   Code   RO         2313    .ARM.Collect$$$$0000000A  mc_w.l(entry8b.o)
    0x08000190   0x08000190   0x00000008   Code   RO         2314    .ARM.Collect$$$$0000000B  mc_w.l(entry9a.o)
    0x08000198   0x08000198   0x00000000   Code   RO         2316    .ARM.Collect$$$$0000000D  mc_w.l(entry10a.o)
    0x08000198   0x08000198   0x00000000   Code   RO         2318    .ARM.Collect$$$$0000000F  mc_w.l(entry11a.o)
    0x08000198   0x08000198   0x00000004   Code   RO         2307    .ARM.Collect$$$$00002712  mc_w.l(entry2.o)
    0x0800019c   0x0800019c   0x00000024   Code   RO            4    .text               startup_stm32f407xx.o
    0x080001c0   0x080001c0   0x00000062   Code   RO         1995    .text               mc_w.l(uldiv.o)
    0x08000222   0x08000222   0x00000024   Code   RO         1997    .text               mc_w.l(memseta.o)
    0x08000246   0x08000246   0x0000000e   Code   RO         1999    .text               mc_w.l(strlen.o)
    0x08000254   0x08000254   0x0000014e   Code   RO         2290    .text               mf_w.l(dadd.o)
    0x080003a2   0x080003a2   0x000000e4   Code   RO         2292    .text               mf_w.l(dmul.o)
    0x08000486   0x08000486   0x000000de   Code   RO         2294    .text               mf_w.l(ddiv.o)
    0x08000564   0x08000564   0x00000022   Code   RO         2296    .text               mf_w.l(dflti.o)
    0x08000586   0x08000586   0x0000001a   Code   RO         2298    .text               mf_w.l(dfltui.o)
    0x080005a0   0x080005a0   0x0000003e   Code   RO         2300    .text               mf_w.l(dfixi.o)
    0x080005de   0x080005de   0x00000026   Code   RO         2302    .text               mf_w.l(f2d.o)
    0x08000604   0x08000604   0x00000038   Code   RO         2304    .text               mf_w.l(d2f.o)
    0x0800063c   0x0800063c   0x0000002c   Code   RO         2321    .text               mc_w.l(uidiv.o)
    0x08000668   0x08000668   0x0000001e   Code   RO         2323    .text               mc_w.l(llshl.o)
    0x08000686   0x08000686   0x00000020   Code   RO         2325    .text               mc_w.l(llushr.o)
    0x080006a6   0x080006a6   0x00000024   Code   RO         2327    .text               mc_w.l(llsshr.o)
    0x080006ca   0x080006ca   0x00000000   Code   RO         2342    .text               mc_w.l(iusefp.o)
    0x080006ca   0x080006ca   0x0000006e   Code   RO         2343    .text               mf_w.l(fepilogue.o)
    0x08000738   0x08000738   0x000000ba   Code   RO         2345    .text               mf_w.l(depilogue.o)
    0x080007f2   0x080007f2   0x00000030   Code   RO         2347    .text               mf_w.l(dfixul.o)
    0x08000822   0x08000822   0x00000002   PAD
    0x08000824   0x08000824   0x00000030   Code   RO         2349    .text               mf_w.l(cdrcmple.o)
    0x08000854   0x08000854   0x00000024   Code   RO         2351    .text               mc_w.l(init.o)
    0x08000878   0x08000878   0x00000066   Code   RO          317    .text.ADC_DMAConvCplt  stm32f4xx_hal_adc.o
    0x080008de   0x080008de   0x00000012   Code   RO          321    .text.ADC_DMAError  stm32f4xx_hal_adc.o
    0x080008f0   0x080008f0   0x00000006   Code   RO          319    .text.ADC_DMAHalfConvCplt  stm32f4xx_hal_adc.o
    0x080008f6   0x080008f6   0x0000000e   Code   RO           91    .text.BSP_SD_GetCardInfo  bsp_driver_sd.o
    0x08000904   0x08000904   0x00000016   Code   RO           89    .text.BSP_SD_GetCardState  bsp_driver_sd.o
    0x0800091a   0x0800091a   0x00000024   Code   RO           63    .text.BSP_SD_Init   bsp_driver_sd.o
    0x0800093e   0x0800093e   0x00000026   Code   RO           73    .text.BSP_SD_ReadBlocks  bsp_driver_sd.o
    0x08000964   0x08000964   0x00000026   Code   RO           75    .text.BSP_SD_WriteBlocks  bsp_driver_sd.o
    0x0800098a   0x0800098a   0x00000002   PAD
    0x0800098c   0x0800098c   0x00000002   Code   RO          254    .text.BusFault_Handler  stm32f4xx_it.o
    0x0800098e   0x0800098e   0x00000002   PAD
    0x08000990   0x08000990   0x00000090   Code   RO         1641    .text.CheckSDCard   sdcard.o
    0x08000a20   0x08000a20   0x0000000c   Code   RO          268    .text.DMA2_Stream0_IRQHandler  stm32f4xx_it.o
    0x08000a2c   0x08000a2c   0x00000002   Code   RO          260    .text.DebugMon_Handler  stm32f4xx_it.o
    0x08000a2e   0x08000a2e   0x00000002   PAD
    0x08000a30   0x08000a30   0x000000a0   Code   RO         1597    .text.DeleteFile    user_fft.o
    0x08000ad0   0x08000ad0   0x00000002   Code   RO           15    .text.Error_Handler  main.o
    0x08000ad2   0x08000ad2   0x00000006   Code   RO         1772    .text.FATFS_LinkDriver  ff_gen_drv.o
    0x08000ad8   0x08000ad8   0x0000004e   Code   RO         1770    .text.FATFS_LinkDriverEx  ff_gen_drv.o
    0x08000b26   0x08000b26   0x00000002   PAD
    0x08000b28   0x08000b28   0x000001ac   Code   RO         1523    .text.Gui_DrawFont_GBK16  gui.o
    0x08000cd4   0x08000cd4   0x000000ca   Code   RO         1513    .text.Gui_DrawLine  gui.o
    0x08000d9e   0x08000d9e   0x00000018   Code   RO          193    .text.Gui_DrawPoint  spi.o
    0x08000db6   0x08000db6   0x00000002   PAD
    0x08000db8   0x08000db8   0x00000100   Code   RO          329    .text.HAL_ADC_ConfigChannel  stm32f4xx_hal_adc.o
    0x08000eb8   0x08000eb8   0x00000002   Code   RO         1576    .text.HAL_ADC_ConvCpltCallback  user_adc.o
    0x08000eba   0x08000eba   0x00000002   Code   RO          327    .text.HAL_ADC_ConvHalfCpltCallback  stm32f4xx_hal_adc.o
    0x08000ebc   0x08000ebc   0x00000002   Code   RO          313    .text.HAL_ADC_ErrorCallback  stm32f4xx_hal_adc.o
    0x08000ebe   0x08000ebe   0x0000014c   Code   RO          287    .text.HAL_ADC_Init  stm32f4xx_hal_adc.o
    0x0800100a   0x0800100a   0x000000a4   Code   RO           38    .text.HAL_ADC_MspInit  adc.o
    0x080010ae   0x080010ae   0x00000002   PAD
    0x080010b0   0x080010b0   0x0000013c   Code   RO          315    .text.HAL_ADC_Start_DMA  stm32f4xx_hal_adc.o
    0x080011ec   0x080011ec   0x00000056   Code   RO          323    .text.HAL_ADC_Stop_DMA  stm32f4xx_hal_adc.o
    0x08001242   0x08001242   0x00000002   PAD
    0x08001244   0x08001244   0x0000008c   Code   RO          549    .text.HAL_DMA_Abort  stm32f4xx_hal_dma.o
    0x080012d0   0x080012d0   0x00000024   Code   RO          551    .text.HAL_DMA_Abort_IT  stm32f4xx_hal_dma.o
    0x080012f4   0x080012f4   0x0000017c   Code   RO          555    .text.HAL_DMA_IRQHandler  stm32f4xx_hal_dma.o
    0x08001470   0x08001470   0x0000014a   Code   RO          541    .text.HAL_DMA_Init  stm32f4xx_hal_dma.o
    0x080015ba   0x080015ba   0x000000a8   Code   RO          547    .text.HAL_DMA_Start_IT  stm32f4xx_hal_dma.o
    0x08001662   0x08001662   0x00000002   PAD
    0x08001664   0x08001664   0x00000028   Code   RO          706    .text.HAL_Delay     stm32f4xx_hal.o
    0x0800168c   0x0800168c   0x00000198   Code   RO          501    .text.HAL_GPIO_Init  stm32f4xx_hal_gpio.o
    0x08001824   0x08001824   0x0000000a   Code   RO          507    .text.HAL_GPIO_WritePin  stm32f4xx_hal_gpio.o
    0x0800182e   0x0800182e   0x0000000c   Code   RO          698    .text.HAL_GetTick   stm32f4xx_hal.o
    0x0800183a   0x0800183a   0x0000001a   Code   RO          696    .text.HAL_IncTick   stm32f4xx_hal.o
    0x08001854   0x08001854   0x00000036   Code   RO          686    .text.HAL_Init      stm32f4xx_hal.o
    0x0800188a   0x0800188a   0x00000050   Code   RO          688    .text.HAL_InitTick  stm32f4xx_hal.o
    0x080018da   0x080018da   0x00000038   Code   RO          278    .text.HAL_MspInit   stm32f4xx_hal_msp.o
    0x08001912   0x08001912   0x0000001e   Code   RO          643    .text.HAL_NVIC_EnableIRQ  stm32f4xx_hal_cortex.o
    0x08001930   0x08001930   0x00000056   Code   RO          641    .text.HAL_NVIC_SetPriority  stm32f4xx_hal_cortex.o
    0x08001986   0x08001986   0x00000020   Code   RO          639    .text.HAL_NVIC_SetPriorityGrouping  stm32f4xx_hal_cortex.o
    0x080019a6   0x080019a6   0x00000002   PAD
    0x080019a8   0x080019a8   0x0000014a   Code   RO          389    .text.HAL_RCC_ClockConfig  stm32f4xx_hal_rcc.o
    0x08001af2   0x08001af2   0x00000026   Code   RO          401    .text.HAL_RCC_GetPCLK1Freq  stm32f4xx_hal_rcc.o
    0x08001b18   0x08001b18   0x00000026   Code   RO          403    .text.HAL_RCC_GetPCLK2Freq  stm32f4xx_hal_rcc.o
    0x08001b3e   0x08001b3e   0x0000006a   Code   RO          391    .text.HAL_RCC_GetSysClockFreq  stm32f4xx_hal_rcc.o
    0x08001ba8   0x08001ba8   0x000002fe   Code   RO          387    .text.HAL_RCC_OscConfig  stm32f4xx_hal_rcc.o
    0x08001ea6   0x08001ea6   0x000001d8   Code   RO          918    .text.HAL_SD_GetCardCSD  stm32f4xx_hal_sd.o
    0x0800207e   0x0800207e   0x00000024   Code   RO          922    .text.HAL_SD_GetCardInfo  stm32f4xx_hal_sd.o
    0x080020a2   0x080020a2   0x00000028   Code   RO          926    .text.HAL_SD_GetCardState  stm32f4xx_hal_sd.o
    0x080020ca   0x080020ca   0x00000034   Code   RO          868    .text.HAL_SD_Init   stm32f4xx_hal_sd.o
    0x080020fe   0x080020fe   0x00000002   PAD
    0x08002100   0x08002100   0x000001d8   Code   RO          872    .text.HAL_SD_InitCard  stm32f4xx_hal_sd.o
    0x080022d8   0x080022d8   0x000000a6   Code   RO          153    .text.HAL_SD_MspInit  sdio.o
    0x0800237e   0x0800237e   0x00000002   PAD
    0x08002380   0x08002380   0x000001d0   Code   RO          878    .text.HAL_SD_ReadBlocks  stm32f4xx_hal_sd.o
    0x08002550   0x08002550   0x00000180   Code   RO          880    .text.HAL_SD_WriteBlocks  stm32f4xx_hal_sd.o
    0x080026d0   0x080026d0   0x0000007e   Code   RO          943    .text.HAL_SPI_Init  stm32f4xx_hal_spi.o
    0x0800274e   0x0800274e   0x0000006e   Code   RO          169    .text.HAL_SPI_MspInit  spi.o
    0x080027bc   0x080027bc   0x0000016c   Code   RO          951    .text.HAL_SPI_Transmit  stm32f4xx_hal_spi.o
    0x08002928   0x08002928   0x0000002c   Code   RO          651    .text.HAL_SYSTICK_Config  stm32f4xx_hal_cortex.o
    0x08002954   0x08002954   0x00000040   Code   RO         1349    .text.HAL_TIMEx_MasterConfigSynchronization  stm32f4xx_hal_tim_ex.o
    0x08002994   0x08002994   0x00000034   Code   RO         1062    .text.HAL_TIM_Base_Init  stm32f4xx_hal_tim.o
    0x080029c8   0x080029c8   0x00000032   Code   RO          218    .text.HAL_TIM_Base_MspInit  tim.o
    0x080029fa   0x080029fa   0x00000026   Code   RO         1072    .text.HAL_TIM_Base_Start  stm32f4xx_hal_tim.o
    0x08002a20   0x08002a20   0x00000194   Code   RO         1244    .text.HAL_TIM_ConfigClockSource  stm32f4xx_hal_tim.o
    0x08002bb4   0x08002bb4   0x00000002   Code   RO         1450    .text.HAL_UART_ErrorCallback  stm32f4xx_hal_uart.o
    0x08002bb6   0x08002bb6   0x00000160   Code   RO         1444    .text.HAL_UART_IRQHandler  stm32f4xx_hal_uart.o
    0x08002d16   0x08002d16   0x0000005c   Code   RO         1372    .text.HAL_UART_Init  stm32f4xx_hal_uart.o
    0x08002d72   0x08002d72   0x00000082   Code   RO          234    .text.HAL_UART_MspInit  usart.o
    0x08002df4   0x08002df4   0x0000004e   Code   RO         1396    .text.HAL_UART_Receive_IT  stm32f4xx_hal_uart.o
    0x08002e42   0x08002e42   0x00000026   Code   RO         1630    .text.HAL_UART_RxCpltCallback  user_uart.o
    0x08002e68   0x08002e68   0x000000b4   Code   RO         1388    .text.HAL_UART_Transmit  stm32f4xx_hal_uart.o
    0x08002f1c   0x08002f1c   0x00000002   Code   RO         1452    .text.HAL_UART_TxCpltCallback  stm32f4xx_hal_uart.o
    0x08002f1e   0x08002f1e   0x00000002   PAD
    0x08002f20   0x08002f20   0x00000002   Code   RO          250    .text.HardFault_Handler  stm32f4xx_it.o
    0x08002f22   0x08002f22   0x00000002   PAD
    0x08002f24   0x08002f24   0x000000f2   Code   RO         1554    .text.KeyChoose     user_main.o
    0x08003016   0x08003016   0x00000002   PAD
    0x08003018   0x08003018   0x000000d4   Code   RO         1533    .text.LCD_OUTPUT_FFT  gui.o
    0x080030ec   0x080030ec   0x00000044   Code   RO         1529    .text.LCD_OUTPUT_Float  gui.o
    0x08003130   0x08003130   0x00000188   Code   RO         1531    .text.LCD_OUTPUT_Wave  gui.o
    0x080032b8   0x080032b8   0x00000038   Code   RO          175    .text.LCD_SPI_Init  spi.o
    0x080032f0   0x080032f0   0x0000003c   Code   RO          195    .text.Lcd_Clear     spi.o
    0x0800332c   0x0800332c   0x00000206   Code   RO          187    .text.Lcd_Init      spi.o
    0x08003532   0x08003532   0x0000002e   Code   RO          185    .text.Lcd_Reset     spi.o
    0x08003560   0x08003560   0x00000054   Code   RO          191    .text.Lcd_SetRegion  spi.o
    0x080035b4   0x080035b4   0x00000034   Code   RO          189    .text.Lcd_SetXY     spi.o
    0x080035e8   0x080035e8   0x00000048   Code   RO          179    .text.Lcd_WriteData  spi.o
    0x08003630   0x08003630   0x00000048   Code   RO          177    .text.Lcd_WriteIndex  spi.o
    0x08003678   0x08003678   0x0000006e   Code   RO           36    .text.MX_ADC1_Init  adc.o
    0x080036e6   0x080036e6   0x00000038   Code   RO           53    .text.MX_DMA_Init   dma.o
    0x0800371e   0x0800371e   0x00000022   Code   RO          135    .text.MX_FATFS_Init  fatfs.o
    0x08003740   0x08003740   0x000000f2   Code   RO           26    .text.MX_GPIO_Init  gpio.o
    0x08003832   0x08003832   0x0000001e   Code   RO          151    .text.MX_SDIO_SD_Init  sdio.o
    0x08003850   0x08003850   0x0000004e   Code   RO          167    .text.MX_SPI1_Init  spi.o
    0x0800389e   0x0800389e   0x0000007a   Code   RO          216    .text.MX_TIM3_Init  tim.o
    0x08003918   0x08003918   0x0000003e   Code   RO          232    .text.MX_USART1_UART_Init  usart.o
    0x08003956   0x08003956   0x00000002   PAD
    0x08003958   0x08003958   0x00000002   Code   RO          252    .text.MemManage_Handler  stm32f4xx_it.o
    0x0800395a   0x0800395a   0x00000002   Code   RO          248    .text.NMI_Handler   stm32f4xx_it.o
    0x0800395c   0x0800395c   0x00000004   PAD
    0x08003960   0x08003960   0x000001e0   Code   RO         1589    .text.OUTPUT_Fre    user_fft.o
    0x08003b40   0x08003b40   0x00000002   Code   RO          262    .text.PendSV_Handler  stm32f4xx_it.o
    0x08003b42   0x08003b42   0x00000026   Code   RO          797    .text.SDIO_ConfigData  stm32f4xx_ll_sdmmc.o
    0x08003b68   0x08003b68   0x00000008   Code   RO          789    .text.SDIO_GetPowerState  stm32f4xx_ll_sdmmc.o
    0x08003b70   0x08003b70   0x00000014   Code   RO          795    .text.SDIO_GetResponse  stm32f4xx_ll_sdmmc.o
    0x08003b84   0x08003b84   0x0000002c   Code   RO          779    .text.SDIO_Init     stm32f4xx_ll_sdmmc.o
    0x08003bb0   0x08003bb0   0x0000000a   Code   RO          785    .text.SDIO_PowerState_ON  stm32f4xx_ll_sdmmc.o
    0x08003bba   0x08003bba   0x00000006   Code   RO          781    .text.SDIO_ReadFIFO  stm32f4xx_ll_sdmmc.o
    0x08003bc0   0x08003bc0   0x0000000c   Code   RO          783    .text.SDIO_WriteFIFO  stm32f4xx_ll_sdmmc.o
    0x08003bcc   0x08003bcc   0x00000018   Code   RO          835    .text.SDMMC_CmdAppCommand  stm32f4xx_ll_sdmmc.o
    0x08003be4   0x08003be4   0x0000005e   Code   RO          837    .text.SDMMC_CmdAppOperCommand  stm32f4xx_ll_sdmmc.o
    0x08003c42   0x08003c42   0x00000018   Code   RO          805    .text.SDMMC_CmdBlockLength  stm32f4xx_ll_sdmmc.o
    0x08003c5a   0x08003c5a   0x00000002   PAD
    0x08003c5c   0x08003c5c   0x0000004a   Code   RO          831    .text.SDMMC_CmdGoIdleState  stm32f4xx_ll_sdmmc.o
    0x08003ca6   0x08003ca6   0x00000002   PAD
    0x08003ca8   0x08003ca8   0x00000062   Code   RO          833    .text.SDMMC_CmdOperCond  stm32f4xx_ll_sdmmc.o
    0x08003d0a   0x08003d0a   0x00000018   Code   RO          811    .text.SDMMC_CmdReadMultiBlock  stm32f4xx_ll_sdmmc.o
    0x08003d22   0x08003d22   0x00000018   Code   RO          809    .text.SDMMC_CmdReadSingleBlock  stm32f4xx_ll_sdmmc.o
    0x08003d3a   0x08003d3a   0x00000018   Code   RO          829    .text.SDMMC_CmdSelDesel  stm32f4xx_ll_sdmmc.o
    0x08003d52   0x08003d52   0x00000014   Code   RO          843    .text.SDMMC_CmdSendCID  stm32f4xx_ll_sdmmc.o
    0x08003d66   0x08003d66   0x00000012   Code   RO          847    .text.SDMMC_CmdSendCSD  stm32f4xx_ll_sdmmc.o
    0x08003d78   0x08003d78   0x00000018   Code   RO          851    .text.SDMMC_CmdSendStatus  stm32f4xx_ll_sdmmc.o
    0x08003d90   0x08003d90   0x000000a4   Code   RO          849    .text.SDMMC_CmdSetRelAdd  stm32f4xx_ll_sdmmc.o
    0x08003e34   0x08003e34   0x0000001e   Code   RO          827    .text.SDMMC_CmdStopTransfer  stm32f4xx_ll_sdmmc.o
    0x08003e52   0x08003e52   0x00000018   Code   RO          815    .text.SDMMC_CmdWriteMultiBlock  stm32f4xx_ll_sdmmc.o
    0x08003e6a   0x08003e6a   0x00000018   Code   RO          813    .text.SDMMC_CmdWriteSingleBlock  stm32f4xx_ll_sdmmc.o
    0x08003e82   0x08003e82   0x00000002   PAD
    0x08003e84   0x08003e84   0x0000012e   Code   RO          807    .text.SDMMC_GetCmdResp1  stm32f4xx_ll_sdmmc.o
    0x08003fb2   0x08003fb2   0x00000002   PAD
    0x08003fb4   0x08003fb4   0x00000054   Code   RO          845    .text.SDMMC_GetCmdResp2  stm32f4xx_ll_sdmmc.o
    0x08004008   0x08004008   0x0000002c   Code   RO          114    .text.SD_initialize  sd_diskio.o
    0x08004034   0x08004034   0x00000052   Code   RO          122    .text.SD_ioctl      sd_diskio.o
    0x08004086   0x08004086   0x00000002   PAD
    0x08004088   0x08004088   0x00000024   Code   RO          118    .text.SD_read       sd_diskio.o
    0x080040ac   0x080040ac   0x00000020   Code   RO          116    .text.SD_status     sd_diskio.o
    0x080040cc   0x080040cc   0x00000024   Code   RO          120    .text.SD_write      sd_diskio.o
    0x080040f0   0x080040f0   0x00000064   Code   RO          953    .text.SPI_EndRxTxTransaction  stm32f4xx_hal_spi.o
    0x08004154   0x08004154   0x0000008c   Code   RO         1051    .text.SPI_WaitFlagStateUntilTimeout  stm32f4xx_hal_spi.o
    0x080041e0   0x080041e0   0x00000002   Code   RO          258    .text.SVC_Handler   stm32f4xx_it.o
    0x080041e2   0x080041e2   0x00000002   PAD
    0x080041e4   0x080041e4   0x00000144   Code   RO         1591    .text.SaveDataToSDCard  user_fft.o
    0x08004328   0x08004328   0x00000084   Code   RO         1595    .text.ShowNumInSD   user_fft.o
    0x080043ac   0x080043ac   0x00000004   Code   RO          264    .text.SysTick_Handler  stm32f4xx_it.o
    0x080043b0   0x080043b0   0x0000008e   Code   RO           13    .text.SystemClock_Config  main.o
    0x0800443e   0x0800443e   0x00000058   Code   RO         1483    .text.SystemInit    system_stm32f4xx.o
    0x08004496   0x08004496   0x0000009e   Code   RO         1552    .text.Systeminit    user_main.o
    0x08004534   0x08004534   0x0000011c   Code   RO         1066    .text.TIM_Base_SetConfig  stm32f4xx_hal_tim.o
    0x08004650   0x08004650   0x0000000c   Code   RO         1448    .text.UART_DMAAbortOnError  stm32f4xx_hal_uart.o
    0x0800465c   0x0800465c   0x00000076   Code   RO         1446    .text.UART_Receive_IT  stm32f4xx_hal_uart.o
    0x080046d2   0x080046d2   0x0000024a   Code   RO         1376    .text.UART_SetConfig  stm32f4xx_hal_uart.o
    0x0800491c   0x0800491c   0x0000005e   Code   RO         1390    .text.UART_WaitOnFlagUntilTimeout  stm32f4xx_hal_uart.o
    0x0800497a   0x0800497a   0x0000000c   Code   RO          266    .text.USART1_IRQHandler  stm32f4xx_it.o
    0x08004986   0x08004986   0x00000002   PAD
    0x08004988   0x08004988   0x00000002   Code   RO          256    .text.UsageFault_Handler  stm32f4xx_it.o
    0x0800498a   0x0800498a   0x00000026   Code   RO         1570    .text.User_AdcInit  user_adc.o
    0x080049b0   0x080049b0   0x00000026   Code   RO         1572    .text.User_AdcStartBlokingMode  user_adc.o
    0x080049d6   0x080049d6   0x00000002   PAD
    0x080049d8   0x080049d8   0x000000d0   Code   RO         1587    .text.User_FastRfft2048BlokingMode  user_fft.o
    0x08004aa8   0x08004aa8   0x00000012   Code   RO         1550    .text.User_main     user_main.o
    0x08004aba   0x08004aba   0x00000002   PAD
    0x08004abc   0x08004abc   0x00000040   Code   RO         1954    .text.arm_bitreversal_32  arm_cortexM4lf_math.lib(arm_bitreversal2.o)
    0x08004afc   0x08004afc   0x000000e0   Code   RO         1848    .text.arm_cfft_f32  arm_cortexM4lf_math.lib(arm_cfft_f32.o)
    0x08004bdc   0x08004bdc   0x0000019c   Code   RO         1844    .text.arm_cfft_radix8by2_f32  arm_cortexM4lf_math.lib(arm_cfft_f32.o)
    0x08004d78   0x08004d78   0x00000426   Code   RO         1846    .text.arm_cfft_radix8by4_f32  arm_cortexM4lf_math.lib(arm_cfft_f32.o)
    0x0800519e   0x0800519e   0x00000002   PAD
    0x080051a0   0x080051a0   0x00000140   Code   RO         1791    .text.arm_cmplx_mag_f32  arm_cortexM4lf_math.lib(arm_cmplx_mag_f32.o)
    0x080052e0   0x080052e0   0x000005a8   Code   RO         1967    .text.arm_radix8_butterfly_f32  arm_cortexM4lf_math.lib(arm_cfft_radix8_f32.o)
    0x08005888   0x08005888   0x0000003c   Code   RO         1829    .text.arm_rfft_2048_fast_init_f32  arm_cortexM4lf_math.lib(arm_rfft_fast_init_f32.o)
    0x080058c4   0x080058c4   0x00000050   Code   RO         1806    .text.arm_rfft_fast_f32  arm_cortexM4lf_math.lib(arm_rfft_fast_f32.o)
    0x08005914   0x08005914   0x0000007a   Code   RO         1751    .text.check_fs      ff.o
    0x0800598e   0x0800598e   0x00000002   PAD
    0x08005990   0x08005990   0x00000068   Code   RO         1681    .text.chk_lock      ff.o
    0x080059f8   0x080059f8   0x000000c4   Code   RO         1699    .text.create_chain  ff.o
    0x08005abc   0x08005abc   0x00000150   Code   RO         1721    .text.dir_next      ff.o
    0x08005c0c   0x08005c0c   0x00000054   Code   RO         1717    .text.dir_read      ff.o
    0x08005c60   0x08005c60   0x00000062   Code   RO         1683    .text.dir_register  ff.o
    0x08005cc2   0x08005cc2   0x00000002   PAD
    0x08005cc4   0x08005cc4   0x0000008c   Code   RO         1711    .text.dir_sdi       ff.o
    0x08005d50   0x08005d50   0x00000022   Code   RO         1652    .text.disk_initialize  diskio.o
    0x08005d72   0x08005d72   0x00000016   Code   RO         1658    .text.disk_ioctl    diskio.o
    0x08005d88   0x08005d88   0x00000020   Code   RO         1654    .text.disk_read     diskio.o
    0x08005da8   0x08005da8   0x00000016   Code   RO         1650    .text.disk_status   diskio.o
    0x08005dbe   0x08005dbe   0x00000020   Code   RO         1656    .text.disk_write    diskio.o
    0x08005dde   0x08005dde   0x00000054   Code   RO         1705    .text.f_close       ff.o
    0x08005e32   0x08005e32   0x00000002   PAD
    0x08005e34   0x08005e34   0x0000005e   Code   RO         1739    .text.f_gets        ff.o
    0x08005e92   0x08005e92   0x00000002   PAD
    0x08005e94   0x08005e94   0x00000270   Code   RO         1707    .text.f_lseek       ff.o
    0x08006104   0x08006104   0x00000072   Code   RO         1671    .text.f_mount       ff.o
    0x08006176   0x08006176   0x00000002   PAD
    0x08006178   0x08006178   0x0000028c   Code   RO         1677    .text.f_open        ff.o
    0x08006404   0x08006404   0x000001ce   Code   RO         1693    .text.f_read        ff.o
    0x080065d2   0x080065d2   0x0000003a   Code   RO         1723    .text.f_stat        ff.o
    0x0800660c   0x0800660c   0x0000009c   Code   RO         1701    .text.f_sync        ff.o
    0x080066a8   0x080066a8   0x000000b4   Code   RO         1729    .text.f_unlink      ff.o
    0x0800675c   0x0800675c   0x000001ec   Code   RO         1697    .text.f_write       ff.o
    0x08006948   0x08006948   0x0000027e   Code   RO         1675    .text.find_volume   ff.o
    0x08006bc6   0x08006bc6   0x00000002   PAD
    0x08006bc8   0x08006bc8   0x00000050   Code   RO         1593    .text.float2str     user_fft.o
    0x08006c18   0x08006c18   0x000001e6   Code   RO         1679    .text.follow_path   ff.o
    0x08006dfe   0x08006dfe   0x00000024   Code   RO         1626    .text.fputc         user_uart.o
    0x08006e22   0x08006e22   0x000000ca   Code   RO         1691    .text.get_fat       ff.o
    0x08006eec   0x08006eec   0x00000004   Code   RO          137    .text.get_fattime   fatfs.o
    0x08006ef0   0x08006ef0   0x00000072   Code   RO         1719    .text.get_fileinfo  ff.o
    0x08006f62   0x08006f62   0x00000002   PAD
    0x08006f64   0x08006f64   0x00000042   Code   RO         1673    .text.get_ldnumber  ff.o
    0x08006fa6   0x08006fa6   0x00000002   PAD
    0x08006fa8   0x08006fa8   0x0000007e   Code   RO         1689    .text.inc_lock      ff.o
    0x08007026   0x08007026   0x00000002   PAD
    0x08007028   0x08007028   0x0000003a   Code   RO           11    .text.main          main.o
    0x08007062   0x08007062   0x00000002   PAD
    0x08007064   0x08007064   0x000000b2   Code   RO         1804    .text.merge_rfft_f32  arm_cortexM4lf_math.lib(arm_rfft_fast_f32.o)
    0x08007116   0x08007116   0x00000036   Code   RO         1687    .text.move_window   ff.o
    0x0800714c   0x0800714c   0x000000f6   Code   RO         1753    .text.put_fat       ff.o
    0x08007242   0x08007242   0x00000002   PAD
    0x08007244   0x08007244   0x00000076   Code   RO         1685    .text.remove_chain  ff.o
    0x080072ba   0x080072ba   0x00000002   PAD
    0x080072bc   0x080072bc   0x000000b8   Code   RO         1802    .text.stage_rfft_f32  arm_cortexM4lf_math.lib(arm_rfft_fast_f32.o)
    0x08007374   0x08007374   0x00000080   Code   RO         1703    .text.sync_fs       ff.o
    0x080073f4   0x080073f4   0x0000006c   Code   RO         1733    .text.sync_window   ff.o
    0x08007460   0x08007460   0x00000030   Code   RO         1695    .text.validate      ff.o
    0x08007490   0x08007490   0x00000020   Code   RO         2234    i.__0printf         mc_w.l(printfa.o)
    0x080074b0   0x080074b0   0x00000028   Code   RO         2236    i.__0sprintf        mc_w.l(printfa.o)
    0x080074d8   0x080074d8   0x0000003a   Code   RO         1976    i.__hardfp_sqrtf    m_wm.l(sqrtf.o)
    0x08007512   0x08007512   0x0000000e   Code   RO         2355    i.__scatterload_copy  mc_w.l(handlers.o)
    0x08007520   0x08007520   0x00000002   Code   RO         2356    i.__scatterload_null  mc_w.l(handlers.o)
    0x08007522   0x08007522   0x0000000e   Code   RO         2357    i.__scatterload_zeroinit  mc_w.l(handlers.o)
    0x08007530   0x08007530   0x0000000c   Code   RO         2337    i.__set_errno       mc_w.l(errno.o)
    0x0800753c   0x0800753c   0x00000184   Code   RO         2241    i._fp_digits        mc_w.l(printfa.o)
    0x080076c0   0x080076c0   0x000006dc   Code   RO         2242    i._printf_core      mc_w.l(printfa.o)
    0x08007d9c   0x08007d9c   0x00000024   Code   RO         2243    i._printf_post_padding  mc_w.l(printfa.o)
    0x08007dc0   0x08007dc0   0x0000002e   Code   RO         2244    i._printf_pre_padding  mc_w.l(printfa.o)
    0x08007dee   0x08007dee   0x0000000a   Code   RO         2246    i._sputc            mc_w.l(printfa.o)
    0x08007df8   0x08007df8   0x00000024   Code   RO         1991    i.puts              mc_w.l(puts.o)
    0x08007e1c   0x08007e1c   0x00000010   Data   RO         1488    .rodata.AHBPrescTable  system_stm32f4xx.o
    0x08007e2c   0x08007e2c   0x00000008   Data   RO         1489    .rodata.APBPrescTable  system_stm32f4xx.o
    0x08007e34   0x08007e34   0x00000080   Data   RO         1760    .rodata.ExCvt       ff.o
    0x08007eb4   0x08007eb4   0x00000014   Data   RO          124    .rodata.SD_Driver   sd_diskio.o
    0x08007ec8   0x08007ec8   0x00000e10   Data   RO         1893    .rodata.armBitRevIndexTable1024  arm_cortexM4lf_math.lib(arm_common_tables.o)
    0x08008cd8   0x08008cd8   0x000005f1   Data   RO         1499    .rodata.asc16       font.o
    0x080092c9   0x080092c9   0x00000008   Data   RO          565    .rodata.cst8        stm32f4xx_hal_dma.o
    0x080092d1   0x080092d1   0x00000022   Data   RO         1501    .rodata.hz16        font.o
    0x080092f3   0x080092f3   0x00000025   Data   RO         1614    .rodata.str1.1      user_fft.o
    0x08009318   0x08009318   0x0000000f   Data   RO         1757    .rodata.str1.1      ff.o
    0x08009327   0x08009327   0x00000001   PAD
    0x08009328   0x08009328   0x00000018   Data   RO         1615    .rodata.str1.4      user_fft.o
    0x08009340   0x08009340   0x00002000   Data   RO         1866    .rodata.twiddleCoef_1024  arm_cortexM4lf_math.lib(arm_common_tables.o)
    0x0800b340   0x0800b340   0x00002000   Data   RO         1911    .rodata.twiddleCoef_rfft_2048  arm_cortexM4lf_math.lib(arm_common_tables.o)
    0x0800d340   0x0800d340   0x00000020   Data   RO         2354    Region$$Table       anon$$obj.o


    Execution Region RW_IRAM1 (Exec base: 0x20000000, Load base: 0x0800d360, Size: 0x000148d0, Max: 0x00020000, ABSOLUTE)

    Exec Addr    Load Addr    Size         Type   Attr      Idx    E Section Name        Object

    0x20000000   0x0800d360   0x00000004   Data   RW         2320    .data               mc_w.l(stdout.o)
    0x20000004   0x0800d364   0x00000004   Data   RW         2338    .data               mc_w.l(errno.o)
    0x20000008   0x0800d368   0x00000004   Data   RW         1537    .data.LastX_FFT     gui.o
    0x2000000c   0x0800d36c   0x00000004   Data   RW         1538    .data.LastY_FFT     gui.o
    0x20000010   0x0800d370   0x00000004   Data   RW         1536    .data.LastY_Wave    gui.o
    0x20000014   0x0800d374   0x00000001   Data   RW          125    .data.Stat          sd_diskio.o
    0x20000015   0x0800d375   0x00000003   PAD
    0x20000018   0x0800d378   0x00000004   Data   RW         1487    .data.SystemCoreClock  system_stm32f4xx.o
    0x2000001c   0x0800d37c   0x00000020   Data   RW         1556    .data.UserMessage   user_main.o
    0x2000003c   0x0800d39c   0x0000001c   Data   RW         1557    .data.UserMessage1  user_main.o
    0x20000058   0x0800d3b8   0x00000024   Data   RW         1558    .data.UserMessage2  user_main.o
    0x2000007c   0x0800d3dc   0x00000016   Data   RW         1559    .data.UserMessage3  user_main.o
    0x20000092   0x0800d3f2   0x00000001   Data   RW          741    .data.uwTickFreq    stm32f4xx_hal.o
    0x20000093   0x0800d3f3   0x00000001   PAD
    0x20000094   0x0800d3f4   0x00000004   Data   RW          740    .data.uwTickPrio    stm32f4xx_hal.o
    0x20000098        -       0x00001000   Zero   RW         1539    .bss.Adc_table      gui.o
    0x20001098        -       0x00002000   Zero   RW         1540    .bss.FFT_table      gui.o
    0x20003098        -       0x00000004   Zero   RW         1755    .bss.FatFs          ff.o
    0x2000309c        -       0x00000020   Zero   RW         1758    .bss.Files          ff.o
    0x200030bc        -       0x00000002   Zero   RW         1759    .bss.Fsid           ff.o
    0x200030be   0x0800d3f8   0x00000002   PAD
    0x200030c0        -       0x00000004   Zero   RW         1535    .bss.LastX_Wave     gui.o
    0x200030c4        -       0x00000230   Zero   RW          141    .bss.SDFatFS        fatfs.o
    0x200032f4        -       0x00000230   Zero   RW          142    .bss.SDFile         fatfs.o
    0x20003524        -       0x00000004   Zero   RW          139    .bss.SDPath         fatfs.o
    0x20003528        -       0x00000001   Zero   RW         1560    .bss.command        user_main.o
    0x20003529   0x0800d3f8   0x00000003   PAD
    0x2000352c        -       0x0000000c   Zero   RW         1780    .bss.disk           ff_gen_drv.o
    0x20003538        -       0x00000048   Zero   RW           42    .bss.hadc1          adc.o
    0x20003580        -       0x00000060   Zero   RW           43    .bss.hdma_adc1      adc.o
    0x200035e0        -       0x00000084   Zero   RW          157    .bss.hsd            sdio.o
    0x20003664        -       0x00000058   Zero   RW          197    .bss.hspi1          spi.o
    0x200036bc        -       0x00000040   Zero   RW          222    .bss.htim3          tim.o
    0x200036fc        -       0x00000040   Zero   RW          238    .bss.huart1         usart.o
    0x2000373c        -       0x00000004   Zero   RW         1607    .bss.i              user_fft.o
    0x20003740        -       0x00000001   Zero   RW          140    .bss.retSD          fatfs.o
    0x20003741   0x0800d3f8   0x00000003   PAD
    0x20003744        -       0x00000004   Zero   RW         1608    .bss.temp           user_fft.o
    0x20003748        -       0x00000004   Zero   RW         1610    .bss.temp2          user_fft.o
    0x2000374c        -       0x00000004   Zero   RW         1612    .bss.temp3          user_fft.o
    0x20003750        -       0x00000004   Zero   RW         1609    .bss.tempi          user_fft.o
    0x20003754        -       0x00000004   Zero   RW         1611    .bss.tempi2         user_fft.o
    0x20003758        -       0x00000004   Zero   RW         1613    .bss.tempi3         user_fft.o
    0x2000375c        -       0x00000004   Zero   RW          742    .bss.uwTick         stm32f4xx_hal.o
    0x20003760        -       0x00011170   Zero   RW            1    STACK               startup_stm32f407xx.o


==============================================================================

Image component sizes


      Code (inc. data)   RO Data    RW Data    ZI Data      Debug   Object Name

       274          0          0          0        168       4944   adc.o
       148          0          0          0          0       7145   bsp_driver_sd.o
       142          0          0          0          0       1724   diskio.o
        56          0          0          0          0       3274   dma.o
        38          0          0          0       1125       1786   fatfs.o
      6330          0        143          0         38      46486   ff.o
        84          0          0          0         12       2772   ff_gen_drv.o
         0          0       1555          0          0        794   font.o
       242          0          0          0          0       2187   gpio.o
      1302         48          0         12      12292       7970   gui.o
       202          0          0          0          0       2596   main.o
       230          4         20          1          0       3085   sd_diskio.o
       144         68          0          0          0        946   sdcard.o
       196          0          0          0        132       5173   sdio.o
      1172          0          0          0         88       7881   spi.o
        36          8        392          0      70000        828   startup_stm32f407xx.o
       212          0          0          5          4       7140   stm32f4xx_hal.o
      1120          0          0          0          0       9989   stm32f4xx_hal_adc.o
       192          0          0          0          0       9832   stm32f4xx_hal_cortex.o
      1054          4          8          0          0       8903   stm32f4xx_hal_dma.o
       418          0          0          0          0       4788   stm32f4xx_hal_gpio.o
        56          0          0          0          0       1430   stm32f4xx_hal_msp.o
      1278          0          0          0          0       6975   stm32f4xx_hal_rcc.o
      1920          0          0          0          0      21288   stm32f4xx_hal_sd.o
       730          0          0          0          0      19470   stm32f4xx_hal_spi.o
       778          0          0          0          0      42369   stm32f4xx_hal_tim.o
        64          0          0          0          0      15829   stm32f4xx_hal_tim_ex.o
      1516          0          0          0          0      16176   stm32f4xx_hal_uart.o
        44          0          0          0          0       1170   stm32f4xx_it.o
      1214          0          0          0          0      15604   stm32f4xx_ll_sdmmc.o
        88          0         24          4          0       2574   system_stm32f4xx.o
       172          0          0          0         64       4696   tim.o
       192          0          0          0         64       6559   usart.o
        78          0          0          0          0       3556   user_adc.o
      1384        112         61          0         28       4877   user_fft.o
       418          4          0        118          1       1299   user_main.o
        74          0          0          0          0       3640   user_uart.o

    ----------------------------------------------------------------------
     23674        248       2236        144      84024     307755   Object Totals
         0          0         32          0          0          0   (incl. Generated)
        76          0          1          4          8          0   (incl. Padding)

    ----------------------------------------------------------------------

      Code (inc. data)   RO Data    RW Data    ZI Data      Debug   Library Member Name

        64          0          0          0          0       1216   arm_bitreversal2.o
      1698          0          0          0          0       6287   arm_cfft_f32.o
      1448          8          0          0          0       5155   arm_cfft_radix8_f32.o
       320          0          0          0          0       2006   arm_cmplx_mag_f32.o
         0          0      19984          0          0       4961   arm_common_tables.o
       442          0          0          0          0       2992   arm_rfft_fast_f32.o
        60          0          0          0          0       3555   arm_rfft_fast_init_f32.o
        58          0          0          0          0        136   sqrtf.o
         0          0          0          0          0          0   entry.o
         0          0          0          0          0          0   entry10a.o
         0          0          0          0          0          0   entry11a.o
         8          4          0          0          0          0   entry2.o
         4          0          0          0          0          0   entry5.o
         0          0          0          0          0          0   entry7b.o
         0          0          0          0          0          0   entry8b.o
         8          4          0          0          0          0   entry9a.o
        12          6          0          4          0         68   errno.o
        30          0          0          0          0          0   handlers.o
        36          8          0          0          0         68   init.o
         0          0          0          0          0          0   iusefp.o
        30          0          0          0          0         68   llshl.o
        36          0          0          0          0         68   llsshr.o
        32          0          0          0          0         68   llushr.o
        36          0          0          0          0        108   memseta.o
      2308         96          0          0          0        604   printfa.o
        36          6          0          0          0         80   puts.o
         0          0          0          4          0          0   stdout.o
        14          0          0          0          0         68   strlen.o
        44          0          0          0          0         80   uidiv.o
        98          0          0          0          0         92   uldiv.o
        48          0          0          0          0         68   cdrcmple.o
        56          0          0          0          0         88   d2f.o
       334          0          0          0          0        148   dadd.o
       222          0          0          0          0        100   ddiv.o
       186          0          0          0          0        176   depilogue.o
        62          0          0          0          0         80   dfixi.o
        48          0          0          0          0         68   dfixul.o
        34          0          0          0          0         76   dflti.o
        26          0          0          0          0         76   dfltui.o
       228          0          0          0          0         96   dmul.o
        38          0          0          0          0         68   f2d.o
       110          0          0          0          0        168   fepilogue.o

    ----------------------------------------------------------------------
      8218        132      19984          8          0      28892   Library Totals
         4          0          0          0          0          0   (incl. Padding)

    ----------------------------------------------------------------------

      Code (inc. data)   RO Data    RW Data    ZI Data      Debug   Library Name

      4032          8      19984          0          0      26172   arm_cortexM4lf_math.lib
        58          0          0          0          0        136   m_wm.l
      2732        124          0          8          0       1372   mc_w.l
      1392          0          0          0          0       1212   mf_w.l

    ----------------------------------------------------------------------
      8218        132      19984          8          0      28892   Library Totals

    ----------------------------------------------------------------------

==============================================================================


      Code (inc. data)   RO Data    RW Data    ZI Data      Debug   

     31892        380      22220        152      84024     334859   Grand Totals
     31892        380      22220        152      84024     334859   ELF Image Totals
     31892        380      22220        152          0          0   ROM Totals

==============================================================================

    Total RO  Size (Code + RO Data)                54112 (  52.84kB)
    Total RW  Size (RW Data + ZI Data)             84176 (  82.20kB)
    Total ROM Size (Code + RO Data + RW Data)      54264 (  52.99kB)

==============================================================================

