Component: ARM Compiler 6.12 Tool: armlink [5d624300]

==============================================================================

Section Cross References

    startup_stm32f407xx.o(RESET) refers to startup_stm32f407xx.o(STACK) for __initial_sp
    startup_stm32f407xx.o(RESET) refers to startup_stm32f407xx.o(.text) for Reset_Handler
    startup_stm32f407xx.o(RESET) refers to stm32f4xx_it.o(.text.NMI_Handler) for NMI_Handler
    startup_stm32f407xx.o(RESET) refers to stm32f4xx_it.o(.text.HardFault_Handler) for HardFault_Handler
    startup_stm32f407xx.o(RESET) refers to stm32f4xx_it.o(.text.MemManage_Handler) for MemManage_Handler
    startup_stm32f407xx.o(RESET) refers to stm32f4xx_it.o(.text.BusFault_Handler) for BusFault_Handler
    startup_stm32f407xx.o(RESET) refers to stm32f4xx_it.o(.text.UsageFault_Handler) for UsageFault_Handler
    startup_stm32f407xx.o(RESET) refers to stm32f4xx_it.o(.text.SVC_Handler) for SVC_Handler
    startup_stm32f407xx.o(RESET) refers to stm32f4xx_it.o(.text.DebugMon_Handler) for DebugMon_Handler
    startup_stm32f407xx.o(RESET) refers to stm32f4xx_it.o(.text.PendSV_Handler) for PendSV_Handler
    startup_stm32f407xx.o(RESET) refers to stm32f4xx_it.o(.text.SysTick_Handler) for SysTick_Handler
    startup_stm32f407xx.o(RESET) refers to stm32f4xx_it.o(.text.ADC_IRQHandler) for ADC_IRQHandler
    startup_stm32f407xx.o(RESET) refers to stm32f4xx_it.o(.text.DMA2_Stream0_IRQHandler) for DMA2_Stream0_IRQHandler
    startup_stm32f407xx.o(RESET) refers to stm32f4xx_it.o(.text.DMA2_Stream2_IRQHandler) for DMA2_Stream2_IRQHandler
    startup_stm32f407xx.o(.text) refers to system_stm32f4xx.o(.text.SystemInit) for SystemInit
    startup_stm32f407xx.o(.text) refers to entry.o(.ARM.Collect$$$$00000000) for __main
    main.o(.text.main) refers to stm32f4xx_hal.o(.text.HAL_Init) for HAL_Init
    main.o(.text.main) refers to main.o(.text.SystemClock_Config) for SystemClock_Config
    main.o(.text.main) refers to gpio.o(.text.MX_GPIO_Init) for MX_GPIO_Init
    main.o(.text.main) refers to fsmc.o(.text.MX_FSMC_Init) for MX_FSMC_Init
    main.o(.text.main) refers to adc.o(.text.MX_ADC1_Init) for MX_ADC1_Init
    main.o(.text.main) refers to usart.o(.text.MX_USART1_UART_Init) for MX_USART1_UART_Init
    main.o(.text.main) refers to dma.o(.text.MX_DMA_Init) for MX_DMA_Init
    main.o(.text.main) refers to tim.o(.text.MX_TIM4_Init) for MX_TIM4_Init
    main.o(.text.main) refers to tim.o(.text.MX_TIM2_Init) for MX_TIM2_Init
    main.o(.text.main) refers to adc.o(.text.MX_ADC2_Init) for MX_ADC2_Init
    main.o(.text.main) refers to tim.o(.text.MX_TIM3_Init) for MX_TIM3_Init
    main.o(.text.main) refers to sdio.o(.text.MX_SDIO_SD_Init) for MX_SDIO_SD_Init
    main.o(.text.main) refers to fatfs.o(.text.MX_FATFS_Init) for MX_FATFS_Init
    main.o(.text.main) refers to dac.o(.text.MX_DAC_Init) for MX_DAC_Init
    main.o(.text.main) refers to usermain.o(.text.UserMain) for UserMain
    main.o(.ARM.exidx.text.main) refers to main.o(.text.main) for [Anonymous Symbol]
    main.o(.text.SystemClock_Config) refers to memseta.o(.text) for __aeabi_memclr4
    main.o(.text.SystemClock_Config) refers to stm32f4xx_hal_rcc.o(.text.HAL_RCC_OscConfig) for HAL_RCC_OscConfig
    main.o(.text.SystemClock_Config) refers to main.o(.text.Error_Handler) for Error_Handler
    main.o(.text.SystemClock_Config) refers to stm32f4xx_hal_rcc.o(.text.HAL_RCC_ClockConfig) for HAL_RCC_ClockConfig
    main.o(.ARM.exidx.text.SystemClock_Config) refers to main.o(.text.SystemClock_Config) for [Anonymous Symbol]
    main.o(.ARM.exidx.text.Error_Handler) refers to main.o(.text.Error_Handler) for [Anonymous Symbol]
    gpio.o(.text.MX_GPIO_Init) refers to stm32f4xx_hal_gpio.o(.text.HAL_GPIO_WritePin) for HAL_GPIO_WritePin
    gpio.o(.text.MX_GPIO_Init) refers to stm32f4xx_hal_gpio.o(.text.HAL_GPIO_Init) for HAL_GPIO_Init
    gpio.o(.ARM.exidx.text.MX_GPIO_Init) refers to gpio.o(.text.MX_GPIO_Init) for [Anonymous Symbol]
    adc.o(.text.MX_ADC1_Init) refers to adc.o(.bss.hadc1) for hadc1
    adc.o(.text.MX_ADC1_Init) refers to stm32f4xx_hal_adc.o(.text.HAL_ADC_Init) for HAL_ADC_Init
    adc.o(.text.MX_ADC1_Init) refers to main.o(.text.Error_Handler) for Error_Handler
    adc.o(.text.MX_ADC1_Init) refers to stm32f4xx_hal_adc.o(.text.HAL_ADC_ConfigChannel) for HAL_ADC_ConfigChannel
    adc.o(.ARM.exidx.text.MX_ADC1_Init) refers to adc.o(.text.MX_ADC1_Init) for [Anonymous Symbol]
    adc.o(.text.MX_ADC2_Init) refers to adc.o(.bss.hadc2) for hadc2
    adc.o(.text.MX_ADC2_Init) refers to stm32f4xx_hal_adc.o(.text.HAL_ADC_Init) for HAL_ADC_Init
    adc.o(.text.MX_ADC2_Init) refers to main.o(.text.Error_Handler) for Error_Handler
    adc.o(.text.MX_ADC2_Init) refers to stm32f4xx_hal_adc.o(.text.HAL_ADC_ConfigChannel) for HAL_ADC_ConfigChannel
    adc.o(.ARM.exidx.text.MX_ADC2_Init) refers to adc.o(.text.MX_ADC2_Init) for [Anonymous Symbol]
    adc.o(.text.HAL_ADC_MspInit) refers to stm32f4xx_hal_gpio.o(.text.HAL_GPIO_Init) for HAL_GPIO_Init
[...]
    [Anonymous Symbol]                       0x08007ac0   Section        0  main.o(.text.SystemClock_Config)
    [Anonymous Symbol]                       0x08007b88   Section        0  system_stm32f4xx.o(.text.SystemInit)
    [Anonymous Symbol]                       0x08007bf8   Section        0  ili93xx.o(.text.TFTLCD_Init)
    [Anonymous Symbol]                       0x0800808c   Section        0  stm32f4xx_hal_tim.o(.text.TIM_Base_SetConfig)
    [Anonymous Symbol]                       0x08008230   Section        0  stm32f4xx_hal_tim.o(.text.TIM_CCxChannelCmd)
    [Anonymous Symbol]                       0x0800827c   Section        0  stm32f4xx_hal_tim.o(.text.TIM_ETR_SetConfig)
    TIM_ITRx_SetConfig                       0x080082c9   Thumb Code    50  stm32f4xx_hal_tim.o(.text.TIM_ITRx_SetConfig)
    [Anonymous Symbol]                       0x080082c8   Section        0  stm32f4xx_hal_tim.o(.text.TIM_ITRx_SetConfig)
    TIM_OC1_SetConfig                        0x080082fd   Thumb Code   242  stm32f4xx_hal_tim.o(.text.TIM_OC1_SetConfig)
    [Anonymous Symbol]                       0x080082fc   Section        0  stm32f4xx_hal_tim.o(.text.TIM_OC1_SetConfig)
    [Anonymous Symbol]                       0x080083f0   Section        0  stm32f4xx_hal_tim.o(.text.TIM_OC2_SetConfig)
    TIM_OC3_SetConfig                        0x080084ed   Thumb Code   250  stm32f4xx_hal_tim.o(.text.TIM_OC3_SetConfig)
    [Anonymous Symbol]                       0x080084ec   Section        0  stm32f4xx_hal_tim.o(.text.TIM_OC3_SetConfig)
    TIM_OC4_SetConfig                        0x080085e9   Thumb Code   172  stm32f4xx_hal_tim.o(.text.TIM_OC4_SetConfig)
    [Anonymous Symbol]                       0x080085e8   Section        0  stm32f4xx_hal_tim.o(.text.TIM_OC4_SetConfig)
    TIM_TI1_ConfigInputStage                 0x08008695   Thumb Code    98  stm32f4xx_hal_tim.o(.text.TIM_TI1_ConfigInputStage)
    [Anonymous Symbol]                       0x08008694   Section        0  stm32f4xx_hal_tim.o(.text.TIM_TI1_ConfigInputStage)
    TIM_TI2_ConfigInputStage                 0x080086f9   Thumb Code   100  stm32f4xx_hal_tim.o(.text.TIM_TI2_ConfigInputStage)
    [Anonymous Symbol]                       0x080086f8   Section        0  stm32f4xx_hal_tim.o(.text.TIM_TI2_ConfigInputStage)
    UART_SetConfig                           0x0800875d   Thumb Code  1128  stm32f4xx_hal_uart.o(.text.UART_SetConfig)
    [Anonymous Symbol]                       0x0800875c   Section        0  stm32f4xx_hal_uart.o(.text.UART_SetConfig)
    UART_WaitOnFlagUntilTimeout              0x08008bc5   Thumb Code   188  stm32f4xx_hal_uart.o(.text.UART_WaitOnFlagUntilTimeout)
    [Anonymous Symbol]                       0x08008bc4   Section        0  stm32f4xx_hal_uart.o(.text.UART_WaitOnFlagUntilTimeout)
    [Anonymous Symbol]                       0x08008c80   Section        0  stm32f4xx_it.o(.text.UsageFault_Handler)
    [Anonymous Symbol]                       0x08008c84   Section        0  usermain.o(.text.UserMain)
    [Anonymous Symbol]                       0x08008cf0   Section        0  useradc.o(.text.User_AdcInit)
    [Anonymous Symbol]                       0x08008d40   Section        0  useradc.o(.text.User_AdcStartBlokingMode)
    [Anonymous Symbol]                       0x08008d84   Section        0  useradc.o(.text.User_AdcStop)
    [Anonymous Symbol]                       0x08008da0   Section        0  userfft.o(.text.User_FastRfft2048BlokingMode)
    __NVIC_EnableIRQ                         0x08008ee1   Thumb Code    54  stm32f4xx_hal_cortex.o(.text.__NVIC_EnableIRQ)
    [Anonymous Symbol]                       0x08008ee0   Section        0  stm32f4xx_hal_cortex.o(.text.__NVIC_EnableIRQ)
    __NVIC_GetPriorityGrouping               0x08008f19   Thumb Code    16  stm32f4xx_hal_cortex.o(.text.__NVIC_GetPriorityGrouping)
    [Anonymous Symbol]                       0x08008f18   Section        0  stm32f4xx_hal_cortex.o(.text.__NVIC_GetPriorityGrouping)
    __NVIC_SetPriority                       0x08008f29   Thumb Code    74  stm32f4xx_hal_cortex.o(.text.__NVIC_SetPriority)
    [Anonymous Symbol]                       0x08008f28   Section        0  stm32f4xx_hal_cortex.o(.text.__NVIC_SetPriority)
    __NVIC_SetPriorityGrouping               0x08008f75   Thumb Code    64  stm32f4xx_hal_cortex.o(.text.__NVIC_SetPriorityGrouping)
    [Anonymous Symbol]                       0x08008f74   Section        0  stm32f4xx_hal_cortex.o(.text.__NVIC_SetPriorityGrouping)
    [Anonymous Symbol]                       0x08008fb4   Section        0  arm_bitreversal2.o(.text.arm_bitreversal_32)
    [Anonymous Symbol]                       0x08008ff4   Section        0  arm_cfft_f32.o(.text.arm_cfft_f32)
    [Anonymous Symbol]                       0x080090d4   Section        0  arm_cfft_f32.o(.text.arm_cfft_radix8by2_f32)
    [Anonymous Symbol]                       0x08009270   Section        0  arm_cfft_f32.o(.text.arm_cfft_radix8by4_f32)
    [Anonymous Symbol]                       0x08009698   Section        0  arm_cmplx_mag_f32.o(.text.arm_cmplx_mag_f32)
    [Anonymous Symbol]                       0x080097d8   Section        0  arm_cfft_radix8_f32.o(.text.arm_radix8_butterfly_f32)
    [Anonymous Symbol]                       0x08009d80   Section        0  arm_rfft_fast_init_f32.o(.text.arm_rfft_2048_fast_init_f32)
    [Anonymous Symbol]                       0x08009dbc   Section        0  arm_rfft_fast_f32.o(.text.arm_rfft_fast_f32)
    [Anonymous Symbol]                       0x08009e0c   Section        0  my_uart.o(.text.fputc)
    [Anonymous Symbol]                       0x08009e48   Section        0  main.o(.text.main)
    [Anonymous Symbol]                       0x08009e94   Section        0  arm_rfft_fast_f32.o(.text.merge_rfft_f32)
    [Anonymous Symbol]                       0x08009f48   Section        0  arm_rfft_fast_f32.o(.text.stage_rfft_f32)
    i.__0printf                              0x0800a000   Section        0  printfa.o(i.__0printf)
    i.__0sprintf                             0x0800a020   Section        0  printfa.o(i.__0sprintf)
    i.__hardfp_sqrtf                         0x0800a048   Section        0  sqrtf.o(i.__hardfp_sqrtf)
    i.__scatterload_copy                     0x0800a082   Section       14  handlers.o(i.__scatterload_copy)
    i.__scatterload_null                     0x0800a090   Section        2  handlers.o(i.__scatterload_null)
    i.__scatterload_zeroinit                 0x0800a092   Section       14  handlers.o(i.__scatterload_zeroinit)
    i.__set_errno                            0x0800a0a0   Section        0  errno.o(i.__set_errno)
    _fp_digits                               0x0800a0ad   Thumb Code   366  printfa.o(i._fp_digits)
    i._fp_digits                             0x0800a0ac   Section        0  printfa.o(i._fp_digits)
    _printf_core                             0x0800a231   Thumb Code  1744  printfa.o(i._printf_core)
    i._printf_core                           0x0800a230   Section        0  printfa.o(i._printf_core)
    _printf_post_padding                     0x0800a90d   Thumb Code    36  printfa.o(i._printf_post_padding)
    i._printf_post_padding                   0x0800a90c   Section        0  printfa.o(i._printf_post_padding)
    _printf_pre_padding                      0x0800a931   Thumb Code    46  printfa.o(i._printf_pre_padding)
    i._printf_pre_padding                    0x0800a930   Section        0  printfa.o(i._printf_pre_padding)
    _sputc                                   0x0800a95f   Thumb Code    10  printfa.o(i._sputc)
    i._sputc                                 0x0800a95e   Section        0  printfa.o(i._sputc)
    DMA_CalcBaseAndBitshift.flagBitshiftOffset 0x0800a980   Data           8  stm32f4xx_hal_dma.o(.rodata.DMA_CalcBaseAndBitshift.flagBitshiftOffset)
    [Anonymous Symbol]                       0x0800a980   Section        0  stm32f4xx_hal_dma.o(.rodata.DMA_CalcBaseAndBitshift.flagBitshiftOffset)
    .L.str                                   0x0800cf6c   Data           8  ili93xx.o(.rodata.str1.1)
    [Anonymous Symbol]                       0x0800cf6c   Section        0  ili93xx.o(.rodata.str1.1)
    .L.str.3                                 0x0800cf74   Data           9  userfft.o(.rodata.str1.1)
    [Anonymous Symbol]                       0x0800cf74   Section        0  userfft.o(.rodata.str1.1)
    .L.str.2                                 0x0800cf7d   Data          11  userfft.o(.rodata.str1.1)
    .L.str.1                                 0x0800cf88   Data           5  userfft.o(.rodata.str1.1)
    .L.str                                   0x0800cf8d   Data           5  userfft.o(.rodata.str1.1)
    .L.str.4                                 0x0800cf92   Data           5  userfft.o(.rodata.str1.1)
    .data                                    0x20000000   Section        4  stdout.o(.data)
    _errno                                   0x20000004   Data           4  errno.o(.data)
    .data                                    0x20000004   Section        4  errno.o(.data)
    Stat                                     0x20000018   Data           1  sd_diskio.o(.data.Stat)
    [Anonymous Symbol]                       0x20000018   Section        0  sd_diskio.o(.data.Stat)
    FSMC_Initialized                         0x2000302c   Data           4  fsmc.o(.bss.FSMC_Initialized)
    [Anonymous Symbol]                       0x2000302c   Section        0  fsmc.o(.bss.FSMC_Initialized)
    STACK                                    0x20003398   Section    70000  startup_stm32f407xx.o(STACK)

    Global Symbols

    Symbol Name                              Value     Ov Type        Size  Object(Section)

    BuildAttributes$$THM_ISAv4$E$P$D$K$B$S$7EM$VFPi3$EXTD16$VFPS$VFMA$PE$A:L22UL41UL21$X:L11$S22US41US21$IEEE1$IW$~IW$USESV6$~STKCKD$USESV7$~SHL$OTIME$ROPI$IEEEJ$EBA8$MICROLIB$REQ8$PRES8$EABIv2 0x00000000   Number         0  anon$$obj.o ABSOLUTE
    __cpp_initialize__aeabi_                  - Undefined Weak Reference
    __cxa_finalize                            - Undefined Weak Reference
    __decompress                              - Undefined Weak Reference
    _clock_init                               - Undefined Weak Reference
    _microlib_exit                            - Undefined Weak Reference
    __Vectors_Size                           0x00000188   Number         0  startup_stm32f407xx.o ABSOLUTE
    __Vectors                                0x08000000   Data           4  startup_stm32f407xx.o(RESET)
    __Vectors_End                            0x08000188   Data           0  startup_stm32f407xx.o(RESET)
    __main                                   0x08000189   Thumb Code     0  entry.o(.ARM.Collect$$$$00000000)
    _main_stk                                0x08000189   Thumb Code     0  entry2.o(.ARM.Collect$$$$00000001)
    _main_scatterload                        0x0800018d   Thumb Code     0  entry5.o(.ARM.Collect$$$$00000004)
    __main_after_scatterload                 0x08000191   Thumb Code     0  entry5.o(.ARM.Collect$$$$00000004)
    _main_clock                              0x08000191   Thumb Code     0  entry7b.o(.ARM.Collect$$$$00000008)
    _main_cpp_init                           0x08000191   Thumb Code     0  entry8b.o(.ARM.Collect$$$$0000000A)
    _main_init                               0x08000191   Thumb Code     0  entry9a.o(.ARM.Collect$$$$0000000B)
    __rt_final_cpp                           0x08000199   Thumb Code     0  entry10a.o(.ARM.Collect$$$$0000000D)
    __rt_final_exit                          0x08000199   Thumb Code     0  entry11a.o(.ARM.Collect$$$$0000000F)
    Reset_Handler                            0x0800019d   Thumb Code     8  startup_stm32f407xx.o(.text)
    CAN1_RX0_IRQHandler                      0x080001b7   Thumb Code     0  startup_stm32f407xx.o(.text)
    CAN1_RX1_IRQHandler                      0x080001b7   Thumb Code     0  startup_stm32f407xx.o(.text)
    CAN1_SCE_IRQHandler                      0x080001b7   Thumb Code     0  startup_stm32f407xx.o(.text)
    CAN1_TX_IRQHandler                       0x080001b7   Thumb Code     0  startup_stm32f407xx.o(.text)
    CAN2_RX0_IRQHandler                      0x080001b7   Thumb Code     0  startup_stm32f407xx.o(.text)
    CAN2_RX1_IRQHandler                      0x080001b7   Thumb Code     0  startup_stm32f407xx.o(.text)
    CAN2_SCE_IRQHandler                      0x080001b7   Thumb Code     0  startup_stm32f407xx.o(.text)
    CAN2_TX_IRQHandler                       0x080001b7   Thumb Code     0  startup_stm32f407xx.o(.text)
    DCMI_IRQHandler                          0x080001b7   Thumb Code     0  startup_stm32f407xx.o(.text)
    DMA1_Stream0_IRQHandler                  0x080001b7   Thumb Code     0  startup_stm32f407xx.o(.text)
    DMA1_Stream1_IRQHandler                  0x080001b7   Thumb Code     0  startup_stm32f407xx.o(.text)
    DMA1_Stream2_IRQHandler                  0x080001b7   Thumb Code     0  startup_stm32f407xx.o(.text)
    DMA1_Stream3_IRQHandler                  0x080001b7   Thumb Code     0  startup_stm32f407xx.o(.text)
    DMA1_Stream4_IRQHandler                  0x080001b7   Thumb Code     0  startup_stm32f407xx.o(.text)
    DMA1_Stream5_IRQHandler                  0x080001b7   Thumb Code     0  startup_stm32f407xx.o(.text)
    DMA1_Stream6_IRQHandler                  0x080001b7   Thumb Code     0  startup_stm32f407xx.o(.text)
    DMA1_Stream7_IRQHandler                  0x080001b7   Thumb Code     0  startup_stm32f407xx.o(.text)
    DMA2_Stream1_IRQHandler                  0x080001b7   Thumb Code     0  startup_stm32f407xx.o(.text)
    DMA2_Stream3_IRQHandler                  0x080001b7   Thumb Code     0  startup_stm32f407xx.o(.text)
    DMA2_Stream4_IRQHandler                  0x080001b7   Thumb Code     0  startup_stm32f407xx.o(.text)
    DMA2_Stream5_IRQHandler                  0x080001b7   Thumb Code     0  startup_stm32f407xx.o(.text)
    DMA2_Stream6_IRQHandler                  0x080001b7   Thumb Code     0  startup_stm32f407xx.o(.text)
    DMA2_Stream7_IRQHandler                  0x080001b7   Thumb Code     0  startup_stm32f407xx.o(.text)
    ETH_IRQHandler                           0x080001b7   Thumb Code     0  startup_stm32f407xx.o(.text)
    ETH_WKUP_IRQHandler                      0x080001b7   Thumb Code     0  startup_stm32f407xx.o(.text)
    EXTI0_IRQHandler                         0x080001b7   Thumb Code     0  startup_stm32f407xx.o(.text)
    EXTI15_10_IRQHandler                     0x080001b7   Thumb Code     0  startup_stm32f407xx.o(.text)
    EXTI1_IRQHandler                         0x080001b7   Thumb Code     0  startup_stm32f407xx.o(.text)
    EXTI2_IRQHandler                         0x080001b7   Thumb Code     0  startup_stm32f407xx.o(.text)
    EXTI3_IRQHandler                         0x080001b7   Thumb Code     0  startup_stm32f407xx.o(.text)
    EXTI4_IRQHandler                         0x080001b7   Thumb Code     0  startup_stm32f407xx.o(.text)
    EXTI9_5_IRQHandler                       0x080001b7   Thumb Code     0  startup_stm32f407xx.o(.text)
    FLASH_IRQHandler                         0x080001b7   Thumb Code     0  startup_stm32f407xx.o(.text)
    FMC_IRQHandler                           0x080001b7   Thumb Code     0  startup_stm32f407xx.o(.text)
    FPU_IRQHandler                           0x080001b7   Thumb Code     0  startup_stm32f407xx.o(.text)
    HASH_RNG_IRQHandler                      0x080001b7   Thumb Code     0  startup_stm32f407xx.o(.text)
    I2C1_ER_IRQHandler                       0x080001b7   Thumb Code     0  startup_stm32f407xx.o(.text)
    I2C1_EV_IRQHandler                       0x080001b7   Thumb Code     0  startup_stm32f407xx.o(.text)
    I2C2_ER_IRQHandler                       0x080001b7   Thumb Code     0  startup_stm32f407xx.o(.text)
    I2C2_EV_IRQHandler                       0x080001b7   Thumb Code     0  startup_stm32f407xx.o(.text)
    I2C3_ER_IRQHandler                       0x080001b7   Thumb Code     0  startup_stm32f407xx.o(.text)
    I2C3_EV_IRQHandler                       0x080001b7   Thumb Code     0  startup_stm32f407xx.o(.text)
    OTG_FS_IRQHandler                        0x080001b7   Thumb Code     0  startup_stm32f407xx.o(.text)
    OTG_FS_WKUP_IRQHandler                   0x080001b7   Thumb Code     0  startup_stm32f407xx.o(.text)
    OTG_HS_EP1_IN_IRQHandler                 0x080001b7   Thumb Code     0  startup_stm32f407xx.o(.text)
    OTG_HS_EP1_OUT_IRQHandler                0x080001b7   Thumb Code     0  startup_stm32f407xx.o(.text)
    OTG_HS_IRQHandler                        0x080001b7   Thumb Code     0  startup_stm32f407xx.o(.text)
    OTG_HS_WKUP_IRQHandler                   0x080001b7   Thumb Code     0  startup_stm32f407xx.o(.text)
    PVD_IRQHandler                           0x080001b7   Thumb Code     0  startup_stm32f407xx.o(.text)
    RCC_IRQHandler                           0x080001b7   Thumb Code     0  startup_stm32f407xx.o(.text)
    RTC_Alarm_IRQHandler                     0x080001b7   Thumb Code     0  startup_stm32f407xx.o(.text)
    RTC_WKUP_IRQHandler                      0x080001b7   Thumb Code     0  startup_stm32f407xx.o(.text)
    SDIO_IRQHandler                          0x080001b7   Thumb Code     0  startup_stm32f407xx.o(.text)
    SPI1_IRQHandler                          0x080001b7   Thumb Code     0  startup_stm32f407xx.o(.text)
    SPI2_IRQHandler                          0x080001b7   Thumb Code     0  startup_stm32f407xx.o(.text)
    SPI3_IRQHandler                          0x080001b7   Thumb Code     0  startup_stm32f407xx.o(.text)
    TAMP_STAMP_IRQHandler                    0x080001b7   Thumb Code     0  startup_stm32f407xx.o(.text)
    TIM1_BRK_TIM9_IRQHandler                 0x080001b7   Thumb Code     0  startup_stm32f407xx.o(.text)
    TIM1_CC_IRQHandler                       0x080001b7   Thumb Code     0  startup_stm32f407xx.o(.text)
    TIM1_TRG_COM_TIM11_IRQHandler            0x080001b7   Thumb Code     0  startup_stm32f407xx.o(.text)
    TIM1_UP_TIM10_IRQHandler                 0x080001b7   Thumb Code     0  startup_stm32f407xx.o(.text)
    TIM2_IRQHandler                          0x080001b7   Thumb Code     0  startup_stm32f407xx.o(.text)
    TIM3_IRQHandler                          0x080001b7   Thumb Code     0  startup_stm32f407xx.o(.text)
    TIM4_IRQHandler                          0x080001b7   Thumb Code     0  startup_stm32f407xx.o(.text)
    TIM5_IRQHandler                          0x080001b7   Thumb Code     0  startup_stm32f407xx.o(.text)
    TIM6_DAC_IRQHandler                      0x080001b7   Thumb Code     0  startup_stm32f407xx.o(.text)
    TIM7_IRQHandler                          0x080001b7   Thumb Code     0  startup_stm32f407xx.o(.text)
    TIM8_BRK_TIM12_IRQHandler                0x080001b7   Thumb Code     0  startup_stm32f407xx.o(.text)
    TIM8_CC_IRQHandler                       0x080001b7   Thumb Code     0  startup_stm32f407xx.o(.text)
    TIM8_TRG_COM_TIM14_IRQHandler            0x080001b7   Thumb Code     0  startup_stm32f407xx.o(.text)
    TIM8_UP_TIM13_IRQHandler                 0x080001b7   Thumb Code     0  startup_stm32f407xx.o(.text)
    UART4_IRQHandler                         0x080001b7   Thumb Code     0  startup_stm32f407xx.o(.text)
    UART5_IRQHandler                         0x080001b7   Thumb Code     0  startup_stm32f407xx.o(.text)
    USART1_IRQHandler                        0x080001b7   Thumb Code     0  startup_stm32f407xx.o(.text)
    USART2_IRQHandler                        0x080001b7   Thumb Code     0  startup_stm32f407xx.o(.text)
    USART3_IRQHandler                        0x080001b7   Thumb Code     0  startup_stm32f407xx.o(.text)
    USART6_IRQHandler                        0x080001b7   Thumb Code     0  startup_stm32f407xx.o(.text)
    WWDG_IRQHandler                          0x080001b7   Thumb Code     0  startup_stm32f407xx.o(.text)
    __aeabi_uldivmod                         0x080001c1   Thumb Code    98  uldiv.o(.text)
    __aeabi_memset                           0x08000223   Thumb Code    14  memseta.o(.text)
    __aeabi_memset4                          0x08000223   Thumb Code     0  memseta.o(.text)
    __aeabi_memset8                          0x08000223   Thumb Code     0  memseta.o(.text)
    __aeabi_memclr                           0x08000231   Thumb Code     4  memseta.o(.text)
    __aeabi_memclr4                          0x08000231   Thumb Code     0  memseta.o(.text)
    __aeabi_memclr8                          0x08000231   Thumb Code     0  memseta.o(.text)
    _memset$wrapper                          0x08000235   Thumb Code    18  memseta.o(.text)
    __aeabi_dadd                             0x08000247   Thumb Code   322  dadd.o(.text)
    __aeabi_dsub                             0x08000389   Thumb Code     6  dadd.o(.text)
    __aeabi_drsub                            0x0800038f   Thumb Code     6  dadd.o(.text)
    __aeabi_dmul                             0x08000395   Thumb Code   228  dmul.o(.text)
    __aeabi_ddiv                             0x08000479   Thumb Code   222  ddiv.o(.text)
    __aeabi_i2d                              0x08000557   Thumb Code    34  dflti.o(.text)
    __aeabi_d2iz                             0x08000579   Thumb Code    62  dfixi.o(.text)
    __aeabi_f2d                              0x080005b7   Thumb Code    38  f2d.o(.text)
    __aeabi_d2f                              0x080005dd   Thumb Code    56  d2f.o(.text)
    __aeabi_uidiv                            0x08000615   Thumb Code     0  uidiv.o(.text)
    __aeabi_uidivmod                         0x08000615   Thumb Code    44  uidiv.o(.text)
    __aeabi_llsl                             0x08000641   Thumb Code    30  llshl.o(.text)
    _ll_shift_l                              0x08000641   Thumb Code     0  llshl.o(.text)
    __aeabi_llsr                             0x0800065f   Thumb Code    32  llushr.o(.text)
    _ll_ushift_r                             0x0800065f   Thumb Code     0  llushr.o(.text)
    __aeabi_lasr                             0x0800067f   Thumb Code    36  llsshr.o(.text)
    _ll_sshift_r                             0x0800067f   Thumb Code     0  llsshr.o(.text)
    __I$use$fp                               0x080006a3   Thumb Code     0  iusefp.o(.text)
    _float_round                             0x080006a3   Thumb Code    18  fepilogue.o(.text)
    _float_epilogue                          0x080006b5   Thumb Code    92  fepilogue.o(.text)
    _double_round                            0x08000711   Thumb Code    30  depilogue.o(.text)
    _double_epilogue                         0x0800072f   Thumb Code   156  depilogue.o(.text)
    __aeabi_d2ulz                            0x080007cb   Thumb Code    48  dfixul.o(.text)
    __aeabi_cdrcmple                         0x080007fd   Thumb Code    48  cdrcmple.o(.text)
    __scatterload                            0x0800082d   Thumb Code    28  init.o(.text)
    __scatterload_rt2                        0x0800082d   Thumb Code     0  init.o(.text)
    ADC_IRQHandler                           0x08000959   Thumb Code    28  stm32f4xx_it.o(.text.ADC_IRQHandler)
    BSP_SD_GetCardInfo                       0x08000b05   Thumb Code    38  bsp_driver_sd.o(.text.BSP_SD_GetCardInfo)
    BSP_SD_GetCardState                      0x08000b2d   Thumb Code    22  bsp_driver_sd.o(.text.BSP_SD_GetCardState)
    BSP_SD_Init                              0x08000b45   Thumb Code    62  bsp_driver_sd.o(.text.BSP_SD_Init)
    BSP_SD_IsDetected                        0x08000b85   Thumb Code    16  bsp_driver_sd.o(.text.BSP_SD_IsDetected)
    BSP_SD_ReadBlocks                        0x08000b95   Thumb Code    84  bsp_driver_sd.o(.text.BSP_SD_ReadBlocks)
    BSP_SD_WriteBlocks                       0x08000be9   Thumb Code    84  bsp_driver_sd.o(.text.BSP_SD_WriteBlocks)
    BusFault_Handler                         0x08000c3d   Thumb Code     4  stm32f4xx_it.o(.text.BusFault_Handler)
    DMA2_Stream0_IRQHandler                  0x08000c41   Thumb Code    16  stm32f4xx_it.o(.text.DMA2_Stream0_IRQHandler)
    DMA2_Stream2_IRQHandler                  0x08000c51   Thumb Code    16  stm32f4xx_it.o(.text.DMA2_Stream2_IRQHandler)
    DebugMon_Handler                         0x08000e1d   Thumb Code     2  stm32f4xx_it.o(.text.DebugMon_Handler)
    Error_Handler                            0x08000e21   Thumb Code     2  main.o(.text.Error_Handler)
    FATFS_LinkDriver                         0x08000e25   Thumb Code    34  ff_gen_drv.o(.text.FATFS_LinkDriver)
    FATFS_LinkDriverEx                       0x08000e49   Thumb Code   140  ff_gen_drv.o(.text.FATFS_LinkDriverEx)
    FSMC_NORSRAM_Extended_Timing_Init        0x08000ed5   Thumb Code   134  stm32f4xx_ll_fsmc.o(.text.FSMC_NORSRAM_Extended_Timing_Init)
    FSMC_NORSRAM_Init                        0x08000f5d   Thumb Code   180  stm32f4xx_ll_fsmc.o(.text.FSMC_NORSRAM_Init)
    FSMC_NORSRAM_Timing_Init                 0x08001011   Thumb Code   120  stm32f4xx_ll_fsmc.o(.text.FSMC_NORSRAM_Timing_Init)
    Gui_DrawLine                             0x08001089   Thumb Code   374  ili93xx.o(.text.Gui_DrawLine)
    HAL_ADCEx_InjectedConvCpltCallback       0x08001201   Thumb Code    12  stm32f4xx_hal_adc_ex.o(.text.HAL_ADCEx_InjectedConvCpltCallback)
    HAL_ADC_ConfigChannel                    0x0800120d   Thumb Code   552  stm32f4xx_hal_adc.o(.text.HAL_ADC_ConfigChannel)
    HAL_ADC_ConvCpltCallback                 0x08001435   Thumb Code    56  automaticdimming.o(.text.HAL_ADC_ConvCpltCallback)
    HAL_ADC_ConvHalfCpltCallback             0x0800146d   Thumb Code    12  stm32f4xx_hal_adc.o(.text.HAL_ADC_ConvHalfCpltCallback)
    HAL_ADC_ErrorCallback                    0x08001479   Thumb Code    12  stm32f4xx_hal_adc.o(.text.HAL_ADC_ErrorCallback)
    HAL_ADC_IRQHandler                       0x08001485   Thumb Code   578  stm32f4xx_hal_adc.o(.text.HAL_ADC_IRQHandler)
    HAL_ADC_Init                             0x080016c9   Thumb Code   180  stm32f4xx_hal_adc.o(.text.HAL_ADC_Init)
    HAL_ADC_LevelOutOfWindowCallback         0x0800177d   Thumb Code    12  stm32f4xx_hal_adc.o(.text.HAL_ADC_LevelOutOfWindowCallback)
    HAL_ADC_MspInit                          0x08001789   Thumb Code   488  adc.o(.text.HAL_ADC_MspInit)
    HAL_ADC_Start_DMA                        0x08001971   Thumb Code   558  stm32f4xx_hal_adc.o(.text.HAL_ADC_Start_DMA)
    HAL_ADC_Stop_DMA                         0x08001ba1   Thumb Code   160  stm32f4xx_hal_adc.o(.text.HAL_ADC_Stop_DMA)
    HAL_DAC_ConfigChannel                    0x08001c41   Thumb Code   176  stm32f4xx_hal_dac.o(.text.HAL_DAC_ConfigChannel)
    HAL_DAC_Init                             0x08001cf1   Thumb Code    82  stm32f4xx_hal_dac.o(.text.HAL_DAC_Init)
    HAL_DAC_MspInit                          0x08001d45   Thumb Code   142  dac.o(.text.HAL_DAC_MspInit)
    HAL_DMA_Abort                            0x08001dd5   Thumb Code   250  stm32f4xx_hal_dma.o(.text.HAL_DMA_Abort)
    HAL_DMA_IRQHandler                       0x08001ed1   Thumb Code   854  stm32f4xx_hal_dma.o(.text.HAL_DMA_IRQHandler)
    HAL_DMA_Init                             0x08002229   Thumb Code   386  stm32f4xx_hal_dma.o(.text.HAL_DMA_Init)
    HAL_DMA_Start_IT                         0x080023ad   Thumb Code   230  stm32f4xx_hal_dma.o(.text.HAL_DMA_Start_IT)
    HAL_Delay                                0x08002495   Thumb Code    78  stm32f4xx_hal.o(.text.HAL_Delay)
    HAL_GPIO_Init                            0x08002599   Thumb Code   974  stm32f4xx_hal_gpio.o(.text.HAL_GPIO_Init)
    HAL_GPIO_WritePin                        0x08002969   Thumb Code    66  stm32f4xx_hal_gpio.o(.text.HAL_GPIO_WritePin)
    HAL_GetTick                              0x080029ad   Thumb Code    12  stm32f4xx_hal.o(.text.HAL_GetTick)
    HAL_IncTick                              0x080029b9   Thumb Code    26  stm32f4xx_hal.o(.text.HAL_IncTick)
    HAL_Init                                 0x080029d5   Thumb Code    62  stm32f4xx_hal.o(.text.HAL_Init)
    HAL_InitTick                             0x08002a15   Thumb Code   118  stm32f4xx_hal.o(.text.HAL_InitTick)
    HAL_MspInit                              0x08002a8d   Thumb Code    78  stm32f4xx_hal_msp.o(.text.HAL_MspInit)
    HAL_NVIC_EnableIRQ                       0x08002add   Thumb Code    24  stm32f4xx_hal_cortex.o(.text.HAL_NVIC_EnableIRQ)
    HAL_NVIC_SetPriority                     0x08002af5   Thumb Code    76  stm32f4xx_hal_cortex.o(.text.HAL_NVIC_SetPriority)
    HAL_NVIC_SetPriorityGrouping             0x08002b41   Thumb Code    20  stm32f4xx_hal_cortex.o(.text.HAL_NVIC_SetPriorityGrouping)
    HAL_RCC_ClockConfig                      0x08002b55   Thumb Code   628  stm32f4xx_hal_rcc.o(.text.HAL_RCC_ClockConfig)
    HAL_RCC_GetHCLKFreq                      0x08002dc9   Thumb Code    12  stm32f4xx_hal_rcc.o(.text.HAL_RCC_GetHCLKFreq)
    HAL_RCC_GetPCLK1Freq                     0x08002dd5   Thumb Code    38  stm32f4xx_hal_rcc.o(.text.HAL_RCC_GetPCLK1Freq)
    HAL_RCC_GetPCLK2Freq                     0x08002dfd   Thumb Code    42  stm32f4xx_hal_rcc.o(.text.HAL_RCC_GetPCLK2Freq)
    HAL_RCC_GetSysClockFreq                  0x08002e29   Thumb Code   232  stm32f4xx_hal_rcc.o(.text.HAL_RCC_GetSysClockFreq)
    HAL_RCC_OscConfig                        0x08002f11   Thumb Code  1650  stm32f4xx_hal_rcc.o(.text.HAL_RCC_OscConfig)
    HAL_SD_GetCardCSD                        0x08003585   Thumb Code   890  stm32f4xx_hal_sd.o(.text.HAL_SD_GetCardCSD)
    HAL_SD_GetCardInfo                       0x08003901   Thumb Code    84  stm32f4xx_hal_sd.o(.text.HAL_SD_GetCardInfo)
    HAL_SD_GetCardState                      0x08003955   Thumb Code    72  stm32f4xx_hal_sd.o(.text.HAL_SD_GetCardState)
    HAL_SD_Init                              0x0800399d   Thumb Code   106  stm32f4xx_hal_sd.o(.text.HAL_SD_Init)
    HAL_SD_InitCard                          0x08003a09   Thumb Code   208  stm32f4xx_hal_sd.o(.text.HAL_SD_InitCard)
    HAL_SD_MspInit                           0x08003ad9   Thumb Code   242  sdio.o(.text.HAL_SD_MspInit)
    HAL_SD_ReadBlocks                        0x08003bcd   Thumb Code   900  stm32f4xx_hal_sd.o(.text.HAL_SD_ReadBlocks)
    HAL_SD_WriteBlocks                       0x08003f51   Thumb Code   794  stm32f4xx_hal_sd.o(.text.HAL_SD_WriteBlocks)
    HAL_SRAM_Init                            0x0800426d   Thumb Code   174  stm32f4xx_hal_sram.o(.text.HAL_SRAM_Init)
    HAL_SRAM_MspInit                         0x0800431d   Thumb Code    18  fsmc.o(.text.HAL_SRAM_MspInit)
    HAL_SYSTICK_Config                       0x08004331   Thumb Code    20  stm32f4xx_hal_cortex.o(.text.HAL_SYSTICK_Config)
    HAL_TIMEx_MasterConfigSynchronization    0x08004345   Thumb Code   160  stm32f4xx_hal_tim_ex.o(.text.HAL_TIMEx_MasterConfigSynchronization)
    HAL_TIM_Base_Init                        0x080043e5   Thumb Code   102  stm32f4xx_hal_tim.o(.text.HAL_TIM_Base_Init)
    HAL_TIM_Base_MspInit                     0x0800444d   Thumb Code   178  tim.o(.text.HAL_TIM_Base_MspInit)
    HAL_TIM_Base_Start                       0x08004501   Thumb Code    64  stm32f4xx_hal_tim.o(.text.HAL_TIM_Base_Start)
    HAL_TIM_Base_Start_IT                    0x08004541   Thumb Code    60  stm32f4xx_hal_tim.o(.text.HAL_TIM_Base_Start_IT)
    HAL_TIM_ConfigClockSource                0x0800457d   Thumb Code   414  stm32f4xx_hal_tim.o(.text.HAL_TIM_ConfigClockSource)
    HAL_TIM_MspPostInit                      0x0800471d   Thumb Code   114  tim.o(.text.HAL_TIM_MspPostInit)
    HAL_TIM_PWM_ConfigChannel                0x08004791   Thumb Code   352  stm32f4xx_hal_tim.o(.text.HAL_TIM_PWM_ConfigChannel)
    HAL_TIM_PWM_Init                         0x080048f1   Thumb Code   102  stm32f4xx_hal_tim.o(.text.HAL_TIM_PWM_Init)
    HAL_TIM_PWM_MspInit                      0x08004959   Thumb Code    12  stm32f4xx_hal_tim.o(.text.HAL_TIM_PWM_MspInit)
    HAL_TIM_PWM_Start                        0x08004965   Thumb Code   144  stm32f4xx_hal_tim.o(.text.HAL_TIM_PWM_Start)
    HAL_UART_Init                            0x080049f5   Thumb Code   166  stm32f4xx_hal_uart.o(.text.HAL_UART_Init)
    HAL_UART_MspInit                         0x08004a9d   Thumb Code   242  usart.o(.text.HAL_UART_MspInit)
    HAL_UART_Transmit                        0x08004b91   Thumb Code   384  stm32f4xx_hal_uart.o(.text.HAL_UART_Transmit)
    HardFault_Handler                        0x08004d11   Thumb Code     4  stm32f4xx_it.o(.text.HardFault_Handler)
    LCD_Clear                                0x08004d15   Thumb Code   174  ili93xx.o(.text.LCD_Clear)
    LCD_Display_Dir                          0x08004dc5   Thumb Code   536  ili93xx.o(.text.LCD_Display_Dir)
    LCD_DrawPoint                            0x08004fdd   Thumb Code    58  ili93xx.o(.text.LCD_DrawPoint)
    LCD_Fast_DrawPoint                       0x08005019   Thumb Code   474  ili93xx.o(.text.LCD_Fast_DrawPoint)
    LCD_OUTPUT_FFT                           0x080051f5   Thumb Code   296  gui.o(.text.LCD_OUTPUT_FFT)
    LCD_OUTPUT_Float                         0x0800531d   Thumb Code   130  ili93xx.o(.text.LCD_OUTPUT_Float)
    LCD_OUTPUT_Wave                          0x080053a1   Thumb Code   520  gui.o(.text.LCD_OUTPUT_Wave)
    LCD_RD_DATA                              0x080055a9   Thumb Code    22  ili93xx.o(.text.LCD_RD_DATA)
    LCD_ReadReg                              0x080055c1   Thumb Code    34  ili93xx.o(.text.LCD_ReadReg)
    LCD_Scan_Dir                             0x080055e5   Thumb Code  1084  ili93xx.o(.text.LCD_Scan_Dir)
    LCD_SetCursor                            0x08005a21   Thumb Code   430  ili93xx.o(.text.LCD_SetCursor)
    LCD_ShowChar                             0x08005bd1   Thumb Code   478  ili93xx.o(.text.LCD_ShowChar)
    LCD_ShowString                           0x08005db1   Thumb Code   242  ili93xx.o(.text.LCD_ShowString)
    LCD_WR_DATA                              0x08005ea5   Thumb Code    34  ili93xx.o(.text.LCD_WR_DATA)
    LCD_WR_REG                               0x08005ec9   Thumb Code    36  ili93xx.o(.text.LCD_WR_REG)
    LCD_WriteRAM_Prepare                     0x08005eed   Thumb Code    22  ili93xx.o(.text.LCD_WriteRAM_Prepare)
    LCD_WriteReg                             0x08005f05   Thumb Code    48  ili93xx.o(.text.LCD_WriteReg)
    Lcd_Clear                                0x08005f35   Thumb Code    94  ili93xx.o(.text.Lcd_Clear)
    MX_ADC1_Init                             0x08005f95   Thumb Code   130  adc.o(.text.MX_ADC1_Init)
    MX_ADC2_Init                             0x08006019   Thumb Code   130  adc.o(.text.MX_ADC2_Init)
    MX_DAC_Init                              0x0800609d   Thumb Code    88  dac.o(.text.MX_DAC_Init)
    MX_DMA_Init                              0x080060f5   Thumb Code    82  dma.o(.text.MX_DMA_Init)
    MX_FATFS_Init                            0x08006149   Thumb Code    34  fatfs.o(.text.MX_FATFS_Init)
    MX_FSMC_Init                             0x0800616d   Thumb Code   178  fsmc.o(.text.MX_FSMC_Init)
    MX_GPIO_Init                             0x08006221   Thumb Code   352  gpio.o(.text.MX_GPIO_Init)
    MX_SDIO_SD_Init                          0x08006381   Thumb Code    38  sdio.o(.text.MX_SDIO_SD_Init)
    MX_TIM2_Init                             0x080063a9   Thumb Code   134  tim.o(.text.MX_TIM2_Init)
    MX_TIM3_Init                             0x08006431   Thumb Code   140  tim.o(.text.MX_TIM3_Init)
    MX_TIM4_Init                             0x080064bd   Thumb Code   236  tim.o(.text.MX_TIM4_Init)
    MX_USART1_UART_Init                      0x080065a9   Thumb Code    64  usart.o(.text.MX_USART1_UART_Init)
    MemManage_Handler                        0x080065e9   Thumb Code     4  stm32f4xx_it.o(.text.MemManage_Handler)
    NMI_Handler                              0x080065ed   Thumb Code     2  stm32f4xx_it.o(.text.NMI_Handler)
    OUTPUT_Fre                               0x08006671   Thumb Code   744  userfft.o(.text.OUTPUT_Fre)
    PendSV_Handler                           0x08006959   Thumb Code     2  stm32f4xx_it.o(.text.PendSV_Handler)
    SDIO_ConfigData                          0x0800695d   Thumb Code   108  stm32f4xx_ll_sdmmc.o(.text.SDIO_ConfigData)
    SDIO_GetCommandResponse                  0x080069c9   Thumb Code    18  stm32f4xx_ll_sdmmc.o(.text.SDIO_GetCommandResponse)
    SDIO_GetPowerState                       0x080069dd   Thumb Code    20  stm32f4xx_ll_sdmmc.o(.text.SDIO_GetPowerState)
    SDIO_GetResponse                         0x080069f1   Thumb Code    36  stm32f4xx_ll_sdmmc.o(.text.SDIO_GetResponse)
    SDIO_Init                                0x08006a15   Thumb Code   112  stm32f4xx_ll_sdmmc.o(.text.SDIO_Init)
    SDIO_PowerState_ON                       0x08006a85   Thumb Code    20  stm32f4xx_ll_sdmmc.o(.text.SDIO_PowerState_ON)
    SDIO_ReadFIFO                            0x08006a99   Thumb Code    18  stm32f4xx_ll_sdmmc.o(.text.SDIO_ReadFIFO)
    SDIO_SendCommand                         0x08006aad   Thumb Code   100  stm32f4xx_ll_sdmmc.o(.text.SDIO_SendCommand)
    SDIO_WriteFIFO                           0x08006b11   Thumb Code    30  stm32f4xx_ll_sdmmc.o(.text.SDIO_WriteFIFO)
    SDMMC_CmdAppCommand                      0x08006b31   Thumb Code    82  stm32f4xx_ll_sdmmc.o(.text.SDMMC_CmdAppCommand)
    SDMMC_CmdAppOperCommand                  0x08006b85   Thumb Code    78  stm32f4xx_ll_sdmmc.o(.text.SDMMC_CmdAppOperCommand)
    SDMMC_CmdBlockLength                     0x08006bd5   Thumb Code    82  stm32f4xx_ll_sdmmc.o(.text.SDMMC_CmdBlockLength)
    SDMMC_CmdGoIdleState                     0x08006c29   Thumb Code    56  stm32f4xx_ll_sdmmc.o(.text.SDMMC_CmdGoIdleState)
    SDMMC_CmdOperCond                        0x08006c61   Thumb Code    64  stm32f4xx_ll_sdmmc.o(.text.SDMMC_CmdOperCond)
    SDMMC_CmdReadMultiBlock                  0x08006ca1   Thumb Code    82  stm32f4xx_ll_sdmmc.o(.text.SDMMC_CmdReadMultiBlock)
    SDMMC_CmdReadSingleBlock                 0x08006cf5   Thumb Code    82  stm32f4xx_ll_sdmmc.o(.text.SDMMC_CmdReadSingleBlock)
    SDMMC_CmdSelDesel                        0x08006d49   Thumb Code    86  stm32f4xx_ll_sdmmc.o(.text.SDMMC_CmdSelDesel)
    SDMMC_CmdSendCID                         0x08006da1   Thumb Code    60  stm32f4xx_ll_sdmmc.o(.text.SDMMC_CmdSendCID)
    SDMMC_CmdSendCSD                         0x08006ddd   Thumb Code    66  stm32f4xx_ll_sdmmc.o(.text.SDMMC_CmdSendCSD)
    SDMMC_CmdSendStatus                      0x08006e21   Thumb Code    82  stm32f4xx_ll_sdmmc.o(.text.SDMMC_CmdSendStatus)
    SDMMC_CmdSetRelAdd                       0x08006e75   Thumb Code    78  stm32f4xx_ll_sdmmc.o(.text.SDMMC_CmdSetRelAdd)
    SDMMC_CmdStopTransfer                    0x08006ec5   Thumb Code    72  stm32f4xx_ll_sdmmc.o(.text.SDMMC_CmdStopTransfer)
    SDMMC_CmdWriteMultiBlock                 0x08006f0d   Thumb Code    82  stm32f4xx_ll_sdmmc.o(.text.SDMMC_CmdWriteMultiBlock)
    SDMMC_CmdWriteSingleBlock                0x08006f61   Thumb Code    82  stm32f4xx_ll_sdmmc.o(.text.SDMMC_CmdWriteSingleBlock)
    SD_initialize                            0x08007881   Thumb Code    70  sd_diskio.o(.text.SD_initialize)
    SD_ioctl                                 0x080078c9   Thumb Code   192  sd_diskio.o(.text.SD_ioctl)
    SD_read                                  0x08007989   Thumb Code    90  sd_diskio.o(.text.SD_read)
    SD_status                                0x080079e5   Thumb Code    24  sd_diskio.o(.text.SD_status)
    SD_write                                 0x080079fd   Thumb Code    90  sd_diskio.o(.text.SD_write)
    SVC_Handler                              0x08007a59   Thumb Code     2  stm32f4xx_it.o(.text.SVC_Handler)
    SysTick_Handler                          0x08007ab9   Thumb Code     8  stm32f4xx_it.o(.text.SysTick_Handler)
    SystemClock_Config                       0x08007ac1   Thumb Code   198  main.o(.text.SystemClock_Config)
    SystemInit                               0x08007b89   Thumb Code   110  system_stm32f4xx.o(.text.SystemInit)
    TFTLCD_Init                              0x08007bf9   Thumb Code  1170  ili93xx.o(.text.TFTLCD_Init)
    TIM_Base_SetConfig                       0x0800808d   Thumb Code   418  stm32f4xx_hal_tim.o(.text.TIM_Base_SetConfig)
    TIM_CCxChannelCmd                        0x08008231   Thumb Code    74  stm32f4xx_hal_tim.o(.text.TIM_CCxChannelCmd)
    TIM_ETR_SetConfig                        0x0800827d   Thumb Code    74  stm32f4xx_hal_tim.o(.text.TIM_ETR_SetConfig)
    TIM_OC2_SetConfig                        0x080083f1   Thumb Code   252  stm32f4xx_hal_tim.o(.text.TIM_OC2_SetConfig)
    UsageFault_Handler                       0x08008c81   Thumb Code     4  stm32f4xx_it.o(.text.UsageFault_Handler)
    UserMain                                 0x08008c85   Thumb Code   108  usermain.o(.text.UserMain)
    User_AdcInit                             0x08008cf1   Thumb Code    80  useradc.o(.text.User_AdcInit)
    User_AdcStartBlokingMode                 0x08008d41   Thumb Code    66  useradc.o(.text.User_AdcStartBlokingMode)
    User_AdcStop                             0x08008d85   Thumb Code    22  useradc.o(.text.User_AdcStop)
    User_FastRfft2048BlokingMode             0x08008da1   Thumb Code   320  userfft.o(.text.User_FastRfft2048BlokingMode)
    arm_bitreversal_32                       0x08008fb5   Thumb Code    64  arm_bitreversal2.o(.text.arm_bitreversal_32)
    arm_cfft_f32                             0x08008ff5   Thumb Code   224  arm_cfft_f32.o(.text.arm_cfft_f32)
    arm_cfft_radix8by2_f32                   0x080090d5   Thumb Code   412  arm_cfft_f32.o(.text.arm_cfft_radix8by2_f32)
    arm_cfft_radix8by4_f32                   0x08009271   Thumb Code  1062  arm_cfft_f32.o(.text.arm_cfft_radix8by4_f32)
    arm_cmplx_mag_f32                        0x08009699   Thumb Code   320  arm_cmplx_mag_f32.o(.text.arm_cmplx_mag_f32)
    arm_radix8_butterfly_f32                 0x080097d9   Thumb Code  1448  arm_cfft_radix8_f32.o(.text.arm_radix8_butterfly_f32)
    arm_rfft_2048_fast_init_f32              0x08009d81   Thumb Code    60  arm_rfft_fast_init_f32.o(.text.arm_rfft_2048_fast_init_f32)
    arm_rfft_fast_f32                        0x08009dbd   Thumb Code    80  arm_rfft_fast_f32.o(.text.arm_rfft_fast_f32)
    fputc                                    0x08009e0d   Thumb Code    60  my_uart.o(.text.fputc)
    main                                     0x08009e49   Thumb Code    74  main.o(.text.main)
    merge_rfft_f32                           0x08009e95   Thumb Code   178  arm_rfft_fast_f32.o(.text.merge_rfft_f32)
    stage_rfft_f32                           0x08009f49   Thumb Code   184  arm_rfft_fast_f32.o(.text.stage_rfft_f32)
    __0printf                                0x0800a001   Thumb Code    22  printfa.o(i.__0printf)
    __1printf                                0x0800a001   Thumb Code     0  printfa.o(i.__0printf)
    __2printf                                0x0800a001   Thumb Code     0  printfa.o(i.__0printf)
    __c89printf                              0x0800a001   Thumb Code     0  printfa.o(i.__0printf)
    printf                                   0x0800a001   Thumb Code     0  printfa.o(i.__0printf)
    __0sprintf                               0x0800a021   Thumb Code    34  printfa.o(i.__0sprintf)
    __1sprintf                               0x0800a021   Thumb Code     0  printfa.o(i.__0sprintf)
    __2sprintf                               0x0800a021   Thumb Code     0  printfa.o(i.__0sprintf)
    __c89sprintf                             0x0800a021   Thumb Code     0  printfa.o(i.__0sprintf)
    sprintf                                  0x0800a021   Thumb Code     0  printfa.o(i.__0sprintf)
    __hardfp_sqrtf                           0x0800a049   Thumb Code    58  sqrtf.o(i.__hardfp_sqrtf)
    __scatterload_copy                       0x0800a083   Thumb Code    14  handlers.o(i.__scatterload_copy)
    __scatterload_null                       0x0800a091   Thumb Code     2  handlers.o(i.__scatterload_null)
    __scatterload_zeroinit                   0x0800a093   Thumb Code    14  handlers.o(i.__scatterload_zeroinit)
    __set_errno                              0x0800a0a1   Thumb Code     6  errno.o(i.__set_errno)
    AHBPrescTable                            0x0800a968   Data          16  system_stm32f4xx.o(.rodata.AHBPrescTable)
    APBPrescTable                            0x0800a978   Data           8  system_stm32f4xx.o(.rodata.APBPrescTable)
    SD_Driver                                0x0800a988   Data          20  sd_diskio.o(.rodata.SD_Driver)
    armBitRevIndexTable1024                  0x0800a99c   Data        3600  arm_common_tables.o(.rodata.armBitRevIndexTable1024)
    asc2_1206                                0x0800b7ac   Data        1140  ili93xx.o(.rodata.asc2_1206)
    asc2_1608                                0x0800bc20   Data        1520  ili93xx.o(.rodata.asc2_1608)
    asc2_2412                                0x0800c210   Data        3420  ili93xx.o(.rodata.asc2_2412)
    twiddleCoef_1024                         0x0800cf94   Data        8192  arm_common_tables.o(.rodata.twiddleCoef_1024)
    twiddleCoef_rfft_2048                    0x0800ef94   Data        8192  arm_common_tables.o(.rodata.twiddleCoef_rfft_2048)
    Region$$Table$$Base                      0x08010f94   Number         0  anon$$obj.o(Region$$Table)
    Region$$Table$$Limit                     0x08010fb4   Number         0  anon$$obj.o(Region$$Table)
    __stdout                                 0x20000000   Data           4  stdout.o(.data)
    BACK_COLOR                               0x20000008   Data           2  ili93xx.o(.data.BACK_COLOR)
    LastX_FFT                                0x2000000c   Data           4  gui.o(.data.LastX_FFT)
    LastY_FFT                                0x20000010   Data           4  gui.o(.data.LastY_FFT)
    LastY_Wave                               0x20000014   Data           4  gui.o(.data.LastY_Wave)
    SystemCoreClock                          0x2000001c   Data           4  system_stm32f4xx.o(.data.SystemCoreClock)
    uwTickFreq                               0x20000020   Data           1  stm32f4xx_hal.o(.data.uwTickFreq)
    uwTickPrio                               0x20000024   Data           4  stm32f4xx_hal.o(.data.uwTickPrio)
    ADCValue                                 0x20000028   Data           2  automaticdimming.o(.bss.ADCValue)
    Adc_table                                0x2000002a   Data        4096  gui.o(.bss.Adc_table)
    FFT_table                                0x2000102c   Data        8192  gui.o(.bss.FFT_table)
    LastX_Wave                               0x20003030   Data           4  gui.o(.bss.LastX_Wave)
    POINT_COLOR                              0x20003034   Data           2  ili93xx.o(.bss.POINT_COLOR)
    SDPath                                   0x20003036   Data           4  fatfs.o(.bss.SDPath)
    disk                                     0x2000303c   Data          12  ff_gen_drv.o(.bss.disk)
    hadc1                                    0x20003048   Data          72  adc.o(.bss.hadc1)
    hadc2                                    0x20003090   Data          72  adc.o(.bss.hadc2)
    hdac                                     0x200030d8   Data          20  dac.o(.bss.hdac)
    hdma_adc1                                0x200030ec   Data          96  adc.o(.bss.hdma_adc1)
    hdma_adc2                                0x2000314c   Data          96  adc.o(.bss.hdma_adc2)
    hsd                                      0x200031ac   Data         132  sdio.o(.bss.hsd)
    hsram1                                   0x20003230   Data          80  fsmc.o(.bss.hsram1)
    htim2                                    0x20003280   Data          64  tim.o(.bss.htim2)
    htim3                                    0x200032c0   Data          64  tim.o(.bss.htim3)
    htim4                                    0x20003300   Data          64  tim.o(.bss.htim4)
    huart1                                   0x20003340   Data          64  usart.o(.bss.huart1)
    lcddev                                   0x20003380   Data          14  ili93xx.o(.bss.lcddev)
    retSD                                    0x2000338e   Data           1  fatfs.o(.bss.retSD)
    uwTick                                   0x20003390   Data           4  stm32f4xx_hal.o(.bss.uwTick)
    __initial_sp                             0x20014508   Data           0  startup_stm32f407xx.o(STACK)



==============================================================================

Memory Map of the image

  Image Entry point : 0x08000189

  Load Region LR_IROM1 (Base: 0x08000000, Size: 0x00010fe0, Max: 0x00100000, ABSOLUTE)

    Execution Region ER_IROM1 (Exec base: 0x08000000, Load base: 0x08000000, Size: 0x00010fb4, Max: 0x00100000, ABSOLUTE)

    Exec Addr    Load Addr    Size         Type   Attr      Idx    E Section Name        Object

    0x08000000   0x08000000   0x00000188   Data   RO            3    RESET               startup_stm32f407xx.o
    0x08000188   0x08000188   0x00000000   Code   RO         2213  * .ARM.Collect$$$$00000000  mc_w.l(entry.o)
    0x08000188   0x08000188   0x00000004   Code   RO         2290    .ARM.Collect$$$$00000001  mc_w.l(entry2.o)
    0x0800018c   0x0800018c   0x00000004   Code   RO         2293    .ARM.Collect$$$$00000004  mc_w.l(entry5.o)
    0x08000190   0x08000190   0x00000000   Code   RO         2295    .ARM.Collect$$$$00000008  mc_w.l(entry7b.o)
    0x08000190   0x08000190   0x00000000   Code   RO         2297    .ARM.Collect$$$$0000000A  mc_w.l(entry8b.o)
    0x08000190   0x08000190   0x00000008   Code   RO         2298    .ARM.Collect$$$$0000000B  mc_w.l(entry9a.o)
    0x08000198   0x08000198   0x00000000   Code   RO         2300    .ARM.Collect$$$$0000000D  mc_w.l(entry10a.o)
    0x08000198   0x08000198   0x00000000   Code   RO         2302    .ARM.Collect$$$$0000000F  mc_w.l(entry11a.o)
    0x08000198   0x08000198   0x00000004   Code   RO         2291    .ARM.Collect$$$$00002712  mc_w.l(entry2.o)
    0x0800019c   0x0800019c   0x00000024   Code   RO            4    .text               startup_stm32f407xx.o
    0x080001c0   0x080001c0   0x00000062   Code   RO         2216    .text               mc_w.l(uldiv.o)
    0x08000222   0x08000222   0x00000024   Code   RO         2218    .text               mc_w.l(memseta.o)
    0x08000246   0x08000246   0x0000014e   Code   RO         2276    .text               mf_w.l(dadd.o)
    0x08000394   0x08000394   0x000000e4   Code   RO         2278    .text               mf_w.l(dmul.o)
    0x08000478   0x08000478   0x000000de   Code   RO         2280    .text               mf_w.l(ddiv.o)
    0x08000556   0x08000556   0x00000022   Code   RO         2282    .text               mf_w.l(dflti.o)
    0x08000578   0x08000578   0x0000003e   Code   RO         2284    .text               mf_w.l(dfixi.o)
    0x080005b6   0x080005b6   0x00000026   Code   RO         2286    .text               mf_w.l(f2d.o)
    0x080005dc   0x080005dc   0x00000038   Code   RO         2288    .text               mf_w.l(d2f.o)
    0x08000614   0x08000614   0x0000002c   Code   RO         2305    .text               mc_w.l(uidiv.o)
    0x08000640   0x08000640   0x0000001e   Code   RO         2307    .text               mc_w.l(llshl.o)
    0x0800065e   0x0800065e   0x00000020   Code   RO         2309    .text               mc_w.l(llushr.o)
    0x0800067e   0x0800067e   0x00000024   Code   RO         2311    .text               mc_w.l(llsshr.o)
    0x080006a2   0x080006a2   0x00000000   Code   RO         2326    .text               mc_w.l(iusefp.o)
    0x080006a2   0x080006a2   0x0000006e   Code   RO         2327    .text               mf_w.l(fepilogue.o)
    0x08000710   0x08000710   0x000000ba   Code   RO         2329    .text               mf_w.l(depilogue.o)
    0x080007ca   0x080007ca   0x00000030   Code   RO         2331    .text               mf_w.l(dfixul.o)
    0x080007fa   0x080007fa   0x00000002   PAD
    0x080007fc   0x080007fc   0x00000030   Code   RO         2333    .text               mf_w.l(cdrcmple.o)
    0x0800082c   0x0800082c   0x00000024   Code   RO         2335    .text               mc_w.l(init.o)
    0x08000850   0x08000850   0x000000be   Code   RO          322    .text.ADC_DMAConvCplt  stm32f4xx_hal_adc.o
    0x0800090e   0x0800090e   0x00000002   PAD
    0x08000910   0x08000910   0x0000002a   Code   RO          326    .text.ADC_DMAError  stm32f4xx_hal_adc.o
    0x0800093a   0x0800093a   0x00000002   PAD
    0x0800093c   0x0800093c   0x0000001a   Code   RO          324    .text.ADC_DMAHalfConvCplt  stm32f4xx_hal_adc.o
    0x08000956   0x08000956   0x00000002   PAD
    0x08000958   0x08000958   0x0000001c   Code   RO          267    .text.ADC_IRQHandler  stm32f4xx_it.o
    0x08000974   0x08000974   0x00000190   Code   RO          294    .text.ADC_Init      stm32f4xx_hal_adc.o
    0x08000b04   0x08000b04   0x00000026   Code   RO          106    .text.BSP_SD_GetCardInfo  bsp_driver_sd.o
    0x08000b2a   0x08000b2a   0x00000002   PAD
    0x08000b2c   0x08000b2c   0x00000016   Code   RO          104    .text.BSP_SD_GetCardState  bsp_driver_sd.o
    0x08000b42   0x08000b42   0x00000002   PAD
    0x08000b44   0x08000b44   0x0000003e   Code   RO           78    .text.BSP_SD_Init   bsp_driver_sd.o
    0x08000b82   0x08000b82   0x00000002   PAD
    0x08000b84   0x08000b84   0x00000010   Code   RO           80    .text.BSP_SD_IsDetected  bsp_driver_sd.o
    0x08000b94   0x08000b94   0x00000054   Code   RO           88    .text.BSP_SD_ReadBlocks  bsp_driver_sd.o
    0x08000be8   0x08000be8   0x00000054   Code   RO           90    .text.BSP_SD_WriteBlocks  bsp_driver_sd.o
    0x08000c3c   0x08000c3c   0x00000004   Code   RO          255    .text.BusFault_Handler  stm32f4xx_it.o
    0x08000c40   0x08000c40   0x00000010   Code   RO          269    .text.DMA2_Stream0_IRQHandler  stm32f4xx_it.o
    0x08000c50   0x08000c50   0x00000010   Code   RO          271    .text.DMA2_Stream2_IRQHandler  stm32f4xx_it.o
    0x08000c60   0x08000c60   0x0000005c   Code   RO          572    .text.DMA_CalcBaseAndBitshift  stm32f4xx_hal_dma.o
    0x08000cbc   0x08000cbc   0x000000f6   Code   RO          570    .text.DMA_CheckFifoParam  stm32f4xx_hal_dma.o
    0x08000db2   0x08000db2   0x00000002   PAD
    0x08000db4   0x08000db4   0x00000066   Code   RO          578    .text.DMA_SetConfig  stm32f4xx_hal_dma.o
    0x08000e1a   0x08000e1a   0x00000002   PAD
    0x08000e1c   0x08000e1c   0x00000002   Code   RO          261    .text.DebugMon_Handler  stm32f4xx_it.o
    0x08000e1e   0x08000e1e   0x00000002   PAD
    0x08000e20   0x08000e20   0x00000002   Code   RO           15    .text.Error_Handler  main.o
    0x08000e22   0x08000e22   0x00000002   PAD
    0x08000e24   0x08000e24   0x00000022   Code   RO         2013    .text.FATFS_LinkDriver  ff_gen_drv.o
    0x08000e46   0x08000e46   0x00000002   PAD
    0x08000e48   0x08000e48   0x0000008c   Code   RO         2011    .text.FATFS_LinkDriverEx  ff_gen_drv.o
    0x08000ed4   0x08000ed4   0x00000086   Code   RO          918    .text.FSMC_NORSRAM_Extended_Timing_Init  stm32f4xx_ll_fsmc.o
    0x08000f5a   0x08000f5a   0x00000002   PAD
    0x08000f5c   0x08000f5c   0x000000b4   Code   RO          912    .text.FSMC_NORSRAM_Init  stm32f4xx_ll_fsmc.o
    0x08001010   0x08001010   0x00000078   Code   RO          916    .text.FSMC_NORSRAM_Timing_Init  stm32f4xx_ll_fsmc.o
    0x08001088   0x08001088   0x00000176   Code   RO         1703    .text.Gui_DrawLine  ili93xx.o
    0x080011fe   0x080011fe   0x00000002   PAD
    0x08001200   0x08001200   0x0000000c   Code   RO          374    .text.HAL_ADCEx_InjectedConvCpltCallback  stm32f4xx_hal_adc_ex.o
    0x0800120c   0x0800120c   0x00000228   Code   RO          334    .text.HAL_ADC_ConfigChannel  stm32f4xx_hal_adc.o
    0x08001434   0x08001434   0x00000038   Code   RO         1739    .text.HAL_ADC_ConvCpltCallback  automaticdimming.o
    0x0800146c   0x0800146c   0x0000000c   Code   RO          332    .text.HAL_ADC_ConvHalfCpltCallback  stm32f4xx_hal_adc.o
    0x08001478   0x08001478   0x0000000c   Code   RO          318    .text.HAL_ADC_ErrorCallback  stm32f4xx_hal_adc.o
    0x08001484   0x08001484   0x00000242   Code   RO          312    .text.HAL_ADC_IRQHandler  stm32f4xx_hal_adc.o
    0x080016c6   0x080016c6   0x00000002   PAD
    0x080016c8   0x080016c8   0x000000b4   Code   RO          290    .text.HAL_ADC_Init  stm32f4xx_hal_adc.o
    0x0800177c   0x0800177c   0x0000000c   Code   RO          316    .text.HAL_ADC_LevelOutOfWindowCallback  stm32f4xx_hal_adc.o
    0x08001788   0x08001788   0x000001e8   Code   RO           38    .text.HAL_ADC_MspInit  adc.o
    0x08001970   0x08001970   0x0000022e   Code   RO          320    .text.HAL_ADC_Start_DMA  stm32f4xx_hal_adc.o
    0x08001b9e   0x08001b9e   0x00000002   PAD
    0x08001ba0   0x08001ba0   0x000000a0   Code   RO          328    .text.HAL_ADC_Stop_DMA  stm32f4xx_hal_adc.o
    0x08001c40   0x08001c40   0x000000b0   Code   RO          866    .text.HAL_DAC_ConfigChannel  stm32f4xx_hal_dac.o
    0x08001cf0   0x08001cf0   0x00000052   Code   RO          832    .text.HAL_DAC_Init  stm32f4xx_hal_dac.o
    0x08001d42   0x08001d42   0x00000002   PAD
    0x08001d44   0x08001d44   0x0000008e   Code   RO           56    .text.HAL_DAC_MspInit  dac.o
    0x08001dd2   0x08001dd2   0x00000002   PAD
    0x08001dd4   0x08001dd4   0x000000fa   Code   RO          582    .text.HAL_DMA_Abort  stm32f4xx_hal_dma.o
    0x08001ece   0x08001ece   0x00000002   PAD
    0x08001ed0   0x08001ed0   0x00000356   Code   RO          588    .text.HAL_DMA_IRQHandler  stm32f4xx_hal_dma.o
    0x08002226   0x08002226   0x00000002   PAD
    0x08002228   0x08002228   0x00000182   Code   RO          568    .text.HAL_DMA_Init  stm32f4xx_hal_dma.o
    0x080023aa   0x080023aa   0x00000002   PAD
    0x080023ac   0x080023ac   0x000000e6   Code   RO          580    .text.HAL_DMA_Start_IT  stm32f4xx_hal_dma.o
    0x08002492   0x08002492   0x00000002   PAD
    0x08002494   0x08002494   0x0000004e   Code   RO          761    .text.HAL_Delay     stm32f4xx_hal.o
    0x080024e2   0x080024e2   0x00000002   PAD
    0x080024e4   0x080024e4   0x000000b2   Code   RO          170    .text.HAL_FSMC_MspInit  fsmc.o
    0x08002596   0x08002596   0x00000002   PAD
    0x08002598   0x08002598   0x000003ce   Code   RO          528    .text.HAL_GPIO_Init  stm32f4xx_hal_gpio.o
    0x08002966   0x08002966   0x00000002   PAD
    0x08002968   0x08002968   0x00000042   Code   RO          534    .text.HAL_GPIO_WritePin  stm32f4xx_hal_gpio.o
    0x080029aa   0x080029aa   0x00000002   PAD
    0x080029ac   0x080029ac   0x0000000c   Code   RO          753    .text.HAL_GetTick   stm32f4xx_hal.o
    0x080029b8   0x080029b8   0x0000001a   Code   RO          751    .text.HAL_IncTick   stm32f4xx_hal.o
    0x080029d2   0x080029d2   0x00000002   PAD
    0x080029d4   0x080029d4   0x0000003e   Code   RO          741    .text.HAL_Init      stm32f4xx_hal.o
    0x08002a12   0x08002a12   0x00000002   PAD
    0x08002a14   0x08002a14   0x00000076   Code   RO          743    .text.HAL_InitTick  stm32f4xx_hal.o
    0x08002a8a   0x08002a8a   0x00000002   PAD
    0x08002a8c   0x08002a8c   0x0000004e   Code   RO          281    .text.HAL_MspInit   stm32f4xx_hal_msp.o
    0x08002ada   0x08002ada   0x00000002   PAD
    0x08002adc   0x08002adc   0x00000018   Code   RO          681    .text.HAL_NVIC_EnableIRQ  stm32f4xx_hal_cortex.o
    0x08002af4   0x08002af4   0x0000004c   Code   RO          673    .text.HAL_NVIC_SetPriority  stm32f4xx_hal_cortex.o
    0x08002b40   0x08002b40   0x00000014   Code   RO          669    .text.HAL_NVIC_SetPriorityGrouping  stm32f4xx_hal_cortex.o
    0x08002b54   0x08002b54   0x00000274   Code   RO          392    .text.HAL_RCC_ClockConfig  stm32f4xx_hal_rcc.o
    0x08002dc8   0x08002dc8   0x0000000c   Code   RO          402    .text.HAL_RCC_GetHCLKFreq  stm32f4xx_hal_rcc.o
    0x08002dd4   0x08002dd4   0x00000026   Code   RO          404    .text.HAL_RCC_GetPCLK1Freq  stm32f4xx_hal_rcc.o
    0x08002dfa   0x08002dfa   0x00000002   PAD
    0x08002dfc   0x08002dfc   0x0000002a   Code   RO          406    .text.HAL_RCC_GetPCLK2Freq  stm32f4xx_hal_rcc.o
    0x08002e26   0x08002e26   0x00000002   PAD
    0x08002e28   0x08002e28   0x000000e8   Code   RO          394    .text.HAL_RCC_GetSysClockFreq  stm32f4xx_hal_rcc.o
    0x08002f10   0x08002f10   0x00000672   Code   RO          390    .text.HAL_RCC_OscConfig  stm32f4xx_hal_rcc.o
    0x08003582   0x08003582   0x00000002   PAD
    0x08003584   0x08003584   0x0000037a   Code   RO         1154    .text.HAL_SD_GetCardCSD  stm32f4xx_hal_sd.o
    0x080038fe   0x080038fe   0x00000002   PAD
    0x08003900   0x08003900   0x00000054   Code   RO         1160    .text.HAL_SD_GetCardInfo  stm32f4xx_hal_sd.o
    0x08003954   0x08003954   0x00000048   Code   RO         1168    .text.HAL_SD_GetCardState  stm32f4xx_hal_sd.o
    0x0800399c   0x0800399c   0x0000006a   Code   RO         1094    .text.HAL_SD_Init   stm32f4xx_hal_sd.o
    0x08003a06   0x08003a06   0x00000002   PAD
    0x08003a08   0x08003a08   0x000000d0   Code   RO         1098    .text.HAL_SD_InitCard  stm32f4xx_hal_sd.o
    0x08003ad8   0x08003ad8   0x000000f2   Code   RO          189    .text.HAL_SD_MspInit  sdio.o
    0x08003bca   0x08003bca   0x00000002   PAD
    0x08003bcc   0x08003bcc   0x00000384   Code   RO         1110    .text.HAL_SD_ReadBlocks  stm32f4xx_hal_sd.o
    0x08003f50   0x08003f50   0x0000031a   Code   RO         1112    .text.HAL_SD_WriteBlocks  stm32f4xx_hal_sd.o
    0x0800426a   0x0800426a   0x00000002   PAD
    0x0800426c   0x0800426c   0x000000ae   Code   RO          956    .text.HAL_SRAM_Init  stm32f4xx_hal_sram.o
    0x0800431a   0x0800431a   0x00000002   PAD
    0x0800431c   0x0800431c   0x00000012   Code   RO          168    .text.HAL_SRAM_MspInit  fsmc.o
    0x0800432e   0x0800432e   0x00000002   PAD
    0x08004330   0x08004330   0x00000014   Code   RO          693    .text.HAL_SYSTICK_Config  stm32f4xx_hal_cortex.o
    0x08004344   0x08004344   0x000000a0   Code   RO         1486    .text.HAL_TIMEx_MasterConfigSynchronization  stm32f4xx_hal_tim_ex.o
    0x080043e4   0x080043e4   0x00000066   Code   RO         1186    .text.HAL_TIM_Base_Init  stm32f4xx_hal_tim.o
    0x0800444a   0x0800444a   0x00000002   PAD
    0x0800444c   0x0800444c   0x000000b2   Code   RO          219    .text.HAL_TIM_Base_MspInit  tim.o
    0x080044fe   0x080044fe   0x00000002   PAD
    0x08004500   0x08004500   0x00000040   Code   RO         1196    .text.HAL_TIM_Base_Start  stm32f4xx_hal_tim.o
    0x08004540   0x08004540   0x0000003c   Code   RO         1200    .text.HAL_TIM_Base_Start_IT  stm32f4xx_hal_tim.o
    0x0800457c   0x0800457c   0x0000019e   Code   RO         1374    .text.HAL_TIM_ConfigClockSource  stm32f4xx_hal_tim.o
    0x0800471a   0x0800471a   0x00000002   PAD
    0x0800471c   0x0800471c   0x00000072   Code   RO          217    .text.HAL_TIM_MspPostInit  tim.o
    0x0800478e   0x0800478e   0x00000002   PAD
    0x08004790   0x08004790   0x00000160   Code   RO         1352    .text.HAL_TIM_PWM_ConfigChannel  stm32f4xx_hal_tim.o
    0x080048f0   0x080048f0   0x00000066   Code   RO         1240    .text.HAL_TIM_PWM_Init  stm32f4xx_hal_tim.o
    0x08004956   0x08004956   0x00000002   PAD
    0x08004958   0x08004958   0x0000000c   Code   RO         1242    .text.HAL_TIM_PWM_MspInit  stm32f4xx_hal_tim.o
    0x08004964   0x08004964   0x00000090   Code   RO         1248    .text.HAL_TIM_PWM_Start  stm32f4xx_hal_tim.o
    0x080049f4   0x080049f4   0x000000a6   Code   RO         1508    .text.HAL_UART_Init  stm32f4xx_hal_uart.o
    0x08004a9a   0x08004a9a   0x00000002   PAD
    0x08004a9c   0x08004a9c   0x000000f2   Code   RO          236    .text.HAL_UART_MspInit  usart.o
    0x08004b8e   0x08004b8e   0x00000002   PAD
    0x08004b90   0x08004b90   0x00000180   Code   RO         1524    .text.HAL_UART_Transmit  stm32f4xx_hal_uart.o
    0x08004d10   0x08004d10   0x00000004   Code   RO          251    .text.HardFault_Handler  stm32f4xx_it.o
    0x08004d14   0x08004d14   0x000000ae   Code   RO         1677    .text.LCD_Clear     ili93xx.o
    0x08004dc2   0x08004dc2   0x00000002   PAD
    0x08004dc4   0x08004dc4   0x00000218   Code   RO         1671    .text.LCD_Display_Dir  ili93xx.o
    0x08004fdc   0x08004fdc   0x0000003a   Code   RO         1667    .text.LCD_DrawPoint  ili93xx.o
    0x08005016   0x08005016   0x00000002   PAD
    0x08005018   0x08005018   0x000001da   Code   RO         1669    .text.LCD_Fast_DrawPoint  ili93xx.o
    0x080051f2   0x080051f2   0x00000002   PAD
    0x080051f4   0x080051f4   0x00000128   Code   RO         1768    .text.LCD_OUTPUT_FFT  gui.o
    0x0800531c   0x0800531c   0x00000082   Code   RO         1699    .text.LCD_OUTPUT_Float  ili93xx.o
    0x0800539e   0x0800539e   0x00000002   PAD
    0x080053a0   0x080053a0   0x00000208   Code   RO         1766    .text.LCD_OUTPUT_Wave  gui.o
    0x080055a8   0x080055a8   0x00000016   Code   RO         1645    .text.LCD_RD_DATA   ili93xx.o
    0x080055be   0x080055be   0x00000002   PAD
    0x080055c0   0x080055c0   0x00000022   Code   RO         1649    .text.LCD_ReadReg   ili93xx.o
    0x080055e2   0x080055e2   0x00000002   PAD
    0x080055e4   0x080055e4   0x0000043c   Code   RO         1665    .text.LCD_Scan_Dir  ili93xx.o
    0x08005a20   0x08005a20   0x000001ae   Code   RO         1659    .text.LCD_SetCursor  ili93xx.o
    0x08005bce   0x08005bce   0x00000002   PAD
    0x08005bd0   0x08005bd0   0x000001de   Code   RO         1689    .text.LCD_ShowChar  ili93xx.o
    0x08005dae   0x08005dae   0x00000002   PAD
    0x08005db0   0x08005db0   0x000000f2   Code   RO         1697    .text.LCD_ShowString  ili93xx.o
    0x08005ea2   0x08005ea2   0x00000002   PAD
    0x08005ea4   0x08005ea4   0x00000022   Code   RO         1643    .text.LCD_WR_DATA   ili93xx.o
    0x08005ec6   0x08005ec6   0x00000002   PAD
    0x08005ec8   0x08005ec8   0x00000024   Code   RO         1641    .text.LCD_WR_REG    ili93xx.o
    0x08005eec   0x08005eec   0x00000016   Code   RO         1651    .text.LCD_WriteRAM_Prepare  ili93xx.o
    0x08005f02   0x08005f02   0x00000002   PAD
    0x08005f04   0x08005f04   0x00000030   Code   RO         1647    .text.LCD_WriteReg  ili93xx.o
    0x08005f34   0x08005f34   0x0000005e   Code   RO         1705    .text.Lcd_Clear     ili93xx.o
    0x08005f92   0x08005f92   0x00000002   PAD
    0x08005f94   0x08005f94   0x00000082   Code   RO           34    .text.MX_ADC1_Init  adc.o
    0x08006016   0x08006016   0x00000002   PAD
    0x08006018   0x08006018   0x00000082   Code   RO           36    .text.MX_ADC2_Init  adc.o
    0x0800609a   0x0800609a   0x00000002   PAD
    0x0800609c   0x0800609c   0x00000058   Code   RO           54    .text.MX_DAC_Init   dac.o
    0x080060f4   0x080060f4   0x00000052   Code   RO           69    .text.MX_DMA_Init   dma.o
    0x08006146   0x08006146   0x00000002   PAD
    0x08006148   0x08006148   0x00000022   Code   RO          150    .text.MX_FATFS_Init  fatfs.o
    0x0800616a   0x0800616a   0x00000002   PAD
    0x0800616c   0x0800616c   0x000000b2   Code   RO          166    .text.MX_FSMC_Init  fsmc.o
    0x0800621e   0x0800621e   0x00000002   PAD
    0x08006220   0x08006220   0x00000160   Code   RO           25    .text.MX_GPIO_Init  gpio.o
    0x08006380   0x08006380   0x00000026   Code   RO          187    .text.MX_SDIO_SD_Init  sdio.o
    0x080063a6   0x080063a6   0x00000002   PAD
    0x080063a8   0x080063a8   0x00000086   Code   RO          211    .text.MX_TIM2_Init  tim.o
    0x0800642e   0x0800642e   0x00000002   PAD
    0x08006430   0x08006430   0x0000008c   Code   RO          213    .text.MX_TIM3_Init  tim.o
    0x080064bc   0x080064bc   0x000000ec   Code   RO          215    .text.MX_TIM4_Init  tim.o
    0x080065a8   0x080065a8   0x00000040   Code   RO          234    .text.MX_USART1_UART_Init  usart.o
    0x080065e8   0x080065e8   0x00000004   Code   RO          253    .text.MemManage_Handler  stm32f4xx_it.o
    0x080065ec   0x080065ec   0x00000002   Code   RO          249    .text.NMI_Handler   stm32f4xx_it.o
    0x080065ee   0x080065ee   0x00000002   PAD
    0x080065f0   0x080065f0   0x00000080   Code   RO          679    .text.NVIC_EncodePriority  stm32f4xx_hal_cortex.o
    0x08006670   0x08006670   0x000002e8   Code   RO         1786    .text.OUTPUT_Fre    userfft.o
    0x08006958   0x08006958   0x00000002   Code   RO          263    .text.PendSV_Handler  stm32f4xx_it.o
    0x0800695a   0x0800695a   0x00000002   PAD
    0x0800695c   0x0800695c   0x0000006c   Code   RO         1016    .text.SDIO_ConfigData  stm32f4xx_ll_sdmmc.o
    0x080069c8   0x080069c8   0x00000012   Code   RO         1012    .text.SDIO_GetCommandResponse  stm32f4xx_ll_sdmmc.o
    0x080069da   0x080069da   0x00000002   PAD
    0x080069dc   0x080069dc   0x00000014   Code   RO         1008    .text.SDIO_GetPowerState  stm32f4xx_ll_sdmmc.o
    0x080069f0   0x080069f0   0x00000024   Code   RO         1014    .text.SDIO_GetResponse  stm32f4xx_ll_sdmmc.o
    0x08006a14   0x08006a14   0x00000070   Code   RO          998    .text.SDIO_Init     stm32f4xx_ll_sdmmc.o
    0x08006a84   0x08006a84   0x00000014   Code   RO         1004    .text.SDIO_PowerState_ON  stm32f4xx_ll_sdmmc.o
    0x08006a98   0x08006a98   0x00000012   Code   RO         1000    .text.SDIO_ReadFIFO  stm32f4xx_ll_sdmmc.o
    0x08006aaa   0x08006aaa   0x00000002   PAD
    0x08006aac   0x08006aac   0x00000064   Code   RO         1010    .text.SDIO_SendCommand  stm32f4xx_ll_sdmmc.o
    0x08006b10   0x08006b10   0x0000001e   Code   RO         1002    .text.SDIO_WriteFIFO  stm32f4xx_ll_sdmmc.o
    0x08006b2e   0x08006b2e   0x00000002   PAD
    0x08006b30   0x08006b30   0x00000052   Code   RO         1058    .text.SDMMC_CmdAppCommand  stm32f4xx_ll_sdmmc.o
    0x08006b82   0x08006b82   0x00000002   PAD
    0x08006b84   0x08006b84   0x0000004e   Code   RO         1060    .text.SDMMC_CmdAppOperCommand  stm32f4xx_ll_sdmmc.o
    0x08006bd2   0x08006bd2   0x00000002   PAD
    0x08006bd4   0x08006bd4   0x00000052   Code   RO         1024    .text.SDMMC_CmdBlockLength  stm32f4xx_ll_sdmmc.o
    0x08006c26   0x08006c26   0x00000002   PAD
    0x08006c28   0x08006c28   0x00000038   Code   RO         1050    .text.SDMMC_CmdGoIdleState  stm32f4xx_ll_sdmmc.o
    0x08006c60   0x08006c60   0x00000040   Code   RO         1054    .text.SDMMC_CmdOperCond  stm32f4xx_ll_sdmmc.o
    0x08006ca0   0x08006ca0   0x00000052   Code   RO         1030    .text.SDMMC_CmdReadMultiBlock  stm32f4xx_ll_sdmmc.o
    0x08006cf2   0x08006cf2   0x00000002   PAD
    0x08006cf4   0x08006cf4   0x00000052   Code   RO         1028    .text.SDMMC_CmdReadSingleBlock  stm32f4xx_ll_sdmmc.o
    0x08006d46   0x08006d46   0x00000002   PAD
    0x08006d48   0x08006d48   0x00000056   Code   RO         1048    .text.SDMMC_CmdSelDesel  stm32f4xx_ll_sdmmc.o
    0x08006d9e   0x08006d9e   0x00000002   PAD
    0x08006da0   0x08006da0   0x0000003c   Code   RO         1068    .text.SDMMC_CmdSendCID  stm32f4xx_ll_sdmmc.o
    0x08006ddc   0x08006ddc   0x00000042   Code   RO         1072    .text.SDMMC_CmdSendCSD  stm32f4xx_ll_sdmmc.o
    0x08006e1e   0x08006e1e   0x00000002   PAD
    0x08006e20   0x08006e20   0x00000052   Code   RO         1078    .text.SDMMC_CmdSendStatus  stm32f4xx_ll_sdmmc.o
    0x08006e72   0x08006e72   0x00000002   PAD
    0x08006e74   0x08006e74   0x0000004e   Code   RO         1074    .text.SDMMC_CmdSetRelAdd  stm32f4xx_ll_sdmmc.o
    0x08006ec2   0x08006ec2   0x00000002   PAD
    0x08006ec4   0x08006ec4   0x00000048   Code   RO         1046    .text.SDMMC_CmdStopTransfer  stm32f4xx_ll_sdmmc.o
    0x08006f0c   0x08006f0c   0x00000052   Code   RO         1034    .text.SDMMC_CmdWriteMultiBlock  stm32f4xx_ll_sdmmc.o
    0x08006f5e   0x08006f5e   0x00000002   PAD
    0x08006f60   0x08006f60   0x00000052   Code   RO         1032    .text.SDMMC_CmdWriteSingleBlock  stm32f4xx_ll_sdmmc.o
    0x08006fb2   0x08006fb2   0x00000002   PAD
    0x08006fb4   0x08006fb4   0x00000064   Code   RO         1052    .text.SDMMC_GetCmdError  stm32f4xx_ll_sdmmc.o
    0x08007018   0x08007018   0x0000021c   Code   RO         1026    .text.SDMMC_GetCmdResp1  stm32f4xx_ll_sdmmc.o
    0x08007234   0x08007234   0x00000094   Code   RO         1070    .text.SDMMC_GetCmdResp2  stm32f4xx_ll_sdmmc.o
    0x080072c8   0x080072c8   0x0000007c   Code   RO         1062    .text.SDMMC_GetCmdResp3  stm32f4xx_ll_sdmmc.o
    0x08007344   0x08007344   0x00000106   Code   RO         1076    .text.SDMMC_GetCmdResp6  stm32f4xx_ll_sdmmc.o
    0x0800744a   0x0800744a   0x00000002   PAD
    0x0800744c   0x0800744c   0x00000088   Code   RO         1056    .text.SDMMC_GetCmdResp7  stm32f4xx_ll_sdmmc.o
    0x080074d4   0x080074d4   0x00000042   Code   RO          138    .text.SD_CheckStatus  sd_diskio.o
    0x08007516   0x08007516   0x00000002   PAD
    0x08007518   0x08007518   0x00000196   Code   RO         1102    .text.SD_InitCard   stm32f4xx_hal_sd.o
    0x080076ae   0x080076ae   0x00000002   PAD
    0x080076b0   0x080076b0   0x0000016c   Code   RO         1100    .text.SD_PowerON    stm32f4xx_hal_sd.o
    0x0800781c   0x0800781c   0x00000062   Code   RO         1170    .text.SD_SendStatus  stm32f4xx_hal_sd.o
    0x0800787e   0x0800787e   0x00000002   PAD
    0x08007880   0x08007880   0x00000046   Code   RO          128    .text.SD_initialize  sd_diskio.o
    0x080078c6   0x080078c6   0x00000002   PAD
    0x080078c8   0x080078c8   0x000000c0   Code   RO          136    .text.SD_ioctl      sd_diskio.o
    0x08007988   0x08007988   0x0000005a   Code   RO          132    .text.SD_read       sd_diskio.o
    0x080079e2   0x080079e2   0x00000002   PAD
    0x080079e4   0x080079e4   0x00000018   Code   RO          130    .text.SD_status     sd_diskio.o
    0x080079fc   0x080079fc   0x0000005a   Code   RO          134    .text.SD_write      sd_diskio.o
    0x08007a56   0x08007a56   0x00000002   PAD
    0x08007a58   0x08007a58   0x00000002   Code   RO          259    .text.SVC_Handler   stm32f4xx_it.o
    0x08007a5a   0x08007a5a   0x00000002   PAD
    0x08007a5c   0x08007a5c   0x0000005a   Code   RO          695    .text.SysTick_Config  stm32f4xx_hal_cortex.o
    0x08007ab6   0x08007ab6   0x00000002   PAD
    0x08007ab8   0x08007ab8   0x00000008   Code   RO          265    .text.SysTick_Handler  stm32f4xx_it.o
    0x08007ac0   0x08007ac0   0x000000c6   Code   RO           13    .text.SystemClock_Config  main.o
    0x08007b86   0x08007b86   0x00000002   PAD
    0x08007b88   0x08007b88   0x0000006e   Code   RO         1626    .text.SystemInit    system_stm32f4xx.o
    0x08007bf6   0x08007bf6   0x00000002   PAD
    0x08007bf8   0x08007bf8   0x00000492   Code   RO         1675    .text.TFTLCD_Init   ili93xx.o
    0x0800808a   0x0800808a   0x00000002   PAD
    0x0800808c   0x0800808c   0x000001a2   Code   RO         1190    .text.TIM_Base_SetConfig  stm32f4xx_hal_tim.o
    0x0800822e   0x0800822e   0x00000002   PAD
    0x08008230   0x08008230   0x0000004a   Code   RO         1224    .text.TIM_CCxChannelCmd  stm32f4xx_hal_tim.o
    0x0800827a   0x0800827a   0x00000002   PAD
    0x0800827c   0x0800827c   0x0000004a   Code   RO         1372    .text.TIM_ETR_SetConfig  stm32f4xx_hal_tim.o
    0x080082c6   0x080082c6   0x00000002   PAD
    0x080082c8   0x080082c8   0x00000032   Code   RO         1378    .text.TIM_ITRx_SetConfig  stm32f4xx_hal_tim.o
    0x080082fa   0x080082fa   0x00000002   PAD
    0x080082fc   0x080082fc   0x000000f2   Code   RO         1334    .text.TIM_OC1_SetConfig  stm32f4xx_hal_tim.o
    0x080083ee   0x080083ee   0x00000002   PAD
    0x080083f0   0x080083f0   0x000000fc   Code   RO         1336    .text.TIM_OC2_SetConfig  stm32f4xx_hal_tim.o
    0x080084ec   0x080084ec   0x000000fa   Code   RO         1338    .text.TIM_OC3_SetConfig  stm32f4xx_hal_tim.o
    0x080085e6   0x080085e6   0x00000002   PAD
    0x080085e8   0x080085e8   0x000000ac   Code   RO         1340    .text.TIM_OC4_SetConfig  stm32f4xx_hal_tim.o
    0x08008694   0x08008694   0x00000062   Code   RO         1376    .text.TIM_TI1_ConfigInputStage  stm32f4xx_hal_tim.o
    0x080086f6   0x080086f6   0x00000002   PAD
    0x080086f8   0x080086f8   0x00000064   Code   RO         1380    .text.TIM_TI2_ConfigInputStage  stm32f4xx_hal_tim.o
    0x0800875c   0x0800875c   0x00000468   Code   RO         1512    .text.UART_SetConfig  stm32f4xx_hal_uart.o
    0x08008bc4   0x08008bc4   0x000000bc   Code   RO         1526    .text.UART_WaitOnFlagUntilTimeout  stm32f4xx_hal_uart.o
    0x08008c80   0x08008c80   0x00000004   Code   RO          257    .text.UsageFault_Handler  stm32f4xx_it.o
    0x08008c84   0x08008c84   0x0000006c   Code   RO         1726    .text.UserMain      usermain.o
    0x08008cf0   0x08008cf0   0x00000050   Code   RO         1752    .text.User_AdcInit  useradc.o
    0x08008d40   0x08008d40   0x00000042   Code   RO         1754    .text.User_AdcStartBlokingMode  useradc.o
    0x08008d82   0x08008d82   0x00000002   PAD
    0x08008d84   0x08008d84   0x00000016   Code   RO         1756    .text.User_AdcStop  useradc.o
    0x08008d9a   0x08008d9a   0x00000006   PAD
    0x08008da0   0x08008da0   0x00000140   Code   RO         1784    .text.User_FastRfft2048BlokingMode  userfft.o
    0x08008ee0   0x08008ee0   0x00000036   Code   RO          683    .text.__NVIC_EnableIRQ  stm32f4xx_hal_cortex.o
    0x08008f16   0x08008f16   0x00000002   PAD
    0x08008f18   0x08008f18   0x00000010   Code   RO          675    .text.__NVIC_GetPriorityGrouping  stm32f4xx_hal_cortex.o
    0x08008f28   0x08008f28   0x0000004a   Code   RO          677    .text.__NVIC_SetPriority  stm32f4xx_hal_cortex.o
    0x08008f72   0x08008f72   0x00000002   PAD
    0x08008f74   0x08008f74   0x00000040   Code   RO          671    .text.__NVIC_SetPriorityGrouping  stm32f4xx_hal_cortex.o
    0x08008fb4   0x08008fb4   0x00000040   Code   RO         2179    .text.arm_bitreversal_32  arm_cortexM4lf_math.lib(arm_bitreversal2.o)
    0x08008ff4   0x08008ff4   0x000000e0   Code   RO         2103    .text.arm_cfft_f32  arm_cortexM4lf_math.lib(arm_cfft_f32.o)
    0x080090d4   0x080090d4   0x0000019c   Code   RO         2099    .text.arm_cfft_radix8by2_f32  arm_cortexM4lf_math.lib(arm_cfft_f32.o)
    0x08009270   0x08009270   0x00000426   Code   RO         2101    .text.arm_cfft_radix8by4_f32  arm_cortexM4lf_math.lib(arm_cfft_f32.o)
    0x08009696   0x08009696   0x00000002   PAD
    0x08009698   0x08009698   0x00000140   Code   RO         2046    .text.arm_cmplx_mag_f32  arm_cortexM4lf_math.lib(arm_cmplx_mag_f32.o)
    0x080097d8   0x080097d8   0x000005a8   Code   RO         2192    .text.arm_radix8_butterfly_f32  arm_cortexM4lf_math.lib(arm_cfft_radix8_f32.o)
    0x08009d80   0x08009d80   0x0000003c   Code   RO         2084    .text.arm_rfft_2048_fast_init_f32  arm_cortexM4lf_math.lib(arm_rfft_fast_init_f32.o)
    0x08009dbc   0x08009dbc   0x00000050   Code   RO         2061    .text.arm_rfft_fast_f32  arm_cortexM4lf_math.lib(arm_rfft_fast_f32.o)
    0x08009e0c   0x08009e0c   0x0000003c   Code   RO         1815    .text.fputc         my_uart.o
    0x08009e48   0x08009e48   0x0000004a   Code   RO           11    .text.main          main.o
    0x08009e92   0x08009e92   0x00000002   PAD
    0x08009e94   0x08009e94   0x000000b2   Code   RO         2059    .text.merge_rfft_f32  arm_cortexM4lf_math.lib(arm_rfft_fast_f32.o)
    0x08009f46   0x08009f46   0x00000002   PAD
    0x08009f48   0x08009f48   0x000000b8   Code   RO         2057    .text.stage_rfft_f32  arm_cortexM4lf_math.lib(arm_rfft_fast_f32.o)
    0x0800a000   0x0800a000   0x00000020   Code   RO         2221    i.__0printf         mc_w.l(printfa.o)
    0x0800a020   0x0800a020   0x00000028   Code   RO         2223    i.__0sprintf        mc_w.l(printfa.o)
    0x0800a048   0x0800a048   0x0000003a   Code   RO         2201    i.__hardfp_sqrtf    m_wm.l(sqrtf.o)
    0x0800a082   0x0800a082   0x0000000e   Code   RO         2339    i.__scatterload_copy  mc_w.l(handlers.o)
    0x0800a090   0x0800a090   0x00000002   Code   RO         2340    i.__scatterload_null  mc_w.l(handlers.o)
    0x0800a092   0x0800a092   0x0000000e   Code   RO         2341    i.__scatterload_zeroinit  mc_w.l(handlers.o)
    0x0800a0a0   0x0800a0a0   0x0000000c   Code   RO         2321    i.__set_errno       mc_w.l(errno.o)
    0x0800a0ac   0x0800a0ac   0x00000184   Code   RO         2228    i._fp_digits        mc_w.l(printfa.o)
    0x0800a230   0x0800a230   0x000006dc   Code   RO         2229    i._printf_core      mc_w.l(printfa.o)
    0x0800a90c   0x0800a90c   0x00000024   Code   RO         2230    i._printf_post_padding  mc_w.l(printfa.o)
    0x0800a930   0x0800a930   0x0000002e   Code   RO         2231    i._printf_pre_padding  mc_w.l(printfa.o)
    0x0800a95e   0x0800a95e   0x0000000a   Code   RO         2233    i._sputc            mc_w.l(printfa.o)
    0x0800a968   0x0800a968   0x00000010   Data   RO         1631    .rodata.AHBPrescTable  system_stm32f4xx.o
    0x0800a978   0x0800a978   0x00000008   Data   RO         1632    .rodata.APBPrescTable  system_stm32f4xx.o
    0x0800a980   0x0800a980   0x00000008   Data   RO          598    .rodata.DMA_CalcBaseAndBitshift.flagBitshiftOffset  stm32f4xx_hal_dma.o
    0x0800a988   0x0800a988   0x00000014   Data   RO          140    .rodata.SD_Driver   sd_diskio.o
    0x0800a99c   0x0800a99c   0x00000e10   Data   RO         2150    .rodata.armBitRevIndexTable1024  arm_cortexM4lf_math.lib(arm_common_tables.o)
    0x0800b7ac   0x0800b7ac   0x00000474   Data   RO         1707    .rodata.asc2_1206   ili93xx.o
    0x0800bc20   0x0800bc20   0x000005f0   Data   RO         1708    .rodata.asc2_1608   ili93xx.o
    0x0800c210   0x0800c210   0x00000d5c   Data   RO         1709    .rodata.asc2_2412   ili93xx.o
    0x0800cf6c   0x0800cf6c   0x00000008   Data   RO         1717    .rodata.str1.1      ili93xx.o
    0x0800cf74   0x0800cf74   0x0000001e   Data   RO         1796    .rodata.str1.1      userfft.o
    0x0800cf92   0x0800cf92   0x00000002   PAD
    0x0800cf94   0x0800cf94   0x00002000   Data   RO         2121    .rodata.twiddleCoef_1024  arm_cortexM4lf_math.lib(arm_common_tables.o)
    0x0800ef94   0x0800ef94   0x00002000   Data   RO         2168    .rodata.twiddleCoef_rfft_2048  arm_cortexM4lf_math.lib(arm_common_tables.o)
    0x08010f94   0x08010f94   0x00000020   Data   RO         2338    Region$$Table       anon$$obj.o


    Execution Region RW_IRAM1 (Exec base: 0x20000000, Load base: 0x08010fb8, Size: 0x00014508, Max: 0x00020000, ABSOLUTE)

    Exec Addr    Load Addr    Size         Type   Attr      Idx    E Section Name        Object

    0x20000000   0x08010fb8   0x00000004   Data   RW         2304    .data               mc_w.l(stdout.o)
    0x20000004   0x08010fbc   0x00000004   Data   RW         2322    .data               mc_w.l(errno.o)
    0x20000008   0x08010fc0   0x00000002   Data   RW         1715    .data.BACK_COLOR    ili93xx.o
    0x2000000a   0x08010fc2   0x00000002   PAD
    0x2000000c   0x08010fc4   0x00000004   Data   RW         1772    .data.LastX_FFT     gui.o
    0x20000010   0x08010fc8   0x00000004   Data   RW         1773    .data.LastY_FFT     gui.o
    0x20000014   0x08010fcc   0x00000004   Data   RW         1771    .data.LastY_Wave    gui.o
    0x20000018   0x08010fd0   0x00000001   Data   RW          141    .data.Stat          sd_diskio.o
    0x20000019   0x08010fd1   0x00000003   PAD
    0x2000001c   0x08010fd4   0x00000004   Data   RW         1630    .data.SystemCoreClock  system_stm32f4xx.o
    0x20000020   0x08010fd8   0x00000001   Data   RW          796    .data.uwTickFreq    stm32f4xx_hal.o
    0x20000021   0x08010fd9   0x00000003   PAD
    0x20000024   0x08010fdc   0x00000004   Data   RW          795    .data.uwTickPrio    stm32f4xx_hal.o
    0x20000028        -       0x00000002   Zero   RW         1743    .bss.ADCValue       automaticdimming.o
    0x2000002a        -       0x00001000   Zero   RW         1774    .bss.Adc_table      gui.o
    0x2000102a   0x08010fe0   0x00000002   PAD
    0x2000102c        -       0x00002000   Zero   RW         1775    .bss.FFT_table      gui.o
    0x2000302c        -       0x00000004   Zero   RW          177    .bss.FSMC_Initialized  fsmc.o
    0x20003030        -       0x00000004   Zero   RW         1770    .bss.LastX_Wave     gui.o
    0x20003034        -       0x00000002   Zero   RW         1714    .bss.POINT_COLOR    ili93xx.o
    0x20003036        -       0x00000004   Zero   RW          154    .bss.SDPath         fatfs.o
    0x2000303a   0x08010fe0   0x00000002   PAD
    0x2000303c        -       0x0000000c   Zero   RW         2021    .bss.disk           ff_gen_drv.o
    0x20003048        -       0x00000048   Zero   RW           42    .bss.hadc1          adc.o
    0x20003090        -       0x00000048   Zero   RW           43    .bss.hadc2          adc.o
    0x200030d8        -       0x00000014   Zero   RW           60    .bss.hdac           dac.o
    0x200030ec        -       0x00000060   Zero   RW           44    .bss.hdma_adc1      adc.o
    0x2000314c        -       0x00000060   Zero   RW           45    .bss.hdma_adc2      adc.o
    0x200031ac        -       0x00000084   Zero   RW          193    .bss.hsd            sdio.o
    0x20003230        -       0x00000050   Zero   RW          176    .bss.hsram1         fsmc.o
    0x20003280        -       0x00000040   Zero   RW          223    .bss.htim2          tim.o
    0x200032c0        -       0x00000040   Zero   RW          224    .bss.htim3          tim.o
    0x20003300        -       0x00000040   Zero   RW          225    .bss.htim4          tim.o
    0x20003340        -       0x00000040   Zero   RW          240    .bss.huart1         usart.o
    0x20003380        -       0x0000000e   Zero   RW         1716    .bss.lcddev         ili93xx.o
    0x2000338e        -       0x00000001   Zero   RW          155    .bss.retSD          fatfs.o
    0x2000338f   0x08010fe0   0x00000001   PAD
    0x20003390        -       0x00000004   Zero   RW          797    .bss.uwTick         stm32f4xx_hal.o
    0x20003394   0x08010fe0   0x00000004   PAD
    0x20003398        -       0x00011170   Zero   RW            1    STACK               startup_stm32f407xx.o


==============================================================================

Image component sizes


      Code (inc. data)   RO Data    RW Data    ZI Data      Debug   Object Name

       748          0          0          0        336       7245   adc.o
        56          0          0          0          2       3848   automaticdimming.o
       306          0          0          0          0       6720   bsp_driver_sd.o
       230          0          0          0         20       4418   dac.o
        82          0          0          0          0       3254   dma.o
        34          0          0          0          5       1835   fatfs.o
       174          0          0          0         12       2264   ff_gen_drv.o
       374          0          0          0         84       5267   fsmc.o
       352          0          0          0          0       2193   gpio.o
       816         40          0         12      12292       1367   gui.o
      5440         24       6088          2         16      13883   ili93xx.o
       274          0          0          0          0       2653   main.o
        60          0          0          0          0       1033   my_uart.o
       532          4         20          1          0       2698   sd_diskio.o
       280          0          0          0        132       5118   sdio.o
        36          8        392          0      70000        820   startup_stm32f407xx.o
       296          0          0          5          4       7089   stm32f4xx_hal.o
      2722          0          0          0          0       9883   stm32f4xx_hal_adc.o
        12          0          0          0          0       8191   stm32f4xx_hal_adc_ex.o
       566          0          0          0          0       9489   stm32f4xx_hal_cortex.o
       258          0          0          0          0       6803   stm32f4xx_hal_dac.o
      2160          8          8          0          0       8501   stm32f4xx_hal_dma.o
      1040          0          0          0          0       5104   stm32f4xx_hal_gpio.o
        78          0          0          0          0       1441   stm32f4xx_hal_msp.o
      2602          0          0          0          0       7439   stm32f4xx_hal_rcc.o
      3922          0          0          0          0      21176   stm32f4xx_hal_sd.o
       174          0          0          0          0       7065   stm32f4xx_hal_sram.o
      2980         14          0          0          0      31633   stm32f4xx_hal_tim.o
       160          0          0          0          0      12705   stm32f4xx_hal_tim_ex.o
      1866          0          0          0          0      15514   stm32f4xx_hal_uart.o
        92          0          0          0          0       1290   stm32f4xx_it.o
       434          0          0          0          0       6756   stm32f4xx_ll_fsmc.o
      2906          0          0          0          0      10821   stm32f4xx_ll_sdmmc.o
       110          0         24          4          0       2515   system_stm32f4xx.o
       802          0          0          0        192       6210   tim.o
       306          0          0          0         64       4735   usart.o
       168          0          0          0          0        839   useradc.o
      1064         24         30          0          0       2976   userfft.o
       108          0          0          0          0        366   usermain.o

    ----------------------------------------------------------------------
     34832        122       6596         32      83168     253157   Object Totals
         0          0         32          0          0          0   (incl. Generated)
       212          0          2          8          9          0   (incl. Padding)

    ----------------------------------------------------------------------

      Code (inc. data)   RO Data    RW Data    ZI Data      Debug   Library Member Name

        64          0          0          0          0       1220   arm_bitreversal2.o
      1698          0          0          0          0       6291   arm_cfft_f32.o
      1448          8          0          0          0       5159   arm_cfft_radix8_f32.o
       320          0          0          0          0       2010   arm_cmplx_mag_f32.o
         0          0      19984          0          0       3698   arm_common_tables.o
       442          0          0          0          0       2996   arm_rfft_fast_f32.o
        60          0          0          0          0       3605   arm_rfft_fast_init_f32.o
        58          0          0          0          0        136   sqrtf.o
         0          0          0          0          0          0   entry.o
         0          0          0          0          0          0   entry10a.o
         0          0          0          0          0          0   entry11a.o
         8          4          0          0          0          0   entry2.o
         4          0          0          0          0          0   entry5.o
         0          0          0          0          0          0   entry7b.o
         0          0          0          0          0          0   entry8b.o
         8          4          0          0          0          0   entry9a.o
        12          6          0          4          0         68   errno.o
        30          0          0          0          0          0   handlers.o
        36          8          0          0          0         68   init.o
         0          0          0          0          0          0   iusefp.o
        30          0          0          0          0         68   llshl.o
        36          0          0          0          0         68   llsshr.o
        32          0          0          0          0         68   llushr.o
        36          0          0          0          0        108   memseta.o
      2308         96          0          0          0        604   printfa.o
         0          0          0          4          0          0   stdout.o
        44          0          0          0          0         80   uidiv.o
        98          0          0          0          0         92   uldiv.o
        48          0          0          0          0         68   cdrcmple.o
        56          0          0          0          0         88   d2f.o
       334          0          0          0          0        148   dadd.o
       222          0          0          0          0        100   ddiv.o
       186          0          0          0          0        176   depilogue.o
        62          0          0          0          0         80   dfixi.o
        48          0          0          0          0         68   dfixul.o
        34          0          0          0          0         76   dflti.o
       228          0          0          0          0         96   dmul.o
        38          0          0          0          0         68   f2d.o
       110          0          0          0          0        168   fepilogue.o

    ----------------------------------------------------------------------
      8144        126      19984          8          0      27475   Library Totals
         6          0          0          0          0          0   (incl. Padding)

    ----------------------------------------------------------------------

      Code (inc. data)   RO Data    RW Data    ZI Data      Debug   Library Name

      4032          8      19984          0          0      24979   arm_cortexM4lf_math.lib
        58          0          0          0          0        136   m_wm.l
      2682        118          0          8          0       1224   mc_w.l
      1366          0          0          0          0       1136   mf_w.l

    ----------------------------------------------------------------------
      8144        126      19984          8          0      27475   Library Totals

    ----------------------------------------------------------------------

==============================================================================


      Code (inc. data)   RO Data    RW Data    ZI Data      Debug   

     42976        248      26580         40      83168     278952   Grand Totals
     42976        248      26580         40      83168     278952   ELF Image Totals
     42976        248      26580         40          0          0   ROM Totals

==============================================================================

    Total RO  Size (Code + RO Data)                69556 (  67.93kB)
    Total RW  Size (RW Data + ZI Data)             83208 (  81.26kB)
    Total ROM Size (Code + RO Data + RW Data)      69596 (  67.96kB)

==============================================================================

