Component: ARM Compiler 6.12 Tool: armlink [5d624300]

==============================================================================

Section Cross References

    startup_stm32f407xx.o(RESET) refers to startup_stm32f407xx.o(STACK) for __initial_sp
    startup_stm32f407xx.o(RESET) refers to startup_stm32f407xx.o(.text) for Reset_Handler
    startup_stm32f407xx.o(RESET) refers to stm32f4xx_it.o(.text.NMI_Handler) for NMI_Handler
    startup_stm32f407xx.o(RESET) refers to stm32f4xx_it.o(.text.HardFault_Handler) for HardFault_Handler
    startup_stm32f407xx.o(RESET) refers to stm32f4xx_it.o(.text.MemManage_Handler) for MemManage_Handler
    startup_stm32f407xx.o(RESET) refers to stm32f4xx_it.o(.text.BusFault_Handler) for BusFault_Handler
    startup_stm32f407xx.o(RESET) refers to stm32f4xx_it.o(.text.UsageFault_Handler) for UsageFault_Handler
    startup_stm32f407xx.o(RESET) refers to stm32f4xx_it.o(.text.SVC_Handler) for SVC_Handler
    startup_stm32f407xx.o(RESET) refers to stm32f4xx_it.o(.text.DebugMon_Handler) for DebugMon_Handler
    startup_stm32f407xx.o(RESET) refers to stm32f4xx_it.o(.text.PendSV_Handler) for PendSV_Handler
    startup_stm32f407xx.o(RESET) refers to stm32f4xx_it.o(.text.SysTick_Handler) for SysTick_Handler
    startup_stm32f407xx.o(RESET) refers to stm32f4xx_it.o(.text.ADC_IRQHandler) for ADC_IRQHandler
    startup_stm32f407xx.o(RESET) refers to stm32f4xx_it.o(.text.USART1_IRQHandler) for USART1_IRQHandler
    startup_stm32f407xx.o(RESET) refers to stm32f4xx_it.o(.text.DMA2_Stream0_IRQHandler) for DMA2_Stream0_IRQHandler
    startup_stm32f407xx.o(RESET) refers to stm32f4xx_it.o(.text.DMA2_Stream2_IRQHandler) for DMA2_Stream2_IRQHandler
    startup_stm32f407xx.o(.text) refers to system_stm32f4xx.o(.text.SystemInit) for SystemInit
    startup_stm32f407xx.o(.text) refers to entry.o(.ARM.Collect$$$$00000000) for __main
    main.o(.text.main) refers to stm32f4xx_hal.o(.text.HAL_Init) for HAL_Init
    main.o(.text.main) refers to main.o(.text.SystemClock_Config) for SystemClock_Config
    main.o(.text.main) refers to gpio.o(.text.MX_GPIO_Init) for MX_GPIO_Init
    main.o(.text.main) refers to fsmc.o(.text.MX_FSMC_Init) for MX_FSMC_Init
    main.o(.text.main) refers to adc.o(.text.MX_ADC1_Init) for MX_ADC1_Init
    main.o(.text.main) refers to usart.o(.text.MX_USART1_UART_Init) for MX_USART1_UART_Init
    main.o(.text.main) refers to dma.o(.text.MX_DMA_Init) for MX_DMA_Init
    main.o(.text.main) refers to tim.o(.text.MX_TIM4_Init) for MX_TIM4_Init
    main.o(.text.main) refers to tim.o(.text.MX_TIM2_Init) for MX_TIM2_Init
    main.o(.text.main) refers to adc.o(.text.MX_ADC2_Init) for MX_ADC2_Init
    main.o(.text.main) refers to tim.o(.text.MX_TIM3_Init) for MX_TIM3_Init
    main.o(.text.main) refers to sdio.o(.text.MX_SDIO_SD_Init) for MX_SDIO_SD_Init
    main.o(.text.main) refers to fatfs.o(.text.MX_FATFS_Init) for MX_FATFS_Init
    main.o(.text.main) refers to dac.o(.text.MX_DAC_Init) for MX_DAC_Init
    main.o(.text.main) refers to usermain.o(.text.UserMain) for UserMain
    main.o(.ARM.exidx.text.main) refers to main.o(.text.main) for [Anonymous Symbol]
    main.o(.text.SystemClock_Config) refers to memseta.o(.text) for __aeabi_memclr4
    main.o(.text.SystemClock_Config) refers to stm32f4xx_hal_rcc.o(.text.HAL_RCC_OscConfig) for HAL_RCC_OscConfig
    main.o(.text.SystemClock_Config) refers to main.o(.text.Error_Handler) for Error_Handler
    main.o(.text.SystemClock_Config) refers to stm32f4xx_hal_rcc.o(.text.HAL_RCC_ClockConfig) for HAL_RCC_ClockConfig
    main.o(.ARM.exidx.text.SystemClock_Config) refers to main.o(.text.SystemClock_Config) for [Anonymous Symbol]
    main.o(.ARM.exidx.text.Error_Handler) refers to main.o(.text.Error_Handler) for [Anonymous Symbol]
    gpio.o(.text.MX_GPIO_Init) refers to stm32f4xx_hal_gpio.o(.text.HAL_GPIO_WritePin) for HAL_GPIO_WritePin
    gpio.o(.text.MX_GPIO_Init) refers to stm32f4xx_hal_gpio.o(.text.HAL_GPIO_Init) for HAL_GPIO_Init
    gpio.o(.ARM.exidx.text.MX_GPIO_Init) refers to gpio.o(.text.MX_GPIO_Init) for [Anonymous Symbol]
    adc.o(.text.MX_ADC1_Init) refers to adc.o(.bss.hadc1) for hadc1
    adc.o(.text.MX_ADC1_Init) refers to stm32f4xx_hal_adc.o(.text.HAL_ADC_Init) for HAL_ADC_Init
    adc.o(.text.MX_ADC1_Init) refers to main.o(.text.Error_Handler) for Error_Handler
    adc.o(.text.MX_ADC1_Init) refers to stm32f4xx_hal_adc.o(.text.HAL_ADC_ConfigChannel) for HAL_ADC_ConfigChannel
    adc.o(.ARM.exidx.text.MX_ADC1_Init) refers to adc.o(.text.MX_ADC1_Init) for [Anonymous Symbol]
    adc.o(.text.MX_ADC2_Init) refers to adc.o(.bss.hadc2) for hadc2
    adc.o(.text.MX_ADC2_Init) refers to stm32f4xx_hal_adc.o(.text.HAL_ADC_Init) for HAL_ADC_Init
    adc.o(.text.MX_ADC2_Init) refers to main.o(.text.Error_Handler) for Error_Handler
    adc.o(.text.MX_ADC2_Init) refers to stm32f4xx_hal_adc.o(.text.HAL_ADC_ConfigChannel) for HAL_ADC_ConfigChannel
    adc.o(.ARM.exidx.text.MX_ADC2_Init) refers to adc.o(.text.MX_ADC2_Init) for [Anonymous Symbol]
[...]
    [Anonymous Symbol]                       0x08006760   Section        0  stm32f4xx_ll_sdmmc.o(.text.SDMMC_CmdSetRelAdd)
    [Anonymous Symbol]                       0x080067b0   Section        0  stm32f4xx_ll_sdmmc.o(.text.SDMMC_CmdStopTransfer)
    [Anonymous Symbol]                       0x080067f8   Section        0  stm32f4xx_ll_sdmmc.o(.text.SDMMC_CmdWriteMultiBlock)
    [Anonymous Symbol]                       0x0800684c   Section        0  stm32f4xx_ll_sdmmc.o(.text.SDMMC_CmdWriteSingleBlock)
    SDMMC_GetCmdError                        0x080068a1   Thumb Code   100  stm32f4xx_ll_sdmmc.o(.text.SDMMC_GetCmdError)
    [Anonymous Symbol]                       0x080068a0   Section        0  stm32f4xx_ll_sdmmc.o(.text.SDMMC_GetCmdError)
    SDMMC_GetCmdResp1                        0x08006905   Thumb Code   540  stm32f4xx_ll_sdmmc.o(.text.SDMMC_GetCmdResp1)
    [Anonymous Symbol]                       0x08006904   Section        0  stm32f4xx_ll_sdmmc.o(.text.SDMMC_GetCmdResp1)
    SDMMC_GetCmdResp2                        0x08006b21   Thumb Code   148  stm32f4xx_ll_sdmmc.o(.text.SDMMC_GetCmdResp2)
    [Anonymous Symbol]                       0x08006b20   Section        0  stm32f4xx_ll_sdmmc.o(.text.SDMMC_GetCmdResp2)
    SDMMC_GetCmdResp3                        0x08006bb5   Thumb Code   124  stm32f4xx_ll_sdmmc.o(.text.SDMMC_GetCmdResp3)
    [Anonymous Symbol]                       0x08006bb4   Section        0  stm32f4xx_ll_sdmmc.o(.text.SDMMC_GetCmdResp3)
    SDMMC_GetCmdResp6                        0x08006c31   Thumb Code   262  stm32f4xx_ll_sdmmc.o(.text.SDMMC_GetCmdResp6)
    [Anonymous Symbol]                       0x08006c30   Section        0  stm32f4xx_ll_sdmmc.o(.text.SDMMC_GetCmdResp6)
    SDMMC_GetCmdResp7                        0x08006d39   Thumb Code   136  stm32f4xx_ll_sdmmc.o(.text.SDMMC_GetCmdResp7)
    [Anonymous Symbol]                       0x08006d38   Section        0  stm32f4xx_ll_sdmmc.o(.text.SDMMC_GetCmdResp7)
    SD_CheckStatus                           0x08006dc1   Thumb Code    66  sd_diskio.o(.text.SD_CheckStatus)
    [Anonymous Symbol]                       0x08006dc0   Section        0  sd_diskio.o(.text.SD_CheckStatus)
    SD_InitCard                              0x08006e05   Thumb Code   406  stm32f4xx_hal_sd.o(.text.SD_InitCard)
    [Anonymous Symbol]                       0x08006e04   Section        0  stm32f4xx_hal_sd.o(.text.SD_InitCard)
    SD_PowerON                               0x08006f9d   Thumb Code   364  stm32f4xx_hal_sd.o(.text.SD_PowerON)
    [Anonymous Symbol]                       0x08006f9c   Section        0  stm32f4xx_hal_sd.o(.text.SD_PowerON)
    SD_SendStatus                            0x08007109   Thumb Code    98  stm32f4xx_hal_sd.o(.text.SD_SendStatus)
    [Anonymous Symbol]                       0x08007108   Section        0  stm32f4xx_hal_sd.o(.text.SD_SendStatus)
    [Anonymous Symbol]                       0x0800716c   Section        0  sd_diskio.o(.text.SD_initialize)
    [Anonymous Symbol]                       0x080071b4   Section        0  sd_diskio.o(.text.SD_ioctl)
    [Anonymous Symbol]                       0x08007274   Section        0  sd_diskio.o(.text.SD_read)
    [Anonymous Symbol]                       0x080072d0   Section        0  sd_diskio.o(.text.SD_status)
    [Anonymous Symbol]                       0x080072e8   Section        0  sd_diskio.o(.text.SD_write)
    [Anonymous Symbol]                       0x08007344   Section        0  stm32f4xx_it.o(.text.SVC_Handler)
    SysTick_Config                           0x08007349   Thumb Code    90  stm32f4xx_hal_cortex.o(.text.SysTick_Config)
    [Anonymous Symbol]                       0x08007348   Section        0  stm32f4xx_hal_cortex.o(.text.SysTick_Config)
    [Anonymous Symbol]                       0x080073a4   Section        0  stm32f4xx_it.o(.text.SysTick_Handler)
    [Anonymous Symbol]                       0x080073ac   Section        0  main.o(.text.SystemClock_Config)
    [Anonymous Symbol]                       0x08007474   Section        0  system_stm32f4xx.o(.text.SystemInit)
    [Anonymous Symbol]                       0x080074e4   Section        0  ili93xx.o(.text.TFTLCD_Init)
    [Anonymous Symbol]                       0x0800797c   Section        0  stm32f4xx_hal_tim.o(.text.TIM_Base_SetConfig)
    [Anonymous Symbol]                       0x08007b20   Section        0  stm32f4xx_hal_tim.o(.text.TIM_CCxChannelCmd)
    [Anonymous Symbol]                       0x08007b6c   Section        0  stm32f4xx_hal_tim.o(.text.TIM_ETR_SetConfig)
    TIM_ITRx_SetConfig                       0x08007bb9   Thumb Code    50  stm32f4xx_hal_tim.o(.text.TIM_ITRx_SetConfig)
    [Anonymous Symbol]                       0x08007bb8   Section        0  stm32f4xx_hal_tim.o(.text.TIM_ITRx_SetConfig)
    TIM_OC1_SetConfig                        0x08007bed   Thumb Code   242  stm32f4xx_hal_tim.o(.text.TIM_OC1_SetConfig)
    [Anonymous Symbol]                       0x08007bec   Section        0  stm32f4xx_hal_tim.o(.text.TIM_OC1_SetConfig)
    [Anonymous Symbol]                       0x08007ce0   Section        0  stm32f4xx_hal_tim.o(.text.TIM_OC2_SetConfig)
    TIM_OC3_SetConfig                        0x08007ddd   Thumb Code   250  stm32f4xx_hal_tim.o(.text.TIM_OC3_SetConfig)
    [Anonymous Symbol]                       0x08007ddc   Section        0  stm32f4xx_hal_tim.o(.text.TIM_OC3_SetConfig)
    TIM_OC4_SetConfig                        0x08007ed9   Thumb Code   172  stm32f4xx_hal_tim.o(.text.TIM_OC4_SetConfig)
    [Anonymous Symbol]                       0x08007ed8   Section        0  stm32f4xx_hal_tim.o(.text.TIM_OC4_SetConfig)
    TIM_TI1_ConfigInputStage                 0x08007f85   Thumb Code    98  stm32f4xx_hal_tim.o(.text.TIM_TI1_ConfigInputStage)
    [Anonymous Symbol]                       0x08007f84   Section        0  stm32f4xx_hal_tim.o(.text.TIM_TI1_ConfigInputStage)
    TIM_TI2_ConfigInputStage                 0x08007fe9   Thumb Code   100  stm32f4xx_hal_tim.o(.text.TIM_TI2_ConfigInputStage)
    [Anonymous Symbol]                       0x08007fe8   Section        0  stm32f4xx_hal_tim.o(.text.TIM_TI2_ConfigInputStage)
    UART_DMAAbortOnError                     0x0800804d   Thumb Code    36  stm32f4xx_hal_uart.o(.text.UART_DMAAbortOnError)
    [Anonymous Symbol]                       0x0800804c   Section        0  stm32f4xx_hal_uart.o(.text.UART_DMAAbortOnError)
    UART_EndRxTransfer                       0x08008071   Thumb Code    44  stm32f4xx_hal_uart.o(.text.UART_EndRxTransfer)
    [Anonymous Symbol]                       0x08008070   Section        0  stm32f4xx_hal_uart.o(.text.UART_EndRxTransfer)
    UART_EndTransmit_IT                      0x0800809d   Thumb Code    42  stm32f4xx_hal_uart.o(.text.UART_EndTransmit_IT)
    [Anonymous Symbol]                       0x0800809c   Section        0  stm32f4xx_hal_uart.o(.text.UART_EndTransmit_IT)
    UART_Receive_IT                          0x080080c9   Thumb Code   248  stm32f4xx_hal_uart.o(.text.UART_Receive_IT)
    [Anonymous Symbol]                       0x080080c8   Section        0  stm32f4xx_hal_uart.o(.text.UART_Receive_IT)
    UART_SetConfig                           0x080081c1   Thumb Code  1128  stm32f4xx_hal_uart.o(.text.UART_SetConfig)
    [Anonymous Symbol]                       0x080081c0   Section        0  stm32f4xx_hal_uart.o(.text.UART_SetConfig)
    UART_Transmit_IT                         0x08008629   Thumb Code   168  stm32f4xx_hal_uart.o(.text.UART_Transmit_IT)
    [Anonymous Symbol]                       0x08008628   Section        0  stm32f4xx_hal_uart.o(.text.UART_Transmit_IT)
    UART_WaitOnFlagUntilTimeout              0x080086d1   Thumb Code   188  stm32f4xx_hal_uart.o(.text.UART_WaitOnFlagUntilTimeout)
    [Anonymous Symbol]                       0x080086d0   Section        0  stm32f4xx_hal_uart.o(.text.UART_WaitOnFlagUntilTimeout)
    [Anonymous Symbol]                       0x0800878c   Section        0  stm32f4xx_it.o(.text.USART1_IRQHandler)
    [Anonymous Symbol]                       0x0800879c   Section        0  stm32f4xx_it.o(.text.UsageFault_Handler)
    [Anonymous Symbol]                       0x080087a0   Section        0  usermain.o(.text.UserMain)
    [Anonymous Symbol]                       0x08008848   Section        0  useradc.o(.text.User_AdcInit)
    __NVIC_EnableIRQ                         0x08008899   Thumb Code    54  stm32f4xx_hal_cortex.o(.text.__NVIC_EnableIRQ)
    [Anonymous Symbol]                       0x08008898   Section        0  stm32f4xx_hal_cortex.o(.text.__NVIC_EnableIRQ)
    __NVIC_GetPriorityGrouping               0x080088d1   Thumb Code    16  stm32f4xx_hal_cortex.o(.text.__NVIC_GetPriorityGrouping)
    [Anonymous Symbol]                       0x080088d0   Section        0  stm32f4xx_hal_cortex.o(.text.__NVIC_GetPriorityGrouping)
    __NVIC_SetPriority                       0x080088e1   Thumb Code    74  stm32f4xx_hal_cortex.o(.text.__NVIC_SetPriority)
    [Anonymous Symbol]                       0x080088e0   Section        0  stm32f4xx_hal_cortex.o(.text.__NVIC_SetPriority)
    __NVIC_SetPriorityGrouping               0x0800892d   Thumb Code    64  stm32f4xx_hal_cortex.o(.text.__NVIC_SetPriorityGrouping)
    [Anonymous Symbol]                       0x0800892c   Section        0  stm32f4xx_hal_cortex.o(.text.__NVIC_SetPriorityGrouping)
    check_fs                                 0x0800896d   Thumb Code   198  ff.o(.text.check_fs)
    [Anonymous Symbol]                       0x0800896c   Section        0  ff.o(.text.check_fs)
    clear_lock                               0x08008a35   Thumb Code    76  ff.o(.text.clear_lock)
    [Anonymous Symbol]                       0x08008a34   Section        0  ff.o(.text.clear_lock)
    [Anonymous Symbol]                       0x08008a80   Section        0  diskio.o(.text.disk_initialize)
    [Anonymous Symbol]                       0x08008ad8   Section        0  diskio.o(.text.disk_read)
    [Anonymous Symbol]                       0x08008b30   Section        0  diskio.o(.text.disk_status)
    [Anonymous Symbol]                       0x08008b64   Section        0  diskio.o(.text.disk_write)
    [Anonymous Symbol]                       0x08008bbc   Section        0  ff.o(.text.f_mount)
    find_volume                              0x08008c7d   Thumb Code  1316  ff.o(.text.find_volume)
    [Anonymous Symbol]                       0x08008c7c   Section        0  ff.o(.text.find_volume)
    [Anonymous Symbol]                       0x080091a0   Section        0  my_uart.o(.text.fputc)
    get_ldnumber                             0x080091dd   Thumb Code   176  ff.o(.text.get_ldnumber)
    [Anonymous Symbol]                       0x080091dc   Section        0  ff.o(.text.get_ldnumber)
    ld_dword                                 0x0800928d   Thumb Code    56  ff.o(.text.ld_dword)
    [Anonymous Symbol]                       0x0800928c   Section        0  ff.o(.text.ld_dword)
    ld_word                                  0x080092c5   Thumb Code    40  ff.o(.text.ld_word)
    [Anonymous Symbol]                       0x080092c4   Section        0  ff.o(.text.ld_word)
    [Anonymous Symbol]                       0x080092ec   Section        0  main.o(.text.main)
    move_window                              0x08009339   Thumb Code   112  ff.o(.text.move_window)
    [Anonymous Symbol]                       0x08009338   Section        0  ff.o(.text.move_window)
    sync_window                              0x080093a9   Thumb Code   160  ff.o(.text.sync_window)
    [Anonymous Symbol]                       0x080093a8   Section        0  ff.o(.text.sync_window)
    i.__0printf                              0x08009448   Section        0  printfa.o(i.__0printf)
    i.__scatterload_copy                     0x08009468   Section       14  handlers.o(i.__scatterload_copy)
    i.__scatterload_null                     0x08009476   Section        2  handlers.o(i.__scatterload_null)
    i.__scatterload_zeroinit                 0x08009478   Section       14  handlers.o(i.__scatterload_zeroinit)
    _fp_digits                               0x08009489   Thumb Code   366  printfa.o(i._fp_digits)
    i._fp_digits                             0x08009488   Section        0  printfa.o(i._fp_digits)
    _printf_core                             0x0800960d   Thumb Code  1744  printfa.o(i._printf_core)
    i._printf_core                           0x0800960c   Section        0  printfa.o(i._printf_core)
    _printf_post_padding                     0x08009ce9   Thumb Code    36  printfa.o(i._printf_post_padding)
    i._printf_post_padding                   0x08009ce8   Section        0  printfa.o(i._printf_post_padding)
    _printf_pre_padding                      0x08009d0d   Thumb Code    46  printfa.o(i._printf_pre_padding)
    i._printf_pre_padding                    0x08009d0c   Section        0  printfa.o(i._printf_pre_padding)
    DMA_CalcBaseAndBitshift.flagBitshiftOffset 0x08009d52   Data           8  stm32f4xx_hal_dma.o(.rodata.DMA_CalcBaseAndBitshift.flagBitshiftOffset)
    [Anonymous Symbol]                       0x08009d52   Section        0  stm32f4xx_hal_dma.o(.rodata.DMA_CalcBaseAndBitshift.flagBitshiftOffset)
    .L.str                                   0x0800b530   Data           4  usermain.o(.rodata.str1.1)
    [Anonymous Symbol]                       0x0800b530   Section        0  usermain.o(.rodata.str1.1)
    .L.str                                   0x0800b534   Data          26  sdcard.o(.rodata.str1.1)
    .L.str.1                                 0x0800b534   Data          11  usermain.o(.rodata.str1.1)
    [Anonymous Symbol]                       0x0800b534   Section        0  sdcard.o(.rodata.str1.1)
    .L.str.1                                 0x0800b54e   Data          11  sdcard.o(.rodata.str1.1)
    .data                                    0x20000000   Section        4  stdout.o(.data)
    Stat                                     0x20000004   Data           1  sd_diskio.o(.data.Stat)
    [Anonymous Symbol]                       0x20000004   Section        0  sd_diskio.o(.data.Stat)
    FSMC_Initialized                         0x2000003c   Data           4  fsmc.o(.bss.FSMC_Initialized)
    [Anonymous Symbol]                       0x2000003c   Section        0  fsmc.o(.bss.FSMC_Initialized)
    FatFs                                    0x20000040   Data           4  ff.o(.bss.FatFs)
    [Anonymous Symbol]                       0x20000040   Section        0  ff.o(.bss.FatFs)
    Files                                    0x20000044   Data          32  ff.o(.bss.Files)
    [Anonymous Symbol]                       0x20000044   Section        0  ff.o(.bss.Files)
    Fsid                                     0x20000064   Data           2  ff.o(.bss.Fsid)
    [Anonymous Symbol]                       0x20000064   Section        0  ff.o(.bss.Fsid)
    STACK                                    0x20000600   Section    70000  startup_stm32f407xx.o(STACK)

    Global Symbols

    Symbol Name                              Value     Ov Type        Size  Object(Section)

    BuildAttributes$$THM_ISAv4$E$P$D$K$B$S$7EM$VFPi3$EXTD16$VFPS$VFMA$PE$A:L22UL41UL21$X:L11$S22US41US21$IEEE1$IW$~IW$USESV6$~STKCKD$USESV7$~SHL$OTIME$ROPI$IEEEJ$EBA8$MICROLIB$REQ8$PRES8$EABIv2 0x00000000   Number         0  anon$$obj.o ABSOLUTE
    __cpp_initialize__aeabi_                  - Undefined Weak Reference
    __cxa_finalize                            - Undefined Weak Reference
    __decompress                              - Undefined Weak Reference
    _clock_init                               - Undefined Weak Reference
    _microlib_exit                            - Undefined Weak Reference
    __Vectors_Size                           0x00000188   Number         0  startup_stm32f407xx.o ABSOLUTE
    __Vectors                                0x08000000   Data           4  startup_stm32f407xx.o(RESET)
    __Vectors_End                            0x08000188   Data           0  startup_stm32f407xx.o(RESET)
    __main                                   0x08000189   Thumb Code     0  entry.o(.ARM.Collect$$$$00000000)
    _main_stk                                0x08000189   Thumb Code     0  entry2.o(.ARM.Collect$$$$00000001)
    _main_scatterload                        0x0800018d   Thumb Code     0  entry5.o(.ARM.Collect$$$$00000004)
    __main_after_scatterload                 0x08000191   Thumb Code     0  entry5.o(.ARM.Collect$$$$00000004)
    _main_clock                              0x08000191   Thumb Code     0  entry7b.o(.ARM.Collect$$$$00000008)
    _main_cpp_init                           0x08000191   Thumb Code     0  entry8b.o(.ARM.Collect$$$$0000000A)
    _main_init                               0x08000191   Thumb Code     0  entry9a.o(.ARM.Collect$$$$0000000B)
    __rt_final_cpp                           0x08000199   Thumb Code     0  entry10a.o(.ARM.Collect$$$$0000000D)
    __rt_final_exit                          0x08000199   Thumb Code     0  entry11a.o(.ARM.Collect$$$$0000000F)
    Reset_Handler                            0x0800019d   Thumb Code     8  startup_stm32f407xx.o(.text)
    CAN1_RX0_IRQHandler                      0x080001b7   Thumb Code     0  startup_stm32f407xx.o(.text)
    CAN1_RX1_IRQHandler                      0x080001b7   Thumb Code     0  startup_stm32f407xx.o(.text)
    CAN1_SCE_IRQHandler                      0x080001b7   Thumb Code     0  startup_stm32f407xx.o(.text)
    CAN1_TX_IRQHandler                       0x080001b7   Thumb Code     0  startup_stm32f407xx.o(.text)
    CAN2_RX0_IRQHandler                      0x080001b7   Thumb Code     0  startup_stm32f407xx.o(.text)
    CAN2_RX1_IRQHandler                      0x080001b7   Thumb Code     0  startup_stm32f407xx.o(.text)
    CAN2_SCE_IRQHandler                      0x080001b7   Thumb Code     0  startup_stm32f407xx.o(.text)
    CAN2_TX_IRQHandler                       0x080001b7   Thumb Code     0  startup_stm32f407xx.o(.text)
    DCMI_IRQHandler                          0x080001b7   Thumb Code     0  startup_stm32f407xx.o(.text)
    DMA1_Stream0_IRQHandler                  0x080001b7   Thumb Code     0  startup_stm32f407xx.o(.text)
    DMA1_Stream1_IRQHandler                  0x080001b7   Thumb Code     0  startup_stm32f407xx.o(.text)
    DMA1_Stream2_IRQHandler                  0x080001b7   Thumb Code     0  startup_stm32f407xx.o(.text)
    DMA1_Stream3_IRQHandler                  0x080001b7   Thumb Code     0  startup_stm32f407xx.o(.text)
    DMA1_Stream4_IRQHandler                  0x080001b7   Thumb Code     0  startup_stm32f407xx.o(.text)
    DMA1_Stream5_IRQHandler                  0x080001b7   Thumb Code     0  startup_stm32f407xx.o(.text)
    DMA1_Stream6_IRQHandler                  0x080001b7   Thumb Code     0  startup_stm32f407xx.o(.text)
    DMA1_Stream7_IRQHandler                  0x080001b7   Thumb Code     0  startup_stm32f407xx.o(.text)
    DMA2_Stream1_IRQHandler                  0x080001b7   Thumb Code     0  startup_stm32f407xx.o(.text)
    DMA2_Stream3_IRQHandler                  0x080001b7   Thumb Code     0  startup_stm32f407xx.o(.text)
    DMA2_Stream4_IRQHandler                  0x080001b7   Thumb Code     0  startup_stm32f407xx.o(.text)
    DMA2_Stream5_IRQHandler                  0x080001b7   Thumb Code     0  startup_stm32f407xx.o(.text)
    DMA2_Stream6_IRQHandler                  0x080001b7   Thumb Code     0  startup_stm32f407xx.o(.text)
    DMA2_Stream7_IRQHandler                  0x080001b7   Thumb Code     0  startup_stm32f407xx.o(.text)
    ETH_IRQHandler                           0x080001b7   Thumb Code     0  startup_stm32f407xx.o(.text)
    ETH_WKUP_IRQHandler                      0x080001b7   Thumb Code     0  startup_stm32f407xx.o(.text)
    EXTI0_IRQHandler                         0x080001b7   Thumb Code     0  startup_stm32f407xx.o(.text)
    EXTI15_10_IRQHandler                     0x080001b7   Thumb Code     0  startup_stm32f407xx.o(.text)
    EXTI1_IRQHandler                         0x080001b7   Thumb Code     0  startup_stm32f407xx.o(.text)
    EXTI2_IRQHandler                         0x080001b7   Thumb Code     0  startup_stm32f407xx.o(.text)
    EXTI3_IRQHandler                         0x080001b7   Thumb Code     0  startup_stm32f407xx.o(.text)
    EXTI4_IRQHandler                         0x080001b7   Thumb Code     0  startup_stm32f407xx.o(.text)
    EXTI9_5_IRQHandler                       0x080001b7   Thumb Code     0  startup_stm32f407xx.o(.text)
    FLASH_IRQHandler                         0x080001b7   Thumb Code     0  startup_stm32f407xx.o(.text)
    FMC_IRQHandler                           0x080001b7   Thumb Code     0  startup_stm32f407xx.o(.text)
    FPU_IRQHandler                           0x080001b7   Thumb Code     0  startup_stm32f407xx.o(.text)
    HASH_RNG_IRQHandler                      0x080001b7   Thumb Code     0  startup_stm32f407xx.o(.text)
    I2C1_ER_IRQHandler                       0x080001b7   Thumb Code     0  startup_stm32f407xx.o(.text)
    I2C1_EV_IRQHandler                       0x080001b7   Thumb Code     0  startup_stm32f407xx.o(.text)
    I2C2_ER_IRQHandler                       0x080001b7   Thumb Code     0  startup_stm32f407xx.o(.text)
    I2C2_EV_IRQHandler                       0x080001b7   Thumb Code     0  startup_stm32f407xx.o(.text)
    I2C3_ER_IRQHandler                       0x080001b7   Thumb Code     0  startup_stm32f407xx.o(.text)
    I2C3_EV_IRQHandler                       0x080001b7   Thumb Code     0  startup_stm32f407xx.o(.text)
    OTG_FS_IRQHandler                        0x080001b7   Thumb Code     0  startup_stm32f407xx.o(.text)
    OTG_FS_WKUP_IRQHandler                   0x080001b7   Thumb Code     0  startup_stm32f407xx.o(.text)
    OTG_HS_EP1_IN_IRQHandler                 0x080001b7   Thumb Code     0  startup_stm32f407xx.o(.text)
    OTG_HS_EP1_OUT_IRQHandler                0x080001b7   Thumb Code     0  startup_stm32f407xx.o(.text)
    OTG_HS_IRQHandler                        0x080001b7   Thumb Code     0  startup_stm32f407xx.o(.text)
    OTG_HS_WKUP_IRQHandler                   0x080001b7   Thumb Code     0  startup_stm32f407xx.o(.text)
    PVD_IRQHandler                           0x080001b7   Thumb Code     0  startup_stm32f407xx.o(.text)
    RCC_IRQHandler                           0x080001b7   Thumb Code     0  startup_stm32f407xx.o(.text)
    RTC_Alarm_IRQHandler                     0x080001b7   Thumb Code     0  startup_stm32f407xx.o(.text)
    RTC_WKUP_IRQHandler                      0x080001b7   Thumb Code     0  startup_stm32f407xx.o(.text)
    SDIO_IRQHandler                          0x080001b7   Thumb Code     0  startup_stm32f407xx.o(.text)
    SPI1_IRQHandler                          0x080001b7   Thumb Code     0  startup_stm32f407xx.o(.text)
    SPI2_IRQHandler                          0x080001b7   Thumb Code     0  startup_stm32f407xx.o(.text)
    SPI3_IRQHandler                          0x080001b7   Thumb Code     0  startup_stm32f407xx.o(.text)
    TAMP_STAMP_IRQHandler                    0x080001b7   Thumb Code     0  startup_stm32f407xx.o(.text)
    TIM1_BRK_TIM9_IRQHandler                 0x080001b7   Thumb Code     0  startup_stm32f407xx.o(.text)
    TIM1_CC_IRQHandler                       0x080001b7   Thumb Code     0  startup_stm32f407xx.o(.text)
    TIM1_TRG_COM_TIM11_IRQHandler            0x080001b7   Thumb Code     0  startup_stm32f407xx.o(.text)
    TIM1_UP_TIM10_IRQHandler                 0x080001b7   Thumb Code     0  startup_stm32f407xx.o(.text)
    TIM2_IRQHandler                          0x080001b7   Thumb Code     0  startup_stm32f407xx.o(.text)
    TIM3_IRQHandler                          0x080001b7   Thumb Code     0  startup_stm32f407xx.o(.text)
    TIM4_IRQHandler                          0x080001b7   Thumb Code     0  startup_stm32f407xx.o(.text)
    TIM5_IRQHandler                          0x080001b7   Thumb Code     0  startup_stm32f407xx.o(.text)
    TIM6_DAC_IRQHandler                      0x080001b7   Thumb Code     0  startup_stm32f407xx.o(.text)
    TIM7_IRQHandler                          0x080001b7   Thumb Code     0  startup_stm32f407xx.o(.text)
    TIM8_BRK_TIM12_IRQHandler                0x080001b7   Thumb Code     0  startup_stm32f407xx.o(.text)
    TIM8_CC_IRQHandler                       0x080001b7   Thumb Code     0  startup_stm32f407xx.o(.text)
    TIM8_TRG_COM_TIM14_IRQHandler            0x080001b7   Thumb Code     0  startup_stm32f407xx.o(.text)
    TIM8_UP_TIM13_IRQHandler                 0x080001b7   Thumb Code     0  startup_stm32f407xx.o(.text)
    UART4_IRQHandler                         0x080001b7   Thumb Code     0  startup_stm32f407xx.o(.text)
    UART5_IRQHandler                         0x080001b7   Thumb Code     0  startup_stm32f407xx.o(.text)
    USART2_IRQHandler                        0x080001b7   Thumb Code     0  startup_stm32f407xx.o(.text)
    USART3_IRQHandler                        0x080001b7   Thumb Code     0  startup_stm32f407xx.o(.text)
    USART6_IRQHandler                        0x080001b7   Thumb Code     0  startup_stm32f407xx.o(.text)
    WWDG_IRQHandler                          0x080001b7   Thumb Code     0  startup_stm32f407xx.o(.text)
    __aeabi_uldivmod                         0x080001c1   Thumb Code    98  uldiv.o(.text)
    __aeabi_memset                           0x08000223   Thumb Code    14  memseta.o(.text)
    __aeabi_memset4                          0x08000223   Thumb Code     0  memseta.o(.text)
    __aeabi_memset8                          0x08000223   Thumb Code     0  memseta.o(.text)
    __aeabi_memclr                           0x08000231   Thumb Code     4  memseta.o(.text)
    __aeabi_memclr4                          0x08000231   Thumb Code     0  memseta.o(.text)
    __aeabi_memclr8                          0x08000231   Thumb Code     0  memseta.o(.text)
    _memset$wrapper                          0x08000235   Thumb Code    18  memseta.o(.text)
    __aeabi_dadd                             0x08000247   Thumb Code   322  dadd.o(.text)
    __aeabi_dsub                             0x08000389   Thumb Code     6  dadd.o(.text)
    __aeabi_drsub                            0x0800038f   Thumb Code     6  dadd.o(.text)
    __aeabi_dmul                             0x08000395   Thumb Code   228  dmul.o(.text)
    __aeabi_ddiv                             0x08000479   Thumb Code   222  ddiv.o(.text)
    __aeabi_uidiv                            0x08000557   Thumb Code     0  uidiv.o(.text)
    __aeabi_uidivmod                         0x08000557   Thumb Code    44  uidiv.o(.text)
    __aeabi_llsl                             0x08000583   Thumb Code    30  llshl.o(.text)
    _ll_shift_l                              0x08000583   Thumb Code     0  llshl.o(.text)
    __aeabi_llsr                             0x080005a1   Thumb Code    32  llushr.o(.text)
    _ll_ushift_r                             0x080005a1   Thumb Code     0  llushr.o(.text)
    __aeabi_lasr                             0x080005c1   Thumb Code    36  llsshr.o(.text)
    _ll_sshift_r                             0x080005c1   Thumb Code     0  llsshr.o(.text)
    __I$use$fp                               0x080005e5   Thumb Code     0  iusefp.o(.text)
    _double_round                            0x080005e5   Thumb Code    30  depilogue.o(.text)
    _double_epilogue                         0x08000603   Thumb Code   156  depilogue.o(.text)
    __aeabi_d2ulz                            0x0800069f   Thumb Code    48  dfixul.o(.text)
    __aeabi_cdrcmple                         0x080006d1   Thumb Code    48  cdrcmple.o(.text)
    __scatterload                            0x08000701   Thumb Code    28  init.o(.text)
    __scatterload_rt2                        0x08000701   Thumb Code     0  init.o(.text)
    ADC_IRQHandler                           0x0800082d   Thumb Code    28  stm32f4xx_it.o(.text.ADC_IRQHandler)
    BSP_SD_GetCardInfo                       0x080009d9   Thumb Code    38  bsp_driver_sd.o(.text.BSP_SD_GetCardInfo)
    BSP_SD_GetCardState                      0x08000a01   Thumb Code    22  bsp_driver_sd.o(.text.BSP_SD_GetCardState)
    BSP_SD_Init                              0x08000a19   Thumb Code    62  bsp_driver_sd.o(.text.BSP_SD_Init)
    BSP_SD_IsDetected                        0x08000a59   Thumb Code    16  bsp_driver_sd.o(.text.BSP_SD_IsDetected)
    BSP_SD_ReadBlocks                        0x08000a69   Thumb Code    84  bsp_driver_sd.o(.text.BSP_SD_ReadBlocks)
    BSP_SD_WriteBlocks                       0x08000abd   Thumb Code    84  bsp_driver_sd.o(.text.BSP_SD_WriteBlocks)
    BusFault_Handler                         0x08000b11   Thumb Code     4  stm32f4xx_it.o(.text.BusFault_Handler)
    CheckSDCard                              0x08000b15   Thumb Code    96  sdcard.o(.text.CheckSDCard)
    DMA2_Stream0_IRQHandler                  0x08000b75   Thumb Code    16  stm32f4xx_it.o(.text.DMA2_Stream0_IRQHandler)
    DMA2_Stream2_IRQHandler                  0x08000b85   Thumb Code    16  stm32f4xx_it.o(.text.DMA2_Stream2_IRQHandler)
    DebugMon_Handler                         0x08000d51   Thumb Code     2  stm32f4xx_it.o(.text.DebugMon_Handler)
    Error_Handler                            0x08000d55   Thumb Code     2  main.o(.text.Error_Handler)
    FATFS_LinkDriver                         0x08000d59   Thumb Code    34  ff_gen_drv.o(.text.FATFS_LinkDriver)
    FATFS_LinkDriverEx                       0x08000d7d   Thumb Code   140  ff_gen_drv.o(.text.FATFS_LinkDriverEx)
    FSMC_NORSRAM_Extended_Timing_Init        0x08000e09   Thumb Code   134  stm32f4xx_ll_fsmc.o(.text.FSMC_NORSRAM_Extended_Timing_Init)
    FSMC_NORSRAM_Init                        0x08000e91   Thumb Code   180  stm32f4xx_ll_fsmc.o(.text.FSMC_NORSRAM_Init)
    FSMC_NORSRAM_Timing_Init                 0x08000f45   Thumb Code   120  stm32f4xx_ll_fsmc.o(.text.FSMC_NORSRAM_Timing_Init)
    HAL_ADCEx_InjectedConvCpltCallback       0x08000fbd   Thumb Code    12  stm32f4xx_hal_adc_ex.o(.text.HAL_ADCEx_InjectedConvCpltCallback)
    HAL_ADC_ConfigChannel                    0x08000fc9   Thumb Code   552  stm32f4xx_hal_adc.o(.text.HAL_ADC_ConfigChannel)
    HAL_ADC_ConvCpltCallback                 0x080011f1   Thumb Code    56  automaticdimming.o(.text.HAL_ADC_ConvCpltCallback)
    HAL_ADC_ConvHalfCpltCallback             0x08001229   Thumb Code    12  stm32f4xx_hal_adc.o(.text.HAL_ADC_ConvHalfCpltCallback)
    HAL_ADC_ErrorCallback                    0x08001235   Thumb Code    12  stm32f4xx_hal_adc.o(.text.HAL_ADC_ErrorCallback)
    HAL_ADC_IRQHandler                       0x08001241   Thumb Code   578  stm32f4xx_hal_adc.o(.text.HAL_ADC_IRQHandler)
    HAL_ADC_Init                             0x08001485   Thumb Code   180  stm32f4xx_hal_adc.o(.text.HAL_ADC_Init)
    HAL_ADC_LevelOutOfWindowCallback         0x08001539   Thumb Code    12  stm32f4xx_hal_adc.o(.text.HAL_ADC_LevelOutOfWindowCallback)
    HAL_ADC_MspInit                          0x08001545   Thumb Code   488  adc.o(.text.HAL_ADC_MspInit)
    HAL_ADC_Start_DMA                        0x0800172d   Thumb Code   558  stm32f4xx_hal_adc.o(.text.HAL_ADC_Start_DMA)
    HAL_DAC_ConfigChannel                    0x0800195d   Thumb Code   176  stm32f4xx_hal_dac.o(.text.HAL_DAC_ConfigChannel)
    HAL_DAC_Init                             0x08001a0d   Thumb Code    82  stm32f4xx_hal_dac.o(.text.HAL_DAC_Init)
    HAL_DAC_MspInit                          0x08001a61   Thumb Code   142  dac.o(.text.HAL_DAC_MspInit)
    HAL_DMA_Abort_IT                         0x08001af1   Thumb Code    72  stm32f4xx_hal_dma.o(.text.HAL_DMA_Abort_IT)
    HAL_DMA_IRQHandler                       0x08001b39   Thumb Code   854  stm32f4xx_hal_dma.o(.text.HAL_DMA_IRQHandler)
    HAL_DMA_Init                             0x08001e91   Thumb Code   386  stm32f4xx_hal_dma.o(.text.HAL_DMA_Init)
    HAL_DMA_Start_IT                         0x08002015   Thumb Code   230  stm32f4xx_hal_dma.o(.text.HAL_DMA_Start_IT)
    HAL_Delay                                0x080020fd   Thumb Code    78  stm32f4xx_hal.o(.text.HAL_Delay)
    HAL_GPIO_Init                            0x08002201   Thumb Code   974  stm32f4xx_hal_gpio.o(.text.HAL_GPIO_Init)
    HAL_GPIO_WritePin                        0x080025d1   Thumb Code    66  stm32f4xx_hal_gpio.o(.text.HAL_GPIO_WritePin)
    HAL_GetTick                              0x08002615   Thumb Code    12  stm32f4xx_hal.o(.text.HAL_GetTick)
    HAL_IncTick                              0x08002621   Thumb Code    26  stm32f4xx_hal.o(.text.HAL_IncTick)
    HAL_Init                                 0x0800263d   Thumb Code    62  stm32f4xx_hal.o(.text.HAL_Init)
    HAL_InitTick                             0x0800267d   Thumb Code   118  stm32f4xx_hal.o(.text.HAL_InitTick)
    HAL_MspInit                              0x080026f5   Thumb Code    78  stm32f4xx_hal_msp.o(.text.HAL_MspInit)
    HAL_NVIC_EnableIRQ                       0x08002745   Thumb Code    24  stm32f4xx_hal_cortex.o(.text.HAL_NVIC_EnableIRQ)
    HAL_NVIC_SetPriority                     0x0800275d   Thumb Code    76  stm32f4xx_hal_cortex.o(.text.HAL_NVIC_SetPriority)
    HAL_NVIC_SetPriorityGrouping             0x080027a9   Thumb Code    20  stm32f4xx_hal_cortex.o(.text.HAL_NVIC_SetPriorityGrouping)
    HAL_RCC_ClockConfig                      0x080027bd   Thumb Code   628  stm32f4xx_hal_rcc.o(.text.HAL_RCC_ClockConfig)
    HAL_RCC_GetHCLKFreq                      0x08002a31   Thumb Code    12  stm32f4xx_hal_rcc.o(.text.HAL_RCC_GetHCLKFreq)
    HAL_RCC_GetPCLK1Freq                     0x08002a3d   Thumb Code    38  stm32f4xx_hal_rcc.o(.text.HAL_RCC_GetPCLK1Freq)
    HAL_RCC_GetPCLK2Freq                     0x08002a65   Thumb Code    42  stm32f4xx_hal_rcc.o(.text.HAL_RCC_GetPCLK2Freq)
    HAL_RCC_GetSysClockFreq                  0x08002a91   Thumb Code   232  stm32f4xx_hal_rcc.o(.text.HAL_RCC_GetSysClockFreq)
    HAL_RCC_OscConfig                        0x08002b79   Thumb Code  1650  stm32f4xx_hal_rcc.o(.text.HAL_RCC_OscConfig)
    HAL_SD_GetCardCSD                        0x080031ed   Thumb Code   890  stm32f4xx_hal_sd.o(.text.HAL_SD_GetCardCSD)
    HAL_SD_GetCardInfo                       0x08003569   Thumb Code    84  stm32f4xx_hal_sd.o(.text.HAL_SD_GetCardInfo)
    HAL_SD_GetCardState                      0x080035bd   Thumb Code    72  stm32f4xx_hal_sd.o(.text.HAL_SD_GetCardState)
    HAL_SD_Init                              0x08003605   Thumb Code   106  stm32f4xx_hal_sd.o(.text.HAL_SD_Init)
    HAL_SD_InitCard                          0x08003671   Thumb Code   208  stm32f4xx_hal_sd.o(.text.HAL_SD_InitCard)
    HAL_SD_MspInit                           0x08003741   Thumb Code   242  sdio.o(.text.HAL_SD_MspInit)
    HAL_SD_ReadBlocks                        0x08003835   Thumb Code   900  stm32f4xx_hal_sd.o(.text.HAL_SD_ReadBlocks)
    HAL_SD_WriteBlocks                       0x08003bb9   Thumb Code   794  stm32f4xx_hal_sd.o(.text.HAL_SD_WriteBlocks)
    HAL_SRAM_Init                            0x08003ed5   Thumb Code   174  stm32f4xx_hal_sram.o(.text.HAL_SRAM_Init)
    HAL_SRAM_MspInit                         0x08003f85   Thumb Code    18  fsmc.o(.text.HAL_SRAM_MspInit)
    HAL_SYSTICK_Config                       0x08003f99   Thumb Code    20  stm32f4xx_hal_cortex.o(.text.HAL_SYSTICK_Config)
    HAL_TIMEx_MasterConfigSynchronization    0x08003fad   Thumb Code   160  stm32f4xx_hal_tim_ex.o(.text.HAL_TIMEx_MasterConfigSynchronization)
    HAL_TIM_Base_Init                        0x0800404d   Thumb Code   102  stm32f4xx_hal_tim.o(.text.HAL_TIM_Base_Init)
    HAL_TIM_Base_MspInit                     0x080040b5   Thumb Code   178  tim.o(.text.HAL_TIM_Base_MspInit)
    HAL_TIM_Base_Start                       0x08004169   Thumb Code    64  stm32f4xx_hal_tim.o(.text.HAL_TIM_Base_Start)
    HAL_TIM_Base_Start_IT                    0x080041a9   Thumb Code    60  stm32f4xx_hal_tim.o(.text.HAL_TIM_Base_Start_IT)
    HAL_TIM_ConfigClockSource                0x080041e5   Thumb Code   414  stm32f4xx_hal_tim.o(.text.HAL_TIM_ConfigClockSource)
    HAL_TIM_MspPostInit                      0x08004385   Thumb Code   114  tim.o(.text.HAL_TIM_MspPostInit)
    HAL_TIM_PWM_ConfigChannel                0x080043f9   Thumb Code   352  stm32f4xx_hal_tim.o(.text.HAL_TIM_PWM_ConfigChannel)
    HAL_TIM_PWM_Init                         0x08004559   Thumb Code   102  stm32f4xx_hal_tim.o(.text.HAL_TIM_PWM_Init)
    HAL_TIM_PWM_MspInit                      0x080045c1   Thumb Code    12  stm32f4xx_hal_tim.o(.text.HAL_TIM_PWM_MspInit)
    HAL_TIM_PWM_Start                        0x080045cd   Thumb Code   144  stm32f4xx_hal_tim.o(.text.HAL_TIM_PWM_Start)
    HAL_UART_ErrorCallback                   0x0800465d   Thumb Code    12  stm32f4xx_hal_uart.o(.text.HAL_UART_ErrorCallback)
    HAL_UART_IRQHandler                      0x08004669   Thumb Code   544  stm32f4xx_hal_uart.o(.text.HAL_UART_IRQHandler)
    HAL_UART_Init                            0x08004889   Thumb Code   166  stm32f4xx_hal_uart.o(.text.HAL_UART_Init)
    HAL_UART_MspInit                         0x08004931   Thumb Code   260  usart.o(.text.HAL_UART_MspInit)
    HAL_UART_Receive_IT                      0x08004a35   Thumb Code   208  stm32f4xx_hal_uart.o(.text.HAL_UART_Receive_IT)
    HAL_UART_RxCpltCallback                  0x08004b05   Thumb Code    54  my_uart.o(.text.HAL_UART_RxCpltCallback)
    HAL_UART_Transmit                        0x08004b3d   Thumb Code   384  stm32f4xx_hal_uart.o(.text.HAL_UART_Transmit)
    HAL_UART_TxCpltCallback                  0x08004cbd   Thumb Code    12  stm32f4xx_hal_uart.o(.text.HAL_UART_TxCpltCallback)
    HardFault_Handler                        0x08004cc9   Thumb Code     4  stm32f4xx_it.o(.text.HardFault_Handler)
    LCD_Clear                                0x08004ccd   Thumb Code   174  ili93xx.o(.text.LCD_Clear)
    LCD_Display_Dir                          0x08004d7d   Thumb Code   536  ili93xx.o(.text.LCD_Display_Dir)
    LCD_DrawPoint                            0x08004f95   Thumb Code    58  ili93xx.o(.text.LCD_DrawPoint)
    LCD_Fast_DrawPoint                       0x08004fd1   Thumb Code   474  ili93xx.o(.text.LCD_Fast_DrawPoint)
    LCD_RD_DATA                              0x080051ad   Thumb Code    22  ili93xx.o(.text.LCD_RD_DATA)
    LCD_ReadReg                              0x080051c5   Thumb Code    34  ili93xx.o(.text.LCD_ReadReg)
    LCD_Scan_Dir                             0x080051e9   Thumb Code  1084  ili93xx.o(.text.LCD_Scan_Dir)
    LCD_SetCursor                            0x08005625   Thumb Code   430  ili93xx.o(.text.LCD_SetCursor)
    LCD_ShowChar                             0x080057d5   Thumb Code   432  ili93xx.o(.text.LCD_ShowChar)
    LCD_ShowString                           0x08005985   Thumb Code   242  ili93xx.o(.text.LCD_ShowString)
    LCD_WR_DATA                              0x08005a79   Thumb Code    34  ili93xx.o(.text.LCD_WR_DATA)
    LCD_WR_REG                               0x08005a9d   Thumb Code    36  ili93xx.o(.text.LCD_WR_REG)
    LCD_WriteRAM_Prepare                     0x08005ac1   Thumb Code    22  ili93xx.o(.text.LCD_WriteRAM_Prepare)
    LCD_WriteReg                             0x08005ad9   Thumb Code    48  ili93xx.o(.text.LCD_WriteReg)
    Lcd_Clear                                0x08005b09   Thumb Code    94  ili93xx.o(.text.Lcd_Clear)
    MX_ADC1_Init                             0x08005b69   Thumb Code   130  adc.o(.text.MX_ADC1_Init)
    MX_ADC2_Init                             0x08005bed   Thumb Code   130  adc.o(.text.MX_ADC2_Init)
    MX_DAC_Init                              0x08005c71   Thumb Code    88  dac.o(.text.MX_DAC_Init)
    MX_DMA_Init                              0x08005cc9   Thumb Code    82  dma.o(.text.MX_DMA_Init)
    MX_FATFS_Init                            0x08005d1d   Thumb Code    34  fatfs.o(.text.MX_FATFS_Init)
    MX_FSMC_Init                             0x08005d41   Thumb Code   178  fsmc.o(.text.MX_FSMC_Init)
    MX_GPIO_Init                             0x08005df5   Thumb Code   352  gpio.o(.text.MX_GPIO_Init)
    MX_SDIO_SD_Init                          0x08005f55   Thumb Code    38  sdio.o(.text.MX_SDIO_SD_Init)
    MX_TIM2_Init                             0x08005f7d   Thumb Code   134  tim.o(.text.MX_TIM2_Init)
    MX_TIM3_Init                             0x08006005   Thumb Code   140  tim.o(.text.MX_TIM3_Init)
    MX_TIM4_Init                             0x08006091   Thumb Code   236  tim.o(.text.MX_TIM4_Init)
    MX_USART1_UART_Init                      0x0800617d   Thumb Code    64  usart.o(.text.MX_USART1_UART_Init)
    MemManage_Handler                        0x080061bd   Thumb Code     4  stm32f4xx_it.o(.text.MemManage_Handler)
    NMI_Handler                              0x080061c1   Thumb Code     2  stm32f4xx_it.o(.text.NMI_Handler)
    PendSV_Handler                           0x08006245   Thumb Code     2  stm32f4xx_it.o(.text.PendSV_Handler)
    SDIO_ConfigData                          0x08006249   Thumb Code   108  stm32f4xx_ll_sdmmc.o(.text.SDIO_ConfigData)
    SDIO_GetCommandResponse                  0x080062b5   Thumb Code    18  stm32f4xx_ll_sdmmc.o(.text.SDIO_GetCommandResponse)
    SDIO_GetPowerState                       0x080062c9   Thumb Code    20  stm32f4xx_ll_sdmmc.o(.text.SDIO_GetPowerState)
    SDIO_GetResponse                         0x080062dd   Thumb Code    36  stm32f4xx_ll_sdmmc.o(.text.SDIO_GetResponse)
    SDIO_Init                                0x08006301   Thumb Code   112  stm32f4xx_ll_sdmmc.o(.text.SDIO_Init)
    SDIO_PowerState_ON                       0x08006371   Thumb Code    20  stm32f4xx_ll_sdmmc.o(.text.SDIO_PowerState_ON)
    SDIO_ReadFIFO                            0x08006385   Thumb Code    18  stm32f4xx_ll_sdmmc.o(.text.SDIO_ReadFIFO)
    SDIO_SendCommand                         0x08006399   Thumb Code   100  stm32f4xx_ll_sdmmc.o(.text.SDIO_SendCommand)
    SDIO_WriteFIFO                           0x080063fd   Thumb Code    30  stm32f4xx_ll_sdmmc.o(.text.SDIO_WriteFIFO)
    SDMMC_CmdAppCommand                      0x0800641d   Thumb Code    82  stm32f4xx_ll_sdmmc.o(.text.SDMMC_CmdAppCommand)
    SDMMC_CmdAppOperCommand                  0x08006471   Thumb Code    78  stm32f4xx_ll_sdmmc.o(.text.SDMMC_CmdAppOperCommand)
    SDMMC_CmdBlockLength                     0x080064c1   Thumb Code    82  stm32f4xx_ll_sdmmc.o(.text.SDMMC_CmdBlockLength)
    SDMMC_CmdGoIdleState                     0x08006515   Thumb Code    56  stm32f4xx_ll_sdmmc.o(.text.SDMMC_CmdGoIdleState)
    SDMMC_CmdOperCond                        0x0800654d   Thumb Code    64  stm32f4xx_ll_sdmmc.o(.text.SDMMC_CmdOperCond)
    SDMMC_CmdReadMultiBlock                  0x0800658d   Thumb Code    82  stm32f4xx_ll_sdmmc.o(.text.SDMMC_CmdReadMultiBlock)
    SDMMC_CmdReadSingleBlock                 0x080065e1   Thumb Code    82  stm32f4xx_ll_sdmmc.o(.text.SDMMC_CmdReadSingleBlock)
    SDMMC_CmdSelDesel                        0x08006635   Thumb Code    86  stm32f4xx_ll_sdmmc.o(.text.SDMMC_CmdSelDesel)
    SDMMC_CmdSendCID                         0x0800668d   Thumb Code    60  stm32f4xx_ll_sdmmc.o(.text.SDMMC_CmdSendCID)
    SDMMC_CmdSendCSD                         0x080066c9   Thumb Code    66  stm32f4xx_ll_sdmmc.o(.text.SDMMC_CmdSendCSD)
    SDMMC_CmdSendStatus                      0x0800670d   Thumb Code    82  stm32f4xx_ll_sdmmc.o(.text.SDMMC_CmdSendStatus)
    SDMMC_CmdSetRelAdd                       0x08006761   Thumb Code    78  stm32f4xx_ll_sdmmc.o(.text.SDMMC_CmdSetRelAdd)
    SDMMC_CmdStopTransfer                    0x080067b1   Thumb Code    72  stm32f4xx_ll_sdmmc.o(.text.SDMMC_CmdStopTransfer)
    SDMMC_CmdWriteMultiBlock                 0x080067f9   Thumb Code    82  stm32f4xx_ll_sdmmc.o(.text.SDMMC_CmdWriteMultiBlock)
    SDMMC_CmdWriteSingleBlock                0x0800684d   Thumb Code    82  stm32f4xx_ll_sdmmc.o(.text.SDMMC_CmdWriteSingleBlock)
    SD_initialize                            0x0800716d   Thumb Code    70  sd_diskio.o(.text.SD_initialize)
    SD_ioctl                                 0x080071b5   Thumb Code   192  sd_diskio.o(.text.SD_ioctl)
    SD_read                                  0x08007275   Thumb Code    90  sd_diskio.o(.text.SD_read)
    SD_status                                0x080072d1   Thumb Code    24  sd_diskio.o(.text.SD_status)
    SD_write                                 0x080072e9   Thumb Code    90  sd_diskio.o(.text.SD_write)
    SVC_Handler                              0x08007345   Thumb Code     2  stm32f4xx_it.o(.text.SVC_Handler)
    SysTick_Handler                          0x080073a5   Thumb Code     8  stm32f4xx_it.o(.text.SysTick_Handler)
    SystemClock_Config                       0x080073ad   Thumb Code   198  main.o(.text.SystemClock_Config)
    SystemInit                               0x08007475   Thumb Code   110  system_stm32f4xx.o(.text.SystemInit)
    TFTLCD_Init                              0x080074e5   Thumb Code  1176  ili93xx.o(.text.TFTLCD_Init)
    TIM_Base_SetConfig                       0x0800797d   Thumb Code   418  stm32f4xx_hal_tim.o(.text.TIM_Base_SetConfig)
    TIM_CCxChannelCmd                        0x08007b21   Thumb Code    74  stm32f4xx_hal_tim.o(.text.TIM_CCxChannelCmd)
    TIM_ETR_SetConfig                        0x08007b6d   Thumb Code    74  stm32f4xx_hal_tim.o(.text.TIM_ETR_SetConfig)
    TIM_OC2_SetConfig                        0x08007ce1   Thumb Code   252  stm32f4xx_hal_tim.o(.text.TIM_OC2_SetConfig)
    USART1_IRQHandler                        0x0800878d   Thumb Code    16  stm32f4xx_it.o(.text.USART1_IRQHandler)
    UsageFault_Handler                       0x0800879d   Thumb Code     4  stm32f4xx_it.o(.text.UsageFault_Handler)
    UserMain                                 0x080087a1   Thumb Code   166  usermain.o(.text.UserMain)
    User_AdcInit                             0x08008849   Thumb Code    80  useradc.o(.text.User_AdcInit)
    disk_initialize                          0x08008a81   Thumb Code    86  diskio.o(.text.disk_initialize)
    disk_read                                0x08008ad9   Thumb Code    86  diskio.o(.text.disk_read)
    disk_status                              0x08008b31   Thumb Code    50  diskio.o(.text.disk_status)
    disk_write                               0x08008b65   Thumb Code    86  diskio.o(.text.disk_write)
    f_mount                                  0x08008bbd   Thumb Code   190  ff.o(.text.f_mount)
    fputc                                    0x080091a1   Thumb Code    60  my_uart.o(.text.fputc)
    main                                     0x080092ed   Thumb Code    74  main.o(.text.main)
    __0printf                                0x08009449   Thumb Code    22  printfa.o(i.__0printf)
    __1printf                                0x08009449   Thumb Code     0  printfa.o(i.__0printf)
    __2printf                                0x08009449   Thumb Code     0  printfa.o(i.__0printf)
    __c89printf                              0x08009449   Thumb Code     0  printfa.o(i.__0printf)
    printf                                   0x08009449   Thumb Code     0  printfa.o(i.__0printf)
    __scatterload_copy                       0x08009469   Thumb Code    14  handlers.o(i.__scatterload_copy)
    __scatterload_null                       0x08009477   Thumb Code     2  handlers.o(i.__scatterload_null)
    __scatterload_zeroinit                   0x08009479   Thumb Code    14  handlers.o(i.__scatterload_zeroinit)
    AHBPrescTable                            0x08009d3a   Data          16  system_stm32f4xx.o(.rodata.AHBPrescTable)
    APBPrescTable                            0x08009d4a   Data           8  system_stm32f4xx.o(.rodata.APBPrescTable)
    SD_Driver                                0x08009d5c   Data          20  sd_diskio.o(.rodata.SD_Driver)
    asc2_1206                                0x08009d70   Data        1140  ili93xx.o(.rodata.asc2_1206)
    asc2_1608                                0x0800a1e4   Data        1520  ili93xx.o(.rodata.asc2_1608)
    asc2_2412                                0x0800a7d4   Data        3420  ili93xx.o(.rodata.asc2_2412)
    Region$$Table$$Base                      0x0800b55c   Number         0  anon$$obj.o(Region$$Table)
    Region$$Table$$Limit                     0x0800b57c   Number         0  anon$$obj.o(Region$$Table)
    __stdout                                 0x20000000   Data           4  stdout.o(.data)
    SystemCoreClock                          0x20000008   Data           4  system_stm32f4xx.o(.data.SystemCoreClock)
    UserMessage                              0x2000000c   Data          32  usermain.o(.data.UserMessage)
    uwTickFreq                               0x2000002c   Data           1  stm32f4xx_hal.o(.data.uwTickFreq)
    uwTickPrio                               0x20000030   Data           4  stm32f4xx_hal.o(.data.uwTickPrio)
    ADCValue                                 0x20000038   Data           2  automaticdimming.o(.bss.ADCValue)
    POINT_COLOR                              0x20000066   Data           2  ili93xx.o(.bss.POINT_COLOR)
    SDFatFS                                  0x20000068   Data         568  fatfs.o(.bss.SDFatFS)
    SDPath                                   0x200002a0   Data           4  fatfs.o(.bss.SDPath)
    command                                  0x200002a4   Data           1  usermain.o(.bss.command)
    disk                                     0x200002a8   Data          12  ff_gen_drv.o(.bss.disk)
    hadc1                                    0x200002b4   Data          72  adc.o(.bss.hadc1)
    hadc2                                    0x200002fc   Data          72  adc.o(.bss.hadc2)
    hdac                                     0x20000344   Data          20  dac.o(.bss.hdac)
    hdma_adc1                                0x20000358   Data          96  adc.o(.bss.hdma_adc1)
    hdma_adc2                                0x200003b8   Data          96  adc.o(.bss.hdma_adc2)
    hsd                                      0x20000418   Data         132  sdio.o(.bss.hsd)
    hsram1                                   0x2000049c   Data          80  fsmc.o(.bss.hsram1)
    htim2                                    0x200004ec   Data          64  tim.o(.bss.htim2)
    htim3                                    0x2000052c   Data          64  tim.o(.bss.htim3)
    htim4                                    0x2000056c   Data          64  tim.o(.bss.htim4)
    huart1                                   0x200005ac   Data          64  usart.o(.bss.huart1)
    lcddev                                   0x200005ec   Data          14  ili93xx.o(.bss.lcddev)
    retSD                                    0x200005fa   Data           1  fatfs.o(.bss.retSD)
    uwTick                                   0x200005fc   Data           4  stm32f4xx_hal.o(.bss.uwTick)
    __initial_sp                             0x20011770   Data           0  startup_stm32f407xx.o(STACK)



==============================================================================

Memory Map of the image

  Image Entry point : 0x08000189

  Load Region LR_IROM1 (Base: 0x08000000, Size: 0x0000b5b8, Max: 0x00100000, ABSOLUTE)

    Execution Region ER_IROM1 (Exec base: 0x08000000, Load base: 0x08000000, Size: 0x0000b57c, Max: 0x00100000, ABSOLUTE)

    Exec Addr    Load Addr    Size         Type   Attr      Idx    E Section Name        Object

    0x08000000   0x08000000   0x00000188   Data   RO            3    RESET               startup_stm32f407xx.o
    0x08000188   0x08000188   0x00000000   Code   RO         2246  * .ARM.Collect$$$$00000000  mc_w.l(entry.o)
    0x08000188   0x08000188   0x00000004   Code   RO         2323    .ARM.Collect$$$$00000001  mc_w.l(entry2.o)
    0x0800018c   0x0800018c   0x00000004   Code   RO         2326    .ARM.Collect$$$$00000004  mc_w.l(entry5.o)
    0x08000190   0x08000190   0x00000000   Code   RO         2328    .ARM.Collect$$$$00000008  mc_w.l(entry7b.o)
    0x08000190   0x08000190   0x00000000   Code   RO         2330    .ARM.Collect$$$$0000000A  mc_w.l(entry8b.o)
    0x08000190   0x08000190   0x00000008   Code   RO         2331    .ARM.Collect$$$$0000000B  mc_w.l(entry9a.o)
    0x08000198   0x08000198   0x00000000   Code   RO         2333    .ARM.Collect$$$$0000000D  mc_w.l(entry10a.o)
    0x08000198   0x08000198   0x00000000   Code   RO         2335    .ARM.Collect$$$$0000000F  mc_w.l(entry11a.o)
    0x08000198   0x08000198   0x00000004   Code   RO         2324    .ARM.Collect$$$$00002712  mc_w.l(entry2.o)
    0x0800019c   0x0800019c   0x00000024   Code   RO            4    .text               startup_stm32f407xx.o
    0x080001c0   0x080001c0   0x00000062   Code   RO         2249    .text               mc_w.l(uldiv.o)
    0x08000222   0x08000222   0x00000024   Code   RO         2251    .text               mc_w.l(memseta.o)
    0x08000246   0x08000246   0x0000014e   Code   RO         2309    .text               mf_w.l(dadd.o)
    0x08000394   0x08000394   0x000000e4   Code   RO         2311    .text               mf_w.l(dmul.o)
    0x08000478   0x08000478   0x000000de   Code   RO         2313    .text               mf_w.l(ddiv.o)
    0x08000556   0x08000556   0x0000002c   Code   RO         2338    .text               mc_w.l(uidiv.o)
    0x08000582   0x08000582   0x0000001e   Code   RO         2340    .text               mc_w.l(llshl.o)
    0x080005a0   0x080005a0   0x00000020   Code   RO         2342    .text               mc_w.l(llushr.o)
    0x080005c0   0x080005c0   0x00000024   Code   RO         2344    .text               mc_w.l(llsshr.o)
    0x080005e4   0x080005e4   0x00000000   Code   RO         2359    .text               mc_w.l(iusefp.o)
    0x080005e4   0x080005e4   0x000000ba   Code   RO         2362    .text               mf_w.l(depilogue.o)
    0x0800069e   0x0800069e   0x00000030   Code   RO         2364    .text               mf_w.l(dfixul.o)
    0x080006ce   0x080006ce   0x00000002   PAD
    0x080006d0   0x080006d0   0x00000030   Code   RO         2366    .text               mf_w.l(cdrcmple.o)
    0x08000700   0x08000700   0x00000024   Code   RO         2368    .text               mc_w.l(init.o)
    0x08000724   0x08000724   0x000000be   Code   RO          324    .text.ADC_DMAConvCplt  stm32f4xx_hal_adc.o
    0x080007e2   0x080007e2   0x00000002   PAD
    0x080007e4   0x080007e4   0x0000002a   Code   RO          328    .text.ADC_DMAError  stm32f4xx_hal_adc.o
    0x0800080e   0x0800080e   0x00000002   PAD
    0x08000810   0x08000810   0x0000001a   Code   RO          326    .text.ADC_DMAHalfConvCplt  stm32f4xx_hal_adc.o
    0x0800082a   0x0800082a   0x00000002   PAD
    0x0800082c   0x0800082c   0x0000001c   Code   RO          267    .text.ADC_IRQHandler  stm32f4xx_it.o
    0x08000848   0x08000848   0x00000190   Code   RO          296    .text.ADC_Init      stm32f4xx_hal_adc.o
    0x080009d8   0x080009d8   0x00000026   Code   RO          106    .text.BSP_SD_GetCardInfo  bsp_driver_sd.o
    0x080009fe   0x080009fe   0x00000002   PAD
    0x08000a00   0x08000a00   0x00000016   Code   RO          104    .text.BSP_SD_GetCardState  bsp_driver_sd.o
    0x08000a16   0x08000a16   0x00000002   PAD
    0x08000a18   0x08000a18   0x0000003e   Code   RO           78    .text.BSP_SD_Init   bsp_driver_sd.o
    0x08000a56   0x08000a56   0x00000002   PAD
    0x08000a58   0x08000a58   0x00000010   Code   RO           80    .text.BSP_SD_IsDetected  bsp_driver_sd.o
    0x08000a68   0x08000a68   0x00000054   Code   RO           88    .text.BSP_SD_ReadBlocks  bsp_driver_sd.o
    0x08000abc   0x08000abc   0x00000054   Code   RO           90    .text.BSP_SD_WriteBlocks  bsp_driver_sd.o
    0x08000b10   0x08000b10   0x00000004   Code   RO          255    .text.BusFault_Handler  stm32f4xx_it.o
    0x08000b14   0x08000b14   0x00000060   Code   RO         1850    .text.CheckSDCard   sdcard.o
    0x08000b74   0x08000b74   0x00000010   Code   RO          271    .text.DMA2_Stream0_IRQHandler  stm32f4xx_it.o
    0x08000b84   0x08000b84   0x00000010   Code   RO          273    .text.DMA2_Stream2_IRQHandler  stm32f4xx_it.o
    0x08000b94   0x08000b94   0x0000005c   Code   RO          574    .text.DMA_CalcBaseAndBitshift  stm32f4xx_hal_dma.o
    0x08000bf0   0x08000bf0   0x000000f6   Code   RO          572    .text.DMA_CheckFifoParam  stm32f4xx_hal_dma.o
    0x08000ce6   0x08000ce6   0x00000002   PAD
    0x08000ce8   0x08000ce8   0x00000066   Code   RO          580    .text.DMA_SetConfig  stm32f4xx_hal_dma.o
    0x08000d4e   0x08000d4e   0x00000002   PAD
    0x08000d50   0x08000d50   0x00000002   Code   RO          261    .text.DebugMon_Handler  stm32f4xx_it.o
    0x08000d52   0x08000d52   0x00000002   PAD
    0x08000d54   0x08000d54   0x00000002   Code   RO           15    .text.Error_Handler  main.o
    0x08000d56   0x08000d56   0x00000002   PAD
    0x08000d58   0x08000d58   0x00000022   Code   RO         2046    .text.FATFS_LinkDriver  ff_gen_drv.o
    0x08000d7a   0x08000d7a   0x00000002   PAD
    0x08000d7c   0x08000d7c   0x0000008c   Code   RO         2044    .text.FATFS_LinkDriverEx  ff_gen_drv.o
    0x08000e08   0x08000e08   0x00000086   Code   RO          920    .text.FSMC_NORSRAM_Extended_Timing_Init  stm32f4xx_ll_fsmc.o
    0x08000e8e   0x08000e8e   0x00000002   PAD
    0x08000e90   0x08000e90   0x000000b4   Code   RO          914    .text.FSMC_NORSRAM_Init  stm32f4xx_ll_fsmc.o
    0x08000f44   0x08000f44   0x00000078   Code   RO          918    .text.FSMC_NORSRAM_Timing_Init  stm32f4xx_ll_fsmc.o
    0x08000fbc   0x08000fbc   0x0000000c   Code   RO          376    .text.HAL_ADCEx_InjectedConvCpltCallback  stm32f4xx_hal_adc_ex.o
    0x08000fc8   0x08000fc8   0x00000228   Code   RO          336    .text.HAL_ADC_ConfigChannel  stm32f4xx_hal_adc.o
    0x080011f0   0x080011f0   0x00000038   Code   RO         1747    .text.HAL_ADC_ConvCpltCallback  automaticdimming.o
    0x08001228   0x08001228   0x0000000c   Code   RO          334    .text.HAL_ADC_ConvHalfCpltCallback  stm32f4xx_hal_adc.o
    0x08001234   0x08001234   0x0000000c   Code   RO          320    .text.HAL_ADC_ErrorCallback  stm32f4xx_hal_adc.o
    0x08001240   0x08001240   0x00000242   Code   RO          314    .text.HAL_ADC_IRQHandler  stm32f4xx_hal_adc.o
    0x08001482   0x08001482   0x00000002   PAD
    0x08001484   0x08001484   0x000000b4   Code   RO          292    .text.HAL_ADC_Init  stm32f4xx_hal_adc.o
    0x08001538   0x08001538   0x0000000c   Code   RO          318    .text.HAL_ADC_LevelOutOfWindowCallback  stm32f4xx_hal_adc.o
    0x08001544   0x08001544   0x000001e8   Code   RO           38    .text.HAL_ADC_MspInit  adc.o
    0x0800172c   0x0800172c   0x0000022e   Code   RO          322    .text.HAL_ADC_Start_DMA  stm32f4xx_hal_adc.o
    0x0800195a   0x0800195a   0x00000002   PAD
    0x0800195c   0x0800195c   0x000000b0   Code   RO          868    .text.HAL_DAC_ConfigChannel  stm32f4xx_hal_dac.o
    0x08001a0c   0x08001a0c   0x00000052   Code   RO          834    .text.HAL_DAC_Init  stm32f4xx_hal_dac.o
    0x08001a5e   0x08001a5e   0x00000002   PAD
    0x08001a60   0x08001a60   0x0000008e   Code   RO           56    .text.HAL_DAC_MspInit  dac.o
    0x08001aee   0x08001aee   0x00000002   PAD
    0x08001af0   0x08001af0   0x00000048   Code   RO          586    .text.HAL_DMA_Abort_IT  stm32f4xx_hal_dma.o
    0x08001b38   0x08001b38   0x00000356   Code   RO          590    .text.HAL_DMA_IRQHandler  stm32f4xx_hal_dma.o
    0x08001e8e   0x08001e8e   0x00000002   PAD
    0x08001e90   0x08001e90   0x00000182   Code   RO          570    .text.HAL_DMA_Init  stm32f4xx_hal_dma.o
    0x08002012   0x08002012   0x00000002   PAD
    0x08002014   0x08002014   0x000000e6   Code   RO          582    .text.HAL_DMA_Start_IT  stm32f4xx_hal_dma.o
    0x080020fa   0x080020fa   0x00000002   PAD
    0x080020fc   0x080020fc   0x0000004e   Code   RO          763    .text.HAL_Delay     stm32f4xx_hal.o
    0x0800214a   0x0800214a   0x00000002   PAD
    0x0800214c   0x0800214c   0x000000b2   Code   RO          170    .text.HAL_FSMC_MspInit  fsmc.o
    0x080021fe   0x080021fe   0x00000002   PAD
    0x08002200   0x08002200   0x000003ce   Code   RO          530    .text.HAL_GPIO_Init  stm32f4xx_hal_gpio.o
    0x080025ce   0x080025ce   0x00000002   PAD
    0x080025d0   0x080025d0   0x00000042   Code   RO          536    .text.HAL_GPIO_WritePin  stm32f4xx_hal_gpio.o
    0x08002612   0x08002612   0x00000002   PAD
    0x08002614   0x08002614   0x0000000c   Code   RO          755    .text.HAL_GetTick   stm32f4xx_hal.o
    0x08002620   0x08002620   0x0000001a   Code   RO          753    .text.HAL_IncTick   stm32f4xx_hal.o
    0x0800263a   0x0800263a   0x00000002   PAD
    0x0800263c   0x0800263c   0x0000003e   Code   RO          743    .text.HAL_Init      stm32f4xx_hal.o
    0x0800267a   0x0800267a   0x00000002   PAD
    0x0800267c   0x0800267c   0x00000076   Code   RO          745    .text.HAL_InitTick  stm32f4xx_hal.o
    0x080026f2   0x080026f2   0x00000002   PAD
    0x080026f4   0x080026f4   0x0000004e   Code   RO          283    .text.HAL_MspInit   stm32f4xx_hal_msp.o
    0x08002742   0x08002742   0x00000002   PAD
    0x08002744   0x08002744   0x00000018   Code   RO          683    .text.HAL_NVIC_EnableIRQ  stm32f4xx_hal_cortex.o
    0x0800275c   0x0800275c   0x0000004c   Code   RO          675    .text.HAL_NVIC_SetPriority  stm32f4xx_hal_cortex.o
    0x080027a8   0x080027a8   0x00000014   Code   RO          671    .text.HAL_NVIC_SetPriorityGrouping  stm32f4xx_hal_cortex.o
    0x080027bc   0x080027bc   0x00000274   Code   RO          394    .text.HAL_RCC_ClockConfig  stm32f4xx_hal_rcc.o
    0x08002a30   0x08002a30   0x0000000c   Code   RO          404    .text.HAL_RCC_GetHCLKFreq  stm32f4xx_hal_rcc.o
    0x08002a3c   0x08002a3c   0x00000026   Code   RO          406    .text.HAL_RCC_GetPCLK1Freq  stm32f4xx_hal_rcc.o
    0x08002a62   0x08002a62   0x00000002   PAD
    0x08002a64   0x08002a64   0x0000002a   Code   RO          408    .text.HAL_RCC_GetPCLK2Freq  stm32f4xx_hal_rcc.o
    0x08002a8e   0x08002a8e   0x00000002   PAD
    0x08002a90   0x08002a90   0x000000e8   Code   RO          396    .text.HAL_RCC_GetSysClockFreq  stm32f4xx_hal_rcc.o
    0x08002b78   0x08002b78   0x00000672   Code   RO          392    .text.HAL_RCC_OscConfig  stm32f4xx_hal_rcc.o
    0x080031ea   0x080031ea   0x00000002   PAD
    0x080031ec   0x080031ec   0x0000037a   Code   RO         1156    .text.HAL_SD_GetCardCSD  stm32f4xx_hal_sd.o
    0x08003566   0x08003566   0x00000002   PAD
    0x08003568   0x08003568   0x00000054   Code   RO         1162    .text.HAL_SD_GetCardInfo  stm32f4xx_hal_sd.o
    0x080035bc   0x080035bc   0x00000048   Code   RO         1170    .text.HAL_SD_GetCardState  stm32f4xx_hal_sd.o
    0x08003604   0x08003604   0x0000006a   Code   RO         1096    .text.HAL_SD_Init   stm32f4xx_hal_sd.o
    0x0800366e   0x0800366e   0x00000002   PAD
    0x08003670   0x08003670   0x000000d0   Code   RO         1100    .text.HAL_SD_InitCard  stm32f4xx_hal_sd.o
    0x08003740   0x08003740   0x000000f2   Code   RO          189    .text.HAL_SD_MspInit  sdio.o
    0x08003832   0x08003832   0x00000002   PAD
    0x08003834   0x08003834   0x00000384   Code   RO         1112    .text.HAL_SD_ReadBlocks  stm32f4xx_hal_sd.o
    0x08003bb8   0x08003bb8   0x0000031a   Code   RO         1114    .text.HAL_SD_WriteBlocks  stm32f4xx_hal_sd.o
    0x08003ed2   0x08003ed2   0x00000002   PAD
    0x08003ed4   0x08003ed4   0x000000ae   Code   RO          958    .text.HAL_SRAM_Init  stm32f4xx_hal_sram.o
    0x08003f82   0x08003f82   0x00000002   PAD
    0x08003f84   0x08003f84   0x00000012   Code   RO          168    .text.HAL_SRAM_MspInit  fsmc.o
    0x08003f96   0x08003f96   0x00000002   PAD
    0x08003f98   0x08003f98   0x00000014   Code   RO          695    .text.HAL_SYSTICK_Config  stm32f4xx_hal_cortex.o
    0x08003fac   0x08003fac   0x000000a0   Code   RO         1488    .text.HAL_TIMEx_MasterConfigSynchronization  stm32f4xx_hal_tim_ex.o
    0x0800404c   0x0800404c   0x00000066   Code   RO         1188    .text.HAL_TIM_Base_Init  stm32f4xx_hal_tim.o
    0x080040b2   0x080040b2   0x00000002   PAD
    0x080040b4   0x080040b4   0x000000b2   Code   RO          219    .text.HAL_TIM_Base_MspInit  tim.o
    0x08004166   0x08004166   0x00000002   PAD
    0x08004168   0x08004168   0x00000040   Code   RO         1198    .text.HAL_TIM_Base_Start  stm32f4xx_hal_tim.o
    0x080041a8   0x080041a8   0x0000003c   Code   RO         1202    .text.HAL_TIM_Base_Start_IT  stm32f4xx_hal_tim.o
    0x080041e4   0x080041e4   0x0000019e   Code   RO         1376    .text.HAL_TIM_ConfigClockSource  stm32f4xx_hal_tim.o
    0x08004382   0x08004382   0x00000002   PAD
    0x08004384   0x08004384   0x00000072   Code   RO          217    .text.HAL_TIM_MspPostInit  tim.o
    0x080043f6   0x080043f6   0x00000002   PAD
    0x080043f8   0x080043f8   0x00000160   Code   RO         1354    .text.HAL_TIM_PWM_ConfigChannel  stm32f4xx_hal_tim.o
    0x08004558   0x08004558   0x00000066   Code   RO         1242    .text.HAL_TIM_PWM_Init  stm32f4xx_hal_tim.o
    0x080045be   0x080045be   0x00000002   PAD
    0x080045c0   0x080045c0   0x0000000c   Code   RO         1244    .text.HAL_TIM_PWM_MspInit  stm32f4xx_hal_tim.o
    0x080045cc   0x080045cc   0x00000090   Code   RO         1250    .text.HAL_TIM_PWM_Start  stm32f4xx_hal_tim.o
    0x0800465c   0x0800465c   0x0000000c   Code   RO         1592    .text.HAL_UART_ErrorCallback  stm32f4xx_hal_uart.o
    0x08004668   0x08004668   0x00000220   Code   RO         1586    .text.HAL_UART_IRQHandler  stm32f4xx_hal_uart.o
    0x08004888   0x08004888   0x000000a6   Code   RO         1510    .text.HAL_UART_Init  stm32f4xx_hal_uart.o
    0x0800492e   0x0800492e   0x00000002   PAD
    0x08004930   0x08004930   0x00000104   Code   RO          236    .text.HAL_UART_MspInit  usart.o
    0x08004a34   0x08004a34   0x000000d0   Code   RO         1534    .text.HAL_UART_Receive_IT  stm32f4xx_hal_uart.o
    0x08004b04   0x08004b04   0x00000036   Code   RO         1839    .text.HAL_UART_RxCpltCallback  my_uart.o
    0x08004b3a   0x08004b3a   0x00000002   PAD
    0x08004b3c   0x08004b3c   0x00000180   Code   RO         1526    .text.HAL_UART_Transmit  stm32f4xx_hal_uart.o
    0x08004cbc   0x08004cbc   0x0000000c   Code   RO         1598    .text.HAL_UART_TxCpltCallback  stm32f4xx_hal_uart.o
    0x08004cc8   0x08004cc8   0x00000004   Code   RO          251    .text.HardFault_Handler  stm32f4xx_it.o
    0x08004ccc   0x08004ccc   0x000000ae   Code   RO         1679    .text.LCD_Clear     ili93xx.o
    0x08004d7a   0x08004d7a   0x00000002   PAD
    0x08004d7c   0x08004d7c   0x00000218   Code   RO         1673    .text.LCD_Display_Dir  ili93xx.o
    0x08004f94   0x08004f94   0x0000003a   Code   RO         1669    .text.LCD_DrawPoint  ili93xx.o
    0x08004fce   0x08004fce   0x00000002   PAD
    0x08004fd0   0x08004fd0   0x000001da   Code   RO         1671    .text.LCD_Fast_DrawPoint  ili93xx.o
    0x080051aa   0x080051aa   0x00000002   PAD
    0x080051ac   0x080051ac   0x00000016   Code   RO         1647    .text.LCD_RD_DATA   ili93xx.o
    0x080051c2   0x080051c2   0x00000002   PAD
    0x080051c4   0x080051c4   0x00000022   Code   RO         1651    .text.LCD_ReadReg   ili93xx.o
    0x080051e6   0x080051e6   0x00000002   PAD
    0x080051e8   0x080051e8   0x0000043c   Code   RO         1667    .text.LCD_Scan_Dir  ili93xx.o
    0x08005624   0x08005624   0x000001ae   Code   RO         1661    .text.LCD_SetCursor  ili93xx.o
    0x080057d2   0x080057d2   0x00000002   PAD
    0x080057d4   0x080057d4   0x000001b0   Code   RO         1691    .text.LCD_ShowChar  ili93xx.o
    0x08005984   0x08005984   0x000000f2   Code   RO         1699    .text.LCD_ShowString  ili93xx.o
    0x08005a76   0x08005a76   0x00000002   PAD
    0x08005a78   0x08005a78   0x00000022   Code   RO         1645    .text.LCD_WR_DATA   ili93xx.o
    0x08005a9a   0x08005a9a   0x00000002   PAD
    0x08005a9c   0x08005a9c   0x00000024   Code   RO         1643    .text.LCD_WR_REG    ili93xx.o
    0x08005ac0   0x08005ac0   0x00000016   Code   RO         1653    .text.LCD_WriteRAM_Prepare  ili93xx.o
    0x08005ad6   0x08005ad6   0x00000002   PAD
    0x08005ad8   0x08005ad8   0x00000030   Code   RO         1649    .text.LCD_WriteReg  ili93xx.o
    0x08005b08   0x08005b08   0x0000005e   Code   RO         1707    .text.Lcd_Clear     ili93xx.o
    0x08005b66   0x08005b66   0x00000002   PAD
    0x08005b68   0x08005b68   0x00000082   Code   RO           34    .text.MX_ADC1_Init  adc.o
    0x08005bea   0x08005bea   0x00000002   PAD
    0x08005bec   0x08005bec   0x00000082   Code   RO           36    .text.MX_ADC2_Init  adc.o
    0x08005c6e   0x08005c6e   0x00000002   PAD
    0x08005c70   0x08005c70   0x00000058   Code   RO           54    .text.MX_DAC_Init   dac.o
    0x08005cc8   0x08005cc8   0x00000052   Code   RO           69    .text.MX_DMA_Init   dma.o
    0x08005d1a   0x08005d1a   0x00000002   PAD
    0x08005d1c   0x08005d1c   0x00000022   Code   RO          150    .text.MX_FATFS_Init  fatfs.o
    0x08005d3e   0x08005d3e   0x00000002   PAD
    0x08005d40   0x08005d40   0x000000b2   Code   RO          166    .text.MX_FSMC_Init  fsmc.o
    0x08005df2   0x08005df2   0x00000002   PAD
    0x08005df4   0x08005df4   0x00000160   Code   RO           25    .text.MX_GPIO_Init  gpio.o
    0x08005f54   0x08005f54   0x00000026   Code   RO          187    .text.MX_SDIO_SD_Init  sdio.o
    0x08005f7a   0x08005f7a   0x00000002   PAD
    0x08005f7c   0x08005f7c   0x00000086   Code   RO          211    .text.MX_TIM2_Init  tim.o
    0x08006002   0x08006002   0x00000002   PAD
    0x08006004   0x08006004   0x0000008c   Code   RO          213    .text.MX_TIM3_Init  tim.o
    0x08006090   0x08006090   0x000000ec   Code   RO          215    .text.MX_TIM4_Init  tim.o
    0x0800617c   0x0800617c   0x00000040   Code   RO          234    .text.MX_USART1_UART_Init  usart.o
    0x080061bc   0x080061bc   0x00000004   Code   RO          253    .text.MemManage_Handler  stm32f4xx_it.o
    0x080061c0   0x080061c0   0x00000002   Code   RO          249    .text.NMI_Handler   stm32f4xx_it.o
    0x080061c2   0x080061c2   0x00000002   PAD
    0x080061c4   0x080061c4   0x00000080   Code   RO          681    .text.NVIC_EncodePriority  stm32f4xx_hal_cortex.o
    0x08006244   0x08006244   0x00000002   Code   RO          263    .text.PendSV_Handler  stm32f4xx_it.o
    0x08006246   0x08006246   0x00000002   PAD
    0x08006248   0x08006248   0x0000006c   Code   RO         1018    .text.SDIO_ConfigData  stm32f4xx_ll_sdmmc.o
    0x080062b4   0x080062b4   0x00000012   Code   RO         1014    .text.SDIO_GetCommandResponse  stm32f4xx_ll_sdmmc.o
    0x080062c6   0x080062c6   0x00000002   PAD
    0x080062c8   0x080062c8   0x00000014   Code   RO         1010    .text.SDIO_GetPowerState  stm32f4xx_ll_sdmmc.o
    0x080062dc   0x080062dc   0x00000024   Code   RO         1016    .text.SDIO_GetResponse  stm32f4xx_ll_sdmmc.o
    0x08006300   0x08006300   0x00000070   Code   RO         1000    .text.SDIO_Init     stm32f4xx_ll_sdmmc.o
    0x08006370   0x08006370   0x00000014   Code   RO         1006    .text.SDIO_PowerState_ON  stm32f4xx_ll_sdmmc.o
    0x08006384   0x08006384   0x00000012   Code   RO         1002    .text.SDIO_ReadFIFO  stm32f4xx_ll_sdmmc.o
    0x08006396   0x08006396   0x00000002   PAD
    0x08006398   0x08006398   0x00000064   Code   RO         1012    .text.SDIO_SendCommand  stm32f4xx_ll_sdmmc.o
    0x080063fc   0x080063fc   0x0000001e   Code   RO         1004    .text.SDIO_WriteFIFO  stm32f4xx_ll_sdmmc.o
    0x0800641a   0x0800641a   0x00000002   PAD
    0x0800641c   0x0800641c   0x00000052   Code   RO         1060    .text.SDMMC_CmdAppCommand  stm32f4xx_ll_sdmmc.o
    0x0800646e   0x0800646e   0x00000002   PAD
    0x08006470   0x08006470   0x0000004e   Code   RO         1062    .text.SDMMC_CmdAppOperCommand  stm32f4xx_ll_sdmmc.o
    0x080064be   0x080064be   0x00000002   PAD
    0x080064c0   0x080064c0   0x00000052   Code   RO         1026    .text.SDMMC_CmdBlockLength  stm32f4xx_ll_sdmmc.o
    0x08006512   0x08006512   0x00000002   PAD
    0x08006514   0x08006514   0x00000038   Code   RO         1052    .text.SDMMC_CmdGoIdleState  stm32f4xx_ll_sdmmc.o
    0x0800654c   0x0800654c   0x00000040   Code   RO         1056    .text.SDMMC_CmdOperCond  stm32f4xx_ll_sdmmc.o
    0x0800658c   0x0800658c   0x00000052   Code   RO         1032    .text.SDMMC_CmdReadMultiBlock  stm32f4xx_ll_sdmmc.o
    0x080065de   0x080065de   0x00000002   PAD
    0x080065e0   0x080065e0   0x00000052   Code   RO         1030    .text.SDMMC_CmdReadSingleBlock  stm32f4xx_ll_sdmmc.o
    0x08006632   0x08006632   0x00000002   PAD
    0x08006634   0x08006634   0x00000056   Code   RO         1050    .text.SDMMC_CmdSelDesel  stm32f4xx_ll_sdmmc.o
    0x0800668a   0x0800668a   0x00000002   PAD
    0x0800668c   0x0800668c   0x0000003c   Code   RO         1070    .text.SDMMC_CmdSendCID  stm32f4xx_ll_sdmmc.o
    0x080066c8   0x080066c8   0x00000042   Code   RO         1074    .text.SDMMC_CmdSendCSD  stm32f4xx_ll_sdmmc.o
    0x0800670a   0x0800670a   0x00000002   PAD
    0x0800670c   0x0800670c   0x00000052   Code   RO         1080    .text.SDMMC_CmdSendStatus  stm32f4xx_ll_sdmmc.o
    0x0800675e   0x0800675e   0x00000002   PAD
    0x08006760   0x08006760   0x0000004e   Code   RO         1076    .text.SDMMC_CmdSetRelAdd  stm32f4xx_ll_sdmmc.o
    0x080067ae   0x080067ae   0x00000002   PAD
    0x080067b0   0x080067b0   0x00000048   Code   RO         1048    .text.SDMMC_CmdStopTransfer  stm32f4xx_ll_sdmmc.o
    0x080067f8   0x080067f8   0x00000052   Code   RO         1036    .text.SDMMC_CmdWriteMultiBlock  stm32f4xx_ll_sdmmc.o
    0x0800684a   0x0800684a   0x00000002   PAD
    0x0800684c   0x0800684c   0x00000052   Code   RO         1034    .text.SDMMC_CmdWriteSingleBlock  stm32f4xx_ll_sdmmc.o
    0x0800689e   0x0800689e   0x00000002   PAD
    0x080068a0   0x080068a0   0x00000064   Code   RO         1054    .text.SDMMC_GetCmdError  stm32f4xx_ll_sdmmc.o
    0x08006904   0x08006904   0x0000021c   Code   RO         1028    .text.SDMMC_GetCmdResp1  stm32f4xx_ll_sdmmc.o
    0x08006b20   0x08006b20   0x00000094   Code   RO         1072    .text.SDMMC_GetCmdResp2  stm32f4xx_ll_sdmmc.o
    0x08006bb4   0x08006bb4   0x0000007c   Code   RO         1064    .text.SDMMC_GetCmdResp3  stm32f4xx_ll_sdmmc.o
    0x08006c30   0x08006c30   0x00000106   Code   RO         1078    .text.SDMMC_GetCmdResp6  stm32f4xx_ll_sdmmc.o
    0x08006d36   0x08006d36   0x00000002   PAD
    0x08006d38   0x08006d38   0x00000088   Code   RO         1058    .text.SDMMC_GetCmdResp7  stm32f4xx_ll_sdmmc.o
    0x08006dc0   0x08006dc0   0x00000042   Code   RO          138    .text.SD_CheckStatus  sd_diskio.o
    0x08006e02   0x08006e02   0x00000002   PAD
    0x08006e04   0x08006e04   0x00000196   Code   RO         1104    .text.SD_InitCard   stm32f4xx_hal_sd.o
    0x08006f9a   0x08006f9a   0x00000002   PAD
    0x08006f9c   0x08006f9c   0x0000016c   Code   RO         1102    .text.SD_PowerON    stm32f4xx_hal_sd.o
    0x08007108   0x08007108   0x00000062   Code   RO         1172    .text.SD_SendStatus  stm32f4xx_hal_sd.o
    0x0800716a   0x0800716a   0x00000002   PAD
    0x0800716c   0x0800716c   0x00000046   Code   RO          128    .text.SD_initialize  sd_diskio.o
    0x080071b2   0x080071b2   0x00000002   PAD
    0x080071b4   0x080071b4   0x000000c0   Code   RO          136    .text.SD_ioctl      sd_diskio.o
    0x08007274   0x08007274   0x0000005a   Code   RO          132    .text.SD_read       sd_diskio.o
    0x080072ce   0x080072ce   0x00000002   PAD
    0x080072d0   0x080072d0   0x00000018   Code   RO          130    .text.SD_status     sd_diskio.o
    0x080072e8   0x080072e8   0x0000005a   Code   RO          134    .text.SD_write      sd_diskio.o
    0x08007342   0x08007342   0x00000002   PAD
    0x08007344   0x08007344   0x00000002   Code   RO          259    .text.SVC_Handler   stm32f4xx_it.o
    0x08007346   0x08007346   0x00000002   PAD
    0x08007348   0x08007348   0x0000005a   Code   RO          697    .text.SysTick_Config  stm32f4xx_hal_cortex.o
    0x080073a2   0x080073a2   0x00000002   PAD
    0x080073a4   0x080073a4   0x00000008   Code   RO          265    .text.SysTick_Handler  stm32f4xx_it.o
    0x080073ac   0x080073ac   0x000000c6   Code   RO           13    .text.SystemClock_Config  main.o
    0x08007472   0x08007472   0x00000002   PAD
    0x08007474   0x08007474   0x0000006e   Code   RO         1628    .text.SystemInit    system_stm32f4xx.o
    0x080074e2   0x080074e2   0x00000002   PAD
    0x080074e4   0x080074e4   0x00000498   Code   RO         1677    .text.TFTLCD_Init   ili93xx.o
    0x0800797c   0x0800797c   0x000001a2   Code   RO         1192    .text.TIM_Base_SetConfig  stm32f4xx_hal_tim.o
    0x08007b1e   0x08007b1e   0x00000002   PAD
    0x08007b20   0x08007b20   0x0000004a   Code   RO         1226    .text.TIM_CCxChannelCmd  stm32f4xx_hal_tim.o
    0x08007b6a   0x08007b6a   0x00000002   PAD
    0x08007b6c   0x08007b6c   0x0000004a   Code   RO         1374    .text.TIM_ETR_SetConfig  stm32f4xx_hal_tim.o
    0x08007bb6   0x08007bb6   0x00000002   PAD
    0x08007bb8   0x08007bb8   0x00000032   Code   RO         1380    .text.TIM_ITRx_SetConfig  stm32f4xx_hal_tim.o
    0x08007bea   0x08007bea   0x00000002   PAD
    0x08007bec   0x08007bec   0x000000f2   Code   RO         1336    .text.TIM_OC1_SetConfig  stm32f4xx_hal_tim.o
    0x08007cde   0x08007cde   0x00000002   PAD
    0x08007ce0   0x08007ce0   0x000000fc   Code   RO         1338    .text.TIM_OC2_SetConfig  stm32f4xx_hal_tim.o
    0x08007ddc   0x08007ddc   0x000000fa   Code   RO         1340    .text.TIM_OC3_SetConfig  stm32f4xx_hal_tim.o
    0x08007ed6   0x08007ed6   0x00000002   PAD
    0x08007ed8   0x08007ed8   0x000000ac   Code   RO         1342    .text.TIM_OC4_SetConfig  stm32f4xx_hal_tim.o
    0x08007f84   0x08007f84   0x00000062   Code   RO         1378    .text.TIM_TI1_ConfigInputStage  stm32f4xx_hal_tim.o
    0x08007fe6   0x08007fe6   0x00000002   PAD
    0x08007fe8   0x08007fe8   0x00000064   Code   RO         1382    .text.TIM_TI2_ConfigInputStage  stm32f4xx_hal_tim.o
    0x0800804c   0x0800804c   0x00000024   Code   RO         1590    .text.UART_DMAAbortOnError  stm32f4xx_hal_uart.o
    0x08008070   0x08008070   0x0000002c   Code   RO         1558    .text.UART_EndRxTransfer  stm32f4xx_hal_uart.o
    0x0800809c   0x0800809c   0x0000002a   Code   RO         1596    .text.UART_EndTransmit_IT  stm32f4xx_hal_uart.o
    0x080080c6   0x080080c6   0x00000002   PAD
    0x080080c8   0x080080c8   0x000000f8   Code   RO         1588    .text.UART_Receive_IT  stm32f4xx_hal_uart.o
    0x080081c0   0x080081c0   0x00000468   Code   RO         1514    .text.UART_SetConfig  stm32f4xx_hal_uart.o
    0x08008628   0x08008628   0x000000a8   Code   RO         1594    .text.UART_Transmit_IT  stm32f4xx_hal_uart.o
    0x080086d0   0x080086d0   0x000000bc   Code   RO         1528    .text.UART_WaitOnFlagUntilTimeout  stm32f4xx_hal_uart.o
    0x0800878c   0x0800878c   0x00000010   Code   RO          269    .text.USART1_IRQHandler  stm32f4xx_it.o
    0x0800879c   0x0800879c   0x00000004   Code   RO          257    .text.UsageFault_Handler  stm32f4xx_it.o
    0x080087a0   0x080087a0   0x000000a6   Code   RO         1728    .text.UserMain      usermain.o
    0x08008846   0x08008846   0x00000002   PAD
    0x08008848   0x08008848   0x00000050   Code   RO         1760    .text.User_AdcInit  useradc.o
    0x08008898   0x08008898   0x00000036   Code   RO          685    .text.__NVIC_EnableIRQ  stm32f4xx_hal_cortex.o
    0x080088ce   0x080088ce   0x00000002   PAD
    0x080088d0   0x080088d0   0x00000010   Code   RO          677    .text.__NVIC_GetPriorityGrouping  stm32f4xx_hal_cortex.o
    0x080088e0   0x080088e0   0x0000004a   Code   RO          679    .text.__NVIC_SetPriority  stm32f4xx_hal_cortex.o
    0x0800892a   0x0800892a   0x00000002   PAD
    0x0800892c   0x0800892c   0x00000040   Code   RO          673    .text.__NVIC_SetPriorityGrouping  stm32f4xx_hal_cortex.o
    0x0800896c   0x0800896c   0x000000c6   Code   RO         2004    .text.check_fs      ff.o
    0x08008a32   0x08008a32   0x00000002   PAD
    0x08008a34   0x08008a34   0x0000004c   Code   RO         1884    .text.clear_lock    ff.o
    0x08008a80   0x08008a80   0x00000056   Code   RO         1862    .text.disk_initialize  diskio.o
    0x08008ad6   0x08008ad6   0x00000002   PAD
    0x08008ad8   0x08008ad8   0x00000056   Code   RO         1864    .text.disk_read     diskio.o
    0x08008b2e   0x08008b2e   0x00000002   PAD
    0x08008b30   0x08008b30   0x00000032   Code   RO         1860    .text.disk_status   diskio.o
    0x08008b62   0x08008b62   0x00000002   PAD
    0x08008b64   0x08008b64   0x00000056   Code   RO         1866    .text.disk_write    diskio.o
    0x08008bba   0x08008bba   0x00000002   PAD
    0x08008bbc   0x08008bbc   0x000000be   Code   RO         1880    .text.f_mount       ff.o
    0x08008c7a   0x08008c7a   0x00000002   PAD
    0x08008c7c   0x08008c7c   0x00000524   Code   RO         1886    .text.find_volume   ff.o
    0x080091a0   0x080091a0   0x0000003c   Code   RO         1835    .text.fputc         my_uart.o
    0x080091dc   0x080091dc   0x000000b0   Code   RO         1882    .text.get_ldnumber  ff.o
    0x0800928c   0x0800928c   0x00000038   Code   RO         1910    .text.ld_dword      ff.o
    0x080092c4   0x080092c4   0x00000028   Code   RO         1970    .text.ld_word       ff.o
    0x080092ec   0x080092ec   0x0000004a   Code   RO           11    .text.main          main.o
    0x08009336   0x08009336   0x00000002   PAD
    0x08009338   0x08009338   0x00000070   Code   RO         1906    .text.move_window   ff.o
    0x080093a8   0x080093a8   0x000000a0   Code   RO         1980    .text.sync_window   ff.o
    0x08009448   0x08009448   0x00000020   Code   RO         2254    i.__0printf         mc_w.l(printfa.o)
    0x08009468   0x08009468   0x0000000e   Code   RO         2372    i.__scatterload_copy  mc_w.l(handlers.o)
    0x08009476   0x08009476   0x00000002   Code   RO         2373    i.__scatterload_null  mc_w.l(handlers.o)
    0x08009478   0x08009478   0x0000000e   Code   RO         2374    i.__scatterload_zeroinit  mc_w.l(handlers.o)
    0x08009486   0x08009486   0x00000002   PAD
    0x08009488   0x08009488   0x00000184   Code   RO         2261    i._fp_digits        mc_w.l(printfa.o)
    0x0800960c   0x0800960c   0x000006dc   Code   RO         2262    i._printf_core      mc_w.l(printfa.o)
    0x08009ce8   0x08009ce8   0x00000024   Code   RO         2263    i._printf_post_padding  mc_w.l(printfa.o)
    0x08009d0c   0x08009d0c   0x0000002e   Code   RO         2264    i._printf_pre_padding  mc_w.l(printfa.o)
    0x08009d3a   0x08009d3a   0x00000010   Data   RO         1633    .rodata.AHBPrescTable  system_stm32f4xx.o
    0x08009d4a   0x08009d4a   0x00000008   Data   RO         1634    .rodata.APBPrescTable  system_stm32f4xx.o
    0x08009d52   0x08009d52   0x00000008   Data   RO          600    .rodata.DMA_CalcBaseAndBitshift.flagBitshiftOffset  stm32f4xx_hal_dma.o
    0x08009d5a   0x08009d5a   0x00000002   PAD
    0x08009d5c   0x08009d5c   0x00000014   Data   RO          140    .rodata.SD_Driver   sd_diskio.o
    0x08009d70   0x08009d70   0x00000474   Data   RO         1709    .rodata.asc2_1206   ili93xx.o
    0x0800a1e4   0x0800a1e4   0x000005f0   Data   RO         1710    .rodata.asc2_1608   ili93xx.o
    0x0800a7d4   0x0800a7d4   0x00000d5c   Data   RO         1711    .rodata.asc2_2412   ili93xx.o
    0x0800b530   0x0800b530   0x00000004   Data   RO         1734    .rodata.str1.1      usermain.o
    0x0800b534   0x0800b534   0x00000025   Data   RO         1852    .rodata.str1.1      sdcard.o
    0x0800b559   0x0800b559   0x00000003   PAD
    0x0800b55c   0x0800b55c   0x00000020   Data   RO         2371    Region$$Table       anon$$obj.o


    Execution Region RW_IRAM1 (Exec base: 0x20000000, Load base: 0x0800b580, Size: 0x00011770, Max: 0x00020000, ABSOLUTE)

    Exec Addr    Load Addr    Size         Type   Attr      Idx    E Section Name        Object

    0x20000000   0x0800b580   0x00000004   Data   RW         2337    .data               mc_w.l(stdout.o)
    0x20000004   0x0800b584   0x00000001   Data   RW          141    .data.Stat          sd_diskio.o
    0x20000005   0x0800b585   0x00000003   PAD
    0x20000008   0x0800b588   0x00000004   Data   RW         1632    .data.SystemCoreClock  system_stm32f4xx.o
    0x2000000c   0x0800b58c   0x00000020   Data   RW         1732    .data.UserMessage   usermain.o
    0x2000002c   0x0800b5ac   0x00000001   Data   RW          798    .data.uwTickFreq    stm32f4xx_hal.o
    0x2000002d   0x0800b5ad   0x00000003   PAD
    0x20000030   0x0800b5b0   0x00000004   Data   RW          797    .data.uwTickPrio    stm32f4xx_hal.o
    0x20000034   0x0800b5b4   0x00000004   PAD
    0x20000038        -       0x00000002   Zero   RW         1751    .bss.ADCValue       automaticdimming.o
    0x2000003a   0x0800b5b4   0x00000002   PAD
    0x2000003c        -       0x00000004   Zero   RW          177    .bss.FSMC_Initialized  fsmc.o
    0x20000040        -       0x00000004   Zero   RW         2028    .bss.FatFs          ff.o
    0x20000044        -       0x00000020   Zero   RW         2032    .bss.Files          ff.o
    0x20000064        -       0x00000002   Zero   RW         2033    .bss.Fsid           ff.o
    0x20000066        -       0x00000002   Zero   RW         1716    .bss.POINT_COLOR    ili93xx.o
    0x20000068        -       0x00000238   Zero   RW          156    .bss.SDFatFS        fatfs.o
    0x200002a0        -       0x00000004   Zero   RW          154    .bss.SDPath         fatfs.o
    0x200002a4        -       0x00000001   Zero   RW         1733    .bss.command        usermain.o
    0x200002a5   0x0800b5b4   0x00000003   PAD
    0x200002a8        -       0x0000000c   Zero   RW         2054    .bss.disk           ff_gen_drv.o
    0x200002b4        -       0x00000048   Zero   RW           42    .bss.hadc1          adc.o
    0x200002fc        -       0x00000048   Zero   RW           43    .bss.hadc2          adc.o
    0x20000344        -       0x00000014   Zero   RW           60    .bss.hdac           dac.o
    0x20000358        -       0x00000060   Zero   RW           44    .bss.hdma_adc1      adc.o
    0x200003b8        -       0x00000060   Zero   RW           45    .bss.hdma_adc2      adc.o
    0x20000418        -       0x00000084   Zero   RW          193    .bss.hsd            sdio.o
    0x2000049c        -       0x00000050   Zero   RW          176    .bss.hsram1         fsmc.o
    0x200004ec        -       0x00000040   Zero   RW          223    .bss.htim2          tim.o
    0x2000052c        -       0x00000040   Zero   RW          224    .bss.htim3          tim.o
    0x2000056c        -       0x00000040   Zero   RW          225    .bss.htim4          tim.o
    0x200005ac        -       0x00000040   Zero   RW          240    .bss.huart1         usart.o
    0x200005ec        -       0x0000000e   Zero   RW         1718    .bss.lcddev         ili93xx.o
    0x200005fa        -       0x00000001   Zero   RW          155    .bss.retSD          fatfs.o
    0x200005fb   0x0800b5b4   0x00000001   PAD
    0x200005fc        -       0x00000004   Zero   RW          799    .bss.uwTick         stm32f4xx_hal.o
    0x20000600        -       0x00011170   Zero   RW            1    STACK               startup_stm32f407xx.o


==============================================================================

Image component sizes


      Code (inc. data)   RO Data    RW Data    ZI Data      Debug   Object Name

       748          0          0          0        336       7245   adc.o
        56          0          0          0          2       3848   automaticdimming.o
       306          0          0          0          0       6720   bsp_driver_sd.o
       230          0          0          0         20       4418   dac.o
       308          0          0          0          0       1755   diskio.o
        82          0          0          0          0       3254   dma.o
        34          0          0          0        573       1835   fatfs.o
      2324          0          0          0         38      38982   ff.o
       174          0          0          0         12       2264   ff_gen_drv.o
       374          0          0          0         84       5267   fsmc.o
       352          0          0          0          0       2193   gpio.o
      4896         24       6080          0         16      13860   ili93xx.o
       274          0          0          0          0       2653   main.o
       114          0          0          0          0       3711   my_uart.o
       532          4         20          1          0       2698   sd_diskio.o
        96          0         37          0          0        948   sdcard.o
       280          0          0          0        132       5118   sdio.o
        36          8        392          0      70000        820   startup_stm32f407xx.o
       296          0          0          5          4       7089   stm32f4xx_hal.o
      2562          0          0          0          0       9883   stm32f4xx_hal_adc.o
        12          0          0          0          0       8191   stm32f4xx_hal_adc_ex.o
       566          0          0          0          0       9489   stm32f4xx_hal_cortex.o
       258          0          0          0          0       6803   stm32f4xx_hal_dac.o
      1982          8          8          0          0       8501   stm32f4xx_hal_dma.o
      1040          0          0          0          0       5104   stm32f4xx_hal_gpio.o
        78          0          0          0          0       1441   stm32f4xx_hal_msp.o
      2602          0          0          0          0       7439   stm32f4xx_hal_rcc.o
      3922          0          0          0          0      21176   stm32f4xx_hal_sd.o
       174          0          0          0          0       7065   stm32f4xx_hal_sram.o
      2980         14          0          0          0      31633   stm32f4xx_hal_tim.o
       160          0          0          0          0      12705   stm32f4xx_hal_tim_ex.o
      3180          0          0          0          0      15514   stm32f4xx_hal_uart.o
       108          0          0          0          0       1382   stm32f4xx_it.o
       434          0          0          0          0       6756   stm32f4xx_ll_fsmc.o
      2906          0          0          0          0      10821   stm32f4xx_ll_sdmmc.o
       110          0         24          4          0       2515   system_stm32f4xx.o
       802          0          0          0        192       6210   tim.o
       324          0          0          0         64       6588   usart.o
        80          0          0          0          0        839   useradc.o
       166          0          4         32          1        862   usermain.o

    ----------------------------------------------------------------------
     36168         58       6602         48      71484     295595   Object Totals
         0          0         32          0          0          0   (incl. Generated)
       210          0          5          6         10          0   (incl. Padding)

    ----------------------------------------------------------------------

      Code (inc. data)   RO Data    RW Data    ZI Data      Debug   Library Member Name

         0          0          0          0          0          0   entry.o
         0          0          0          0          0          0   entry10a.o
         0          0          0          0          0          0   entry11a.o
         8          4          0          0          0          0   entry2.o
         4          0          0          0          0          0   entry5.o
         0          0          0          0          0          0   entry7b.o
         0          0          0          0          0          0   entry8b.o
         8          4          0          0          0          0   entry9a.o
        30          0          0          0          0          0   handlers.o
        36          8          0          0          0         68   init.o
         0          0          0          0          0          0   iusefp.o
        30          0          0          0          0         68   llshl.o
        36          0          0          0          0         68   llsshr.o
        32          0          0          0          0         68   llushr.o
        36          0          0          0          0        108   memseta.o
      2258         90          0          0          0        452   printfa.o
         0          0          0          4          0          0   stdout.o
        44          0          0          0          0         80   uidiv.o
        98          0          0          0          0         92   uldiv.o
        48          0          0          0          0         68   cdrcmple.o
       334          0          0          0          0        148   dadd.o
       222          0          0          0          0        100   ddiv.o
       186          0          0          0          0        176   depilogue.o
        48          0          0          0          0         68   dfixul.o
       228          0          0          0          0         96   dmul.o

    ----------------------------------------------------------------------
      3690        106          0          4          0       1660   Library Totals
         4          0          0          0          0          0   (incl. Padding)

    ----------------------------------------------------------------------

      Code (inc. data)   RO Data    RW Data    ZI Data      Debug   Library Name

      2620        106          0          4          0       1004   mc_w.l
      1066          0          0          0          0        656   mf_w.l

    ----------------------------------------------------------------------
      3690        106          0          4          0       1660   Library Totals

    ----------------------------------------------------------------------

==============================================================================


      Code (inc. data)   RO Data    RW Data    ZI Data      Debug   

     39858        164       6602         52      71484     296019   Grand Totals
     39858        164       6602         52      71484     296019   ELF Image Totals
     39858        164       6602         52          0          0   ROM Totals

==============================================================================

    Total RO  Size (Code + RO Data)                46460 (  45.37kB)
    Total RW  Size (RW Data + ZI Data)             71536 (  69.86kB)
    Total ROM Size (Code + RO Data + RW Data)      46512 (  45.42kB)

==============================================================================

